eeschema (2013-jul-07)-stable  >> Creation date: Tue 09 Jun 2015 12:35:40 AM EDT
#Cmp ( order = Reference )
| C1         10uF        ; 490-10475-1-ND; .142        ;             ;             ;             ;             ;             ;             
| C2         10uF        ; 490-10475-1-ND; .142        ;             ;             ;             ;             ;             ;             
| C3         10uF        ; 490-10475-1-ND; .142        ;             ;             ;             ;             ;             ;             
| C4         1uF         ; 1276-1946-1-ND; .041        ;             ;             ;             ;             ;             ;             
| C5         1u          ; 1276-1946-1-ND; .041        ;             ;             ;             ;             ;             ;             
| C6         .1u         ; 1276-1012-1-ND; .017        ;             ;             ;             ;             ;             ;             
| C7         .1u         ; 1276-1012-1-ND; .01700      ;             ;             ;             ;             ;             ;             
| C8         .1u         ; 1276-2367-1-ND; .079        ;             ;             ;             ;             ;             ;             
| C9         10nF        ; 490-3302-1-ND; .11         ;             ;             ;             ;             ;             ;             
| C10        100uF       ; 445-11682-1-ND; 1.35300     ;             ;             ;             ;             ;             ;             
| C11        5.6pF       ; 1276-1128-1-ND; .04200      ;             ;             ;             ;             ;             ;             
| CN1        10p         ; 445-1875-1-ND; .12         ;             ;             ;             ;             ;             ;             
| D1         20V_500mA   ; 641-1285-1-ND; 0.26600     ;             ;             ;             ;             ;             ;             
| D2         20V_500mA   ; 641-1285-1-ND; 0.26600     ;             ;             ;             ;             ;             ;             
| D3         20V_500mA   ; 641-1285-1-ND; 0.26600     ;             ;             ;             ;             ;             ;             
| D4         20V_500mA   ; 641-1285-1-ND; 0.26600     ;             ;             ;             ;             ;             ;             
| D5         LED-        ; 732-4983-1-ND; .29         ;             ;             ;             ;             ;             ;             
| J1         AVRISP6     ;             ;             ;             ;             ;             ;             ;             ;             
| L1         NP          ;             ;             ;             ;             ;             ;             ;             ;             
| L2         NP          ;             ;             ;             ;             ;             ;             ;             ;             
| P1         WS2812      ;             ;             ;             ;             ;             ;             ;             ;             
| P2         M0          ;             ;             ;             ;             ;             ;             ;             ;             
| P3         M1          ;             ;             ;             ;             ;             ;             ;             ;             
| P4         M2          ;             ;             ;             ;             ;             ;             ;             ;             
| P5         M3          ;             ;             ;             ;             ;             ;             ;             ;             
| P6         ANT         ;             ;             ;             ;             ;             ;             ;             ;             
| P7         ~           ;             ;             ;             ;             ;             ;             ;             ;             
| P8         ~           ;             ;             ;             ;             ;             ;             ;             ;             
| P9         SDA         ;             ;             ;             ;             ;             ;             ;             ;             
| P10        SCL         ;             ;             ;             ;             ;             ;             ;             ;             
| P11        3V          ;             ;             ;             ;             ;             ;             ;             ;             
| P12        GND         ;             ;             ;             ;             ;             ;             ;             ;             
| P13        LED         ;             ;             ;             ;             ;             ;             ;             ;             
| P14        LED         ;             ;             ;             ;             ;             ;             ;             ;             
| P15        LED         ;             ;             ;             ;             ;             ;             ;             ;             
| P16        BAT         ;             ;             ;             ;             ;             ;             ;             ;             
| P17        TOUT        ;             ;             ;             ;             ;             ;             ;             ;             
| P21        B+          ;             ;             ;             ;             ;             ;             ;             ;             
| P24        B-          ;             ;             ;             ;             ;             ;             ;             ;             
| P32        ESP_UART    ;             ;             ;             ;             ;             ;             ;             ;             
| Q1         7A_20V      ; IRLML6244TRPBFCT-ND; 0.287       ;             ;             ;             ;             ;             ;             
| Q2         7A_20V      ; IRLML6244TRPBFCT-ND; 0.287       ;             ;             ;             ;             ;             ;             
| Q3         7A_20V      ; IRLML6244TRPBFCT-ND; .287        ;             ;             ;             ;             ;             ;             
| Q4         7A_20V      ; IRLML6244TRPBFCT-ND; .287        ;             ;             ;             ;             ;             ;             
| R1         12k         ; 1276-4584-1-ND; .011        ;             ;             ;             ;             ;             ;             
| R2         12k         ; 1276-4584-1-ND; .011        ;             ;             ;             ;             ;             ;             
| R3         200         ; 1276-4584-1-ND; .011        ;             ;             ;             ;             ;             ;             
| R4         12k         ; 1276-4584-1-ND; .011        ;             ;             ;             ;             ;             ;             
| R5         NP          ; ~           ; ~           ;             ;             ;             ;             ;             ;             
| RN1        1k          ; Y2561CT-ND  ; 0.17000     ;             ;             ;             ;             ;             ;             
| U1         MCP1824/3.3 ; MCP1824T-3302E/OTCT-ND; .35         ;             ;             ;             ;             ;             ;             
| U2         MCP1824/3.3 ; MCP1824T-3302E/OTCT-ND; .35         ;             ;             ;             ;             ;             ;             
| U3         BMP085      ; N/A         ; 3           ;             ;             ;             ;             ;             ;             
| U4         LSM9DS1     ; 497-14946-1-ND; 5.27000     ;             ;             ;             ;             ;             ;             
| U5         ESP8266EX   ; N/A         ; 4.00        ;             ;             ;             ;             ;             ;             
| U6         W25Q80DV    ; W25Q16DVSNIG-ND; .532        ;             ;             ;             ;             ;             ;             
| U7         ATTINY441-QFN; ATTINY441-MU-ND; 1.48700     ;             ;             ;             ;             ;             ;             
| X1         26MHz       ; SER3627CT-ND; .526        ;             ;             ;             ;             ;             ;             
#End Cmp

#End List
