eeschema (2013-jul-07)-stable  >> Creation date: Mon 22 Jun 2015 05:26:38 PM EDT
#Cmp ( order = Reference )
| C1         5.6pF       ; SM0603      ; 1276-1128-1-ND; .04200      ;             ;             ;             ;             ;             ;             
| C2         10nF        ; SM0603      ; 490-3302-1-ND; .11         ;             ;             ;             ;             ;             ;             
| C3         1u          ; SM0603      ; 1276-1012-1-ND; .01700      ;             ;             ;             ;             ;             ;             
| C4         .1u         ; SM0603      ; 1276-2367-1-ND; .079        ;             ;             ;             ;             ;             ;             
| C5         .1u         ; SM0603      ; 1276-1012-1-ND; .017        ;             ;             ;             ;             ;             ;             
| C6         1u          ; SM0603      ; 1276-1946-1-ND; .041        ;             ;             ;             ;             ;             ;             
| C7         1uF         ; SM0603      ; 1276-1946-1-ND; .041        ;             ;             ;             ;             ;             ;             
| C8         10uF        ; SM0603      ; 490-10475-1-ND; .142        ;             ;             ;             ;             ;             ;             
| C9         10uF        ; SM0805      ; 490-10475-1-ND; .142        ;             ;             ;             ;             ;             ;             
| C10        10uF        ; SM0603      ; 490-10475-1-ND; .142        ;             ;             ;             ;             ;             ;             
| C11        10uF        ; SM0603      ; 490-10475-1-ND; .142        ;             ;             ;             ;             ;             ;             
| C12        100uF       ; SM1206      ; 445-11682-1-ND; 1.35300     ;             ;             ;             ;             ;             ;             
| CN1        10p         ; NETWORK0606 ; 445-1875-1-ND; .12         ;             ;             ;             ;             ;             ;             
| D1         20V_500mA   ; SM0805      ; 641-1285-1-ND; 0.26600     ;             ;             ;             ;             ;             ;             
| D2         20V_500mA   ; SM0805      ; 641-1285-1-ND; 0.26600     ;             ;             ;             ;             ;             ;             
| D3         20V_500mA   ; SM0805      ; 641-1285-1-ND; 0.26600     ;             ;             ;             ;             ;             ;             
| D4         20V_500mA   ; SM0805      ; 641-1285-1-ND; 0.26600     ;             ;             ;             ;             ;             ;             
| D5         LED-        ; SM0805      ; 732-4983-1-ND; .29         ;             ;             ;             ;             ;             ;             
| FB1        FB          ; SM0805      ; 553-2389-1-ND; .034        ;             ;             ;             ;             ;             ;             
| J1         AVRISP6     ; RIBBON6SMT  ;             ;             ;             ;             ;             ;             ;             ;             
| L1         NP          ; SM0603      ;             ;             ;             ;             ;             ;             ;             ;             
| L2         NP          ; SM0603      ;             ;             ;             ;             ;             ;             ;             ;             
| P1         WS2812      ; .1SMTPIN    ;             ;             ;             ;             ;             ;             ;             ;             
| P2         M0          ; SMT_1x2     ;             ;             ;             ;             ;             ;             ;             ;             
| P3         M1          ; SMT_1x2     ;             ;             ;             ;             ;             ;             ;             ;             
| P4         M2          ; SMT_1x2     ;             ;             ;             ;             ;             ;             ;             ;             
| P5         M3          ; SMT_1x2     ;             ;             ;             ;             ;             ;             ;             ;             
| P6         ANT         ; .1SMTPIN    ;             ;             ;             ;             ;             ;             ;             ;             
| P7         ~           ; HOLE-1.9MM  ;             ;             ;             ;             ;             ;             ;             ;             
| P8         ~           ; HOLE-1.9MM  ;             ;             ;             ;             ;             ;             ;             ;             
| P9         SDA         ; .1SMTPIN    ;             ;             ;             ;             ;             ;             ;             ;             
| P10        SCL         ; .1SMTPIN    ;             ;             ;             ;             ;             ;             ;             ;             
| P11        3V          ; .1SMTPIN    ;             ;             ;             ;             ;             ;             ;             ;             
| P12        GND         ; .1SMTPIN    ;             ;             ;             ;             ;             ;             ;             ;             
| P13        LED         ; .1SMTPIN    ;             ;             ;             ;             ;             ;             ;             ;             
| P14        LED         ; .1SMTPIN    ;             ;             ;             ;             ;             ;             ;             ;             
| P15        GND         ; .1SMTPIN    ;             ;             ;             ;             ;             ;             ;             ;             
| P16        FLTBAT      ; .1SMTPIN    ;             ;             ;             ;             ;             ;             ;             ;             
| P17        TOUT        ; .1SMTPIN    ;             ;             ;             ;             ;             ;             ;             ;             
| P18        AVRA0       ; .1SMTPIN    ;             ;             ;             ;             ;             ;             ;             ;             
| P21        B+          ; .1SMTPIN    ;             ;             ;             ;             ;             ;             ;             ;             
| P24        B-          ; .1SMTPIN    ;             ;             ;             ;             ;             ;             ;             ;             
| P32        ESP_UART    ; SMT_1x6     ;             ;             ;             ;             ;             ;             ;             ;             
| Q1         7A_20V      ; SOT23GDS    ; IRLML6244TRPBFCT-ND; 0.287       ;             ;             ;             ;             ;             ;             
| Q2         7A_20V      ; SOT23GDS    ; IRLML6244TRPBFCT-ND; 0.287       ;             ;             ;             ;             ;             ;             
| Q3         7A_20V      ; SOT23GDS    ; IRLML6244TRPBFCT-ND; .287        ;             ;             ;             ;             ;             ;             
| Q4         7A_20V      ; SOT23GDS    ; IRLML6244TRPBFCT-ND; .287        ;             ;             ;             ;             ;             ;             
| R1         12k         ; SM0603      ; 1276-4584-1-ND; .011        ;             ;             ;             ;             ;             ;             
| R2         12k         ; SM0603      ; 1276-4584-1-ND; .011        ;             ;             ;             ;             ;             ;             
| R3         200         ; NP          ; ~           ; ~           ;             ;             ;             ;             ;             ;             
| R4         NP          ; SM0603      ; ~           ; ~           ;             ;             ;             ;             ;             ;             
| R5         NP          ; SM0603      ; ~           ; ~           ;             ;             ;             ;             ;             ;             
| RN1        560         ; NETWORK0606 ; Y2561CT-ND  ; 0.17000     ;             ;             ;             ;             ;             ;             
| RN2        2.7k        ; NETWORK0606 ; Y2272CT-ND  ; 0.17000     ;             ;             ;             ;             ;             ;             
| U1         MCP1824/3.3 ; SOT23-5     ; MCP1824T-3302E/OTCT-ND; .35         ;             ;             ;             ;             ;             ;             
| U2         MCP1824/3.3 ; SOT23-5     ; MCP1824T-3302E/OTCT-ND; .35         ;             ;             ;             ;             ;             ;             
| U3         BMP280      ; BMP280      ; 262-BMP280  ; 2.83        ;             ;             ;             ;             ;             ;             
| U4         LSM9DS1     ; LGA-24B     ; 497-14946-1-ND; 5.27000     ;             ;             ;             ;             ;             ;             
| U5         ESP8266EX   ; QFN32       ; N/A         ; 4.00        ;             ;             ;             ;             ;             ;             
| U6         W25Q80DV    ; SO8E        ; W25Q16DVSNIG-ND; .532        ;             ;             ;             ;             ;             ;             
| U7         ATTINY441-QFN; QFN20       ; ATTINY441-MU-ND; 1.48700     ;             ;             ;             ;             ;             ;             
| X1         26MHz       ; XTAL4P      ; SER3627CT-ND; .526        ;             ;             ;             ;             ;             ;             
#End Cmp

#End List
