Archive member included because of file (symbol)

/home/cnlohr/esp8266/esp_iot_sdk_v1.1.0/lib/libmain.a(eagle_lib.o)
                              /tmp/ccsacupu.o (symbol from plugin) (ets_sprintf)
/home/cnlohr/esp8266/esp_iot_sdk_v1.1.0/lib/libmain.a(ets_timer.o)
                              /tmp/ccsacupu.o (symbol from plugin) (ets_timer_arm_new)
/home/cnlohr/esp8266/esp_iot_sdk_v1.1.0/lib/libmain.a(mem_manager.o)
                              /tmp/ccsacupu.o (symbol from plugin) (pvPortZalloc)
/home/cnlohr/esp8266/esp_iot_sdk_v1.1.0/lib/libmain.a(spi_flash.o)
                              /tmp/ccOyAGGe.o (symbol from plugin) (spi_flash_erase_sector)
/home/cnlohr/esp8266/esp_iot_sdk_v1.1.0/lib/libmain.a(spi_overlap.o)
                              /home/cnlohr/esp8266/esp_iot_sdk_v1.1.0/lib/libmain.a(spi_flash.o) (overlap_hspi_read_data)
/home/cnlohr/esp8266/esp_iot_sdk_v1.1.0/lib/libmain.a(user_interface.o)
                              /home/cnlohr/esp8266/esp_iot_sdk_v1.1.0/lib/libmain.a(ets_timer.o) (timer2_ms_flag)
/home/cnlohr/esp8266/esp_iot_sdk_v1.1.0/lib/libmain.a(debug-vector.o)
                              (_DebugExceptionVector)
/home/cnlohr/esp8266/esp_iot_sdk_v1.1.0/lib/libmain.a(double-vector.o)
                              (_DoubleExceptionVector)
/home/cnlohr/esp8266/esp_iot_sdk_v1.1.0/lib/libmain.a(kernel-vector.o)
                              (_KernelExceptionVector)
/home/cnlohr/esp8266/esp_iot_sdk_v1.1.0/lib/libmain.a(nmi-vector.o)
                              (_NMIExceptionVector)
/home/cnlohr/esp8266/esp_iot_sdk_v1.1.0/lib/libmain.a(user-vector.o)
                              (_UserExceptionVector)
/home/cnlohr/esp8266/esp_iot_sdk_v1.1.0/lib/libmain.a(vector.o)
                              (call_user_start)
/home/cnlohr/esp8266/esp_iot_sdk_v1.1.0/lib/libmain.a(app_main.o)
                              /home/cnlohr/esp8266/esp_iot_sdk_v1.1.0/lib/libmain.a(user_interface.o) (info)
/home/cnlohr/esp8266/esp_iot_sdk_v1.1.0/lib/libmain.a(eagle_lwip_if.o)
                              /home/cnlohr/esp8266/esp_iot_sdk_v1.1.0/lib/libmain.a(user_interface.o) (eagle_lwip_getif)
/home/cnlohr/esp8266/esp_iot_sdk_v1.1.0/lib/libnet80211.a(ieee80211.o)
                              /home/cnlohr/esp8266/esp_iot_sdk_v1.1.0/lib/libmain.a(user_interface.o) (g_ic)
/home/cnlohr/esp8266/esp_iot_sdk_v1.1.0/lib/libnet80211.a(ieee80211_crypto.o)
                              /home/cnlohr/esp8266/esp_iot_sdk_v1.1.0/lib/libnet80211.a(ieee80211.o) (ieee80211_crypto_attach)
/home/cnlohr/esp8266/esp_iot_sdk_v1.1.0/lib/libnet80211.a(ieee80211_hostap.o)
                              /home/cnlohr/esp8266/esp_iot_sdk_v1.1.0/lib/libmain.a(user_interface.o) (wifi_softap_start)
/home/cnlohr/esp8266/esp_iot_sdk_v1.1.0/lib/libnet80211.a(ieee80211_ht.o)
                              /home/cnlohr/esp8266/esp_iot_sdk_v1.1.0/lib/libmain.a(user_interface.o) (ieee80211_ht_attach)
/home/cnlohr/esp8266/esp_iot_sdk_v1.1.0/lib/libnet80211.a(ieee80211_input.o)
                              /home/cnlohr/esp8266/esp_iot_sdk_v1.1.0/lib/libnet80211.a(ieee80211_hostap.o) (ieee80211_decap)
/home/cnlohr/esp8266/esp_iot_sdk_v1.1.0/lib/libnet80211.a(ieee80211_output.o)
                              /home/cnlohr/esp8266/esp_iot_sdk_v1.1.0/lib/libmain.a(eagle_lwip_if.o) (ieee80211_output_pbuf)
/home/cnlohr/esp8266/esp_iot_sdk_v1.1.0/lib/libnet80211.a(ieee80211_phy.o)
                              /home/cnlohr/esp8266/esp_iot_sdk_v1.1.0/lib/libnet80211.a(ieee80211.o) (ieee80211_get_ratetable)
/home/cnlohr/esp8266/esp_iot_sdk_v1.1.0/lib/libnet80211.a(ieee80211_power.o)
                              /home/cnlohr/esp8266/esp_iot_sdk_v1.1.0/lib/libnet80211.a(ieee80211_hostap.o) (ieee80211_psq_init)
/home/cnlohr/esp8266/esp_iot_sdk_v1.1.0/lib/libnet80211.a(ieee80211_proto.o)
                              /home/cnlohr/esp8266/esp_iot_sdk_v1.1.0/lib/libnet80211.a(ieee80211_hostap.o) (ieee80211_addr_bcast)
/home/cnlohr/esp8266/esp_iot_sdk_v1.1.0/lib/libnet80211.a(ieee80211_scan.o)
                              /home/cnlohr/esp8266/esp_iot_sdk_v1.1.0/lib/libmain.a(user_interface.o) (scannum)
/home/cnlohr/esp8266/esp_iot_sdk_v1.1.0/lib/libnet80211.a(ieee80211_sta.o)
                              /home/cnlohr/esp8266/esp_iot_sdk_v1.1.0/lib/libmain.a(user_interface.o) (ieee80211_sta_new_state)
/home/cnlohr/esp8266/esp_iot_sdk_v1.1.0/lib/libnet80211.a(wl_chm.o)
                              /home/cnlohr/esp8266/esp_iot_sdk_v1.1.0/lib/libnet80211.a(ieee80211.o) (chm_init)
/home/cnlohr/esp8266/esp_iot_sdk_v1.1.0/lib/libnet80211.a(wl_cnx.o)
                              /home/cnlohr/esp8266/esp_iot_sdk_v1.1.0/lib/libmain.a(user_interface.o) (sta_con_timer)
/home/cnlohr/esp8266/esp_iot_sdk_v1.1.0/lib/libnet80211.a(ieee80211_action.o)
                              /home/cnlohr/esp8266/esp_iot_sdk_v1.1.0/lib/libnet80211.a(ieee80211_ht.o) (ieee80211_send_action_register)
/home/cnlohr/esp8266/esp_iot_sdk_v1.1.0/lib/libnet80211.a(ieee80211_ets.o)
[...]
Memory Configuration

Name             Origin             Length             Attributes
dport0_0_seg     0x000000003ff00000 0x0000000000000010
dram0_0_seg      0x000000003ffe8000 0x0000000000014000
iram1_0_seg      0x0000000040100000 0x0000000000008000
irom0_0_seg      0x0000000040240000 0x000000000003c000
*default*        0x0000000000000000 0xffffffffffffffff

Linker script and memory map

LOAD /tmp/ccN8983n.o
LOAD /tmp/cc9G7XRz.ltrans0.ltrans.o
LOAD /tmp/cc9G7XRz.ltrans1.ltrans.o
LOAD /tmp/cc9G7XRz.ltrans2.ltrans.o
LOAD /tmp/ccKgR6KK.o
LOAD /tmp/ccr2eJw7.o
LOAD /tmp/ccsacupu.o
LOAD /tmp/ccfxVQnR.o
LOAD /tmp/ccOyAGGe.o
LOAD /tmp/ccXYpwcC.o
LOAD /tmp/ccuP8tMZ.o
LOAD /tmp/cc7Oaqrn.o
LOAD /tmp/ccw1RzeL.o
LOAD /tmp/ccjGJc78.o
LOAD /tmp/cciTKr3w.o
LOAD /home/cnlohr/esp8266/esp-open-sdk/xtensa-lx106-elf/lib/gcc/xtensa-lx106-elf/4.8.2/libgcc.a
LOAD /home/cnlohr/esp8266/esp_iot_sdk_v1.1.0/lib/libmain.a
LOAD /home/cnlohr/esp8266/esp_iot_sdk_v1.1.0/lib/libnet80211.a
LOAD /home/cnlohr/esp8266/esp_iot_sdk_v1.1.0/lib/liblwip.a
LOAD /home/cnlohr/esp8266/esp_iot_sdk_v1.1.0/lib/libwpa.a
LOAD /home/cnlohr/esp8266/esp_iot_sdk_v1.1.0/lib/libnet80211.a
LOAD /home/cnlohr/esp8266/esp_iot_sdk_v1.1.0/lib/libphy.a
LOAD /home/cnlohr/esp8266/esp_iot_sdk_v1.1.0/lib/libpp.a
LOAD /home/cnlohr/esp8266/esp-open-sdk/xtensa-lx106-elf/lib/gcc/xtensa-lx106-elf/4.8.2/libgcc.a
                0x0000000040000000                PROVIDE (_memmap_vecbase_reset, 0x40000000)
                0x0000000000000110                _memmap_cacheattr_wb_base = 0x110
                0x0000000000000110                _memmap_cacheattr_wt_base = 0x110
                0x0000000000000220                _memmap_cacheattr_bp_base = 0x220
                0x00000000fffff00f                _memmap_cacheattr_unused_mask = 0xfffff00f
                0x000000002222211f                _memmap_cacheattr_wb_trapnull = 0x2222211f
                0x000000002222211f                _memmap_cacheattr_wba_trapnull = 0x2222211f
                0x000000002222211f                _memmap_cacheattr_wbna_trapnull = 0x2222211f
                0x000000002222211f                _memmap_cacheattr_wt_trapnull = 0x2222211f
                0x000000002222222f                _memmap_cacheattr_bp_trapnull = 0x2222222f
                0x00000000fffff11f                _memmap_cacheattr_wb_strict = 0xfffff11f
                0x00000000fffff11f                _memmap_cacheattr_wt_strict = 0xfffff11f
                0x00000000fffff22f                _memmap_cacheattr_bp_strict = 0xfffff22f
                0x0000000022222112                _memmap_cacheattr_wb_allvalid = 0x22222112
                0x0000000022222112                _memmap_cacheattr_wt_allvalid = 0x22222112
                0x0000000022222222                _memmap_cacheattr_bp_allvalid = 0x22222222
                0x000000002222211f                PROVIDE (_memmap_cacheattr_reset, _memmap_cacheattr_wb_trapnull)

.dport0.rodata  0x000000003ff00000        0x0
                0x000000003ff00000                _dport0_rodata_start = ABSOLUTE (.)
 *(.dport0.rodata)
 *(.dport.rodata)
                0x000000003ff00000                _dport0_rodata_end = ABSOLUTE (.)

.dport0.literal
                0x000000003ff00000        0x0
                0x000000003ff00000                _dport0_literal_start = ABSOLUTE (.)
 *(.dport0.literal)
 *(.dport.literal)
                0x000000003ff00000                _dport0_literal_end = ABSOLUTE (.)

.dport0.data    0x000000003ff00000        0x0
                0x000000003ff00000                _dport0_data_start = ABSOLUTE (.)
 *(.dport0.data)
 *(.dport.data)
                0x000000003ff00000                _dport0_data_end = ABSOLUTE (.)

.data           0x000000003ffe8000      0x534
                0x000000003ffe8000                _data_start = ABSOLUTE (.)
 *(.data)
 .data          0x000000003ffe8000        0x4 /tmp/cc9G7XRz.ltrans1.ltrans.o
                0x000000003ffe8000                bus_online
 .data          0x000000003ffe8004        0x5 /home/cnlohr/esp8266/esp_iot_sdk_v1.1.0/lib/libmain.a(user_interface.o)
                0x000000003ffe8005                timer2_ms_flag
                0x000000003ffe8006                dhcps_flag
                0x000000003ffe8007                dhcpc_flag
                0x000000003ffe8008                reconnect_internal
 .data          0x000000003ffe8009        0x4 /home/cnlohr/esp8266/esp_iot_sdk_v1.1.0/lib/libmain.a(nmi-vector.o)
                0x000000003ffe8009                _Pri_3_HandlerAddress
 *fill*         0x000000003ffe800d        0x3 
 .data          0x000000003ffe8010        0x1 /home/cnlohr/esp8266/esp_iot_sdk_v1.1.0/lib/libmain.a(app_main.o)
 *fill*         0x000000003ffe8011        0x3 
 .data          0x000000003ffe8014      0x1a8 /home/cnlohr/esp8266/esp_iot_sdk_v1.1.0/lib/libnet80211.a(ieee80211_phy.o)
 *fill*         0x000000003ffe81bc        0x4 
 .data          0x000000003ffe81c0        0x6 /home/cnlohr/esp8266/esp_iot_sdk_v1.1.0/lib/libnet80211.a(ieee80211_proto.o)
                0x000000003ffe81c0                ieee80211_addr_bcast
 *fill*         0x000000003ffe81c6        0x2 
 .data          0x000000003ffe81c8       0x1c /home/cnlohr/esp8266/esp_iot_sdk_v1.1.0/lib/libnet80211.a(ieee80211_action.o)
 .data          0x000000003ffe81e4        0x4 /home/cnlohr/esp8266/esp_iot_sdk_v1.1.0/lib/liblwip.a(dhcp.o)
 .data          0x000000003ffe81e8        0x8 /home/cnlohr/esp8266/esp_iot_sdk_v1.1.0/lib/liblwip.a(dhcpserver.o)
 .data          0x000000003ffe81f0        0x8 /home/cnlohr/esp8266/esp_iot_sdk_v1.1.0/lib/liblwip.a(tcp.o)
 .data          0x000000003ffe81f8       0x18 /home/cnlohr/esp8266/esp_iot_sdk_v1.1.0/lib/libnet80211.a(ieee80211_crypto_ccmp.o)
                0x000000003ffe81f8                ccmp
 .data          0x000000003ffe8210       0x18 /home/cnlohr/esp8266/esp_iot_sdk_v1.1.0/lib/libnet80211.a(ieee80211_crypto_tkip.o)
                0x000000003ffe8210                tkip
 .data          0x000000003ffe8228       0x18 /home/cnlohr/esp8266/esp_iot_sdk_v1.1.0/lib/libnet80211.a(ieee80211_crypto_wep.o)
                0x000000003ffe8228                wep
 .data          0x000000003ffe8240       0x53 /home/cnlohr/esp8266/esp_iot_sdk_v1.1.0/lib/libphy.a(phy_chip_v6.o)
                0x000000003ffe8242                tx_rf_ana_gain
                0x000000003ffe8264                tx_pwctrl_atten_init_en
                0x000000003ffe8270                rx_gain_swp
                0x000000003ffe8290                test_rffreq_txcap
 *fill*         0x000000003ffe8293        0x1 
 .data          0x000000003ffe8294        0x4 /home/cnlohr/esp8266/esp_iot_sdk_v1.1.0/lib/libphy.a(phy_sleep.o)
                0x000000003ffe8294                chip_version
 .data          0x000000003ffe8298        0x1 /home/cnlohr/esp8266/esp_iot_sdk_v1.1.0/lib/libpp.a(pm.o)
 *fill*         0x000000003ffe8299        0x3 
 .data          0x000000003ffe829c       0x18 /home/cnlohr/esp8266/esp_iot_sdk_v1.1.0/lib/libpp.a(pp.o)
                0x000000003ffe829c                soft_wdt_interval
                0x000000003ffe82a0                NoiseTimerInterval
                0x000000003ffe82a8                sleep_start_wait_time
                0x000000003ffe82b0                tcb
 *fill*         0x000000003ffe82b4        0xc 
 .data          0x000000003ffe82c0       0x40 /home/cnlohr/esp8266/esp_iot_sdk_v1.1.0/lib/libpp.a(rate_control.o)
 .data          0x000000003ffe8300      0x22c /home/cnlohr/esp8266/esp_iot_sdk_v1.1.0/lib/libpp.a(trc.o)
 .data          0x000000003ffe852c        0x8 /home/cnlohr/esp8266/esp_iot_sdk_v1.1.0/lib/libpp.a(wdev.o)
 *(.data.*)
 *(.gnu.linkonce.d.*)
 *(.data1)
 *(.sdata)
 *(.sdata.*)
 *(.gnu.linkonce.s.*)
 *(.sdata2)
 *(.sdata2.*)
 *(.gnu.linkonce.s2.*)
 *(.jcr)
                0x000000003ffe8534                _data_end = ABSOLUTE (.)

.rodata         0x000000003ffe8540      0x9ec
                0x000000003ffe8540                _rodata_start = ABSOLUTE (.)
 *(.rodata)
 .rodata        0x000000003ffe8540      0x108 /tmp/cc9G7XRz.ltrans0.ltrans.o
 .rodata        0x000000003ffe8648       0x40 /tmp/cc9G7XRz.ltrans1.ltrans.o
                0x000000003ffe8684                GlobalRewriteFlash
 .rodata        0x000000003ffe8688        0x8 /home/cnlohr/esp8266/esp_iot_sdk_v1.1.0/lib/libmain.a(eagle_lib.o)
 .rodata        0x000000003ffe8690        0x2 /home/cnlohr/esp8266/esp_iot_sdk_v1.1.0/lib/libmain.a(mem_manager.o)
 *fill*         0x000000003ffe8692        0x2 
 .rodata        0x000000003ffe8694        0x4 /home/cnlohr/esp8266/esp_iot_sdk_v1.1.0/lib/libnet80211.a(ieee80211_hostap.o)
 .rodata        0x000000003ffe8698        0x4 /home/cnlohr/esp8266/esp_iot_sdk_v1.1.0/lib/libnet80211.a(ieee80211_output.o)
 *fill*         0x000000003ffe869c        0x4 
 .rodata        0x000000003ffe86a0       0x70 /home/cnlohr/esp8266/esp_iot_sdk_v1.1.0/lib/libnet80211.a(ieee80211_proto.o)
 .rodata        0x000000003ffe8710        0x8 /home/cnlohr/esp8266/esp_iot_sdk_v1.1.0/lib/libnet80211.a(wl_cnx.o)
 .rodata        0x000000003ffe8718        0x8 /home/cnlohr/esp8266/esp_iot_sdk_v1.1.0/lib/liblwip.a(dhcpserver.o)
 .rodata        0x000000003ffe8720        0xc /home/cnlohr/esp8266/esp_iot_sdk_v1.1.0/lib/liblwip.a(etharp.o)
                0x000000003ffe8720                ethbroadcast
                0x000000003ffe8726                ethzero
 .rodata        0x000000003ffe872c        0x8 /home/cnlohr/esp8266/esp_iot_sdk_v1.1.0/lib/liblwip.a(ip_addr.o)
                0x000000003ffe872c                ip_addr_any
                0x000000003ffe8730                ip_addr_broadcast
 *fill*         0x000000003ffe8734        0xc 
 .rodata        0x000000003ffe8740       0x14 /home/cnlohr/esp8266/esp_iot_sdk_v1.1.0/lib/liblwip.a(memp.o)
                0x000000003ffe8740                memp_sizes
 *fill*         0x000000003ffe8754        0xc 
 .rodata        0x000000003ffe8760       0x2d /home/cnlohr/esp8266/esp_iot_sdk_v1.1.0/lib/liblwip.a(tcp.o)
                0x000000003ffe8760                tcp_pcb_lists
                0x000000003ffe8770                tcp_persist_backoff
                0x000000003ffe8780                tcp_backoff
 *fill*         0x000000003ffe878d        0x3 
 .rodata        0x000000003ffe8790        0x6 /home/cnlohr/esp8266/esp_iot_sdk_v1.1.0/lib/libwpa.a(ap_config.o)
 *fill*         0x000000003ffe8796        0x2 
 .rodata        0x000000003ffe8798        0x8 /home/cnlohr/esp8266/esp_iot_sdk_v1.1.0/lib/libwpa.a(wpa.o)
 .rodata        0x000000003ffe87a0        0xc /home/cnlohr/esp8266/esp_iot_sdk_v1.1.0/lib/libwpa.a(wpa_common.o)
 .rodata        0x000000003ffe87ac        0x8 /home/cnlohr/esp8266/esp_iot_sdk_v1.1.0/lib/libphy.a(phy_chip_v6.o)
 .rodata        0x000000003ffe87b4      0x100 /home/cnlohr/esp8266/esp-open-sdk/xtensa-lx106-elf/lib/gcc/xtensa-lx106-elf/4.8.2/libgcc.a(_popcount_tab.o)
                0x000000003ffe87b4                __popcount_tab
 *(.rodata.*)
 .rodata.str1.4
                0x000000003ffe88b4      0x2ac /tmp/cc9G7XRz.ltrans0.ltrans.o
                                        0x2bc (size before relaxing)
 .rodata.str1.4
                0x000000003ffe8b60      0x12f /tmp/cc9G7XRz.ltrans1.ltrans.o
                                        0x143 (size before relaxing)
 *fill*         0x000000003ffe8c8f        0x1 
 .rodata.str1.4
                0x000000003ffe8c90       0xf8 /tmp/cc9G7XRz.ltrans2.ltrans.o
 .rodata.str1.4
                0x000000003ffe8d88       0x22 /home/cnlohr/esp8266/esp_iot_sdk_v1.1.0/lib/libmain.a(user_interface.o)
 *fill*         0x000000003ffe8daa        0x2 
 .rodata.str1.4
                0x000000003ffe8dac       0x63 /home/cnlohr/esp8266/esp_iot_sdk_v1.1.0/lib/libmain.a(app_main.o)
                                         0x6b (size before relaxing)
 .rodata.str1.4
                0x0000000000000000        0x7 /home/cnlohr/esp8266/esp_iot_sdk_v1.1.0/lib/libnet80211.a(ieee80211.o)
 .rodata.str1.4
                0x0000000000000000        0x7 /home/cnlohr/esp8266/esp_iot_sdk_v1.1.0/lib/libnet80211.a(ieee80211_output.o)
 *fill*         0x000000003ffe8e0f        0x1 
 .rodata.str1.4
                0x000000003ffe8e10        0x4 /home/cnlohr/esp8266/esp_iot_sdk_v1.1.0/lib/libnet80211.a(ieee80211_scan.o)
 .rodata.str1.4
                0x000000003ffe8e14        0xf /home/cnlohr/esp8266/esp_iot_sdk_v1.1.0/lib/liblwip.a(dns.o)
 .rodata.str1.4
                0x0000000000000000        0xf /home/cnlohr/esp8266/esp_iot_sdk_v1.1.0/lib/liblwip.a(espconn_tcp.o)
                                          0x1 (size before relaxing)
 *fill*         0x000000003ffe8e23        0x1 
 .rodata.str1.4
                0x000000003ffe8e24       0x88 /home/cnlohr/esp8266/esp_iot_sdk_v1.1.0/lib/liblwip.a(mdns.o)
 .rodata.str1.4
                0x000000003ffe8eac       0x3c /home/cnlohr/esp8266/esp_iot_sdk_v1.1.0/lib/libwpa.a(wpa_auth.o)
                                         0x43 (size before relaxing)
 .rodata.str1.4
                0x0000000000000000       0x17 /home/cnlohr/esp8266/esp_iot_sdk_v1.1.0/lib/libwpa.a(wpa.o)
 .rodata.str1.4
                0x000000003ffe8ee8        0x9 /home/cnlohr/esp8266/esp_iot_sdk_v1.1.0/lib/libwpa.a(wpa_common.o)
 *fill*         0x000000003ffe8ef1        0x3 
 .rodata.str1.4
                0x000000003ffe8ef4        0x7 /home/cnlohr/esp8266/esp_iot_sdk_v1.1.0/lib/libpp.a(lmac.o)
 *fill*         0x000000003ffe8efb        0x1 
 .rodata.str1.4
                0x000000003ffe8efc       0x17 /home/cnlohr/esp8266/esp_iot_sdk_v1.1.0/lib/libpp.a(pm.o)
 *fill*         0x000000003ffe8f13        0x1 
 .rodata.str1.4
                0x000000003ffe8f14        0x5 /home/cnlohr/esp8266/esp_iot_sdk_v1.1.0/lib/libpp.a(pp.o)
 *fill*         0x000000003ffe8f19        0x3 
 .rodata.str1.4
                0x000000003ffe8f1c        0x7 /home/cnlohr/esp8266/esp_iot_sdk_v1.1.0/lib/libpp.a(wdev.o)
 *(.gnu.linkonce.r.*)
 *(.rodata1)
                0x000000003ffe8f23                __XT_EXCEPTION_TABLE__ = ABSOLUTE (.)
 *(.xt_except_table)
 *(.gcc_except_table)
 *(.gnu.linkonce.e.*)
 *(.gnu.version_r)
 *(.eh_frame)
 *crtbegin.o(.ctors)
 *(EXCLUDE_FILE(*crtend.o) .ctors)
 *(SORT(.ctors.*))
 *(.ctors)
 *crtbegin.o(.dtors)
 *(EXCLUDE_FILE(*crtend.o) .dtors)
 *(SORT(.dtors.*))
 *(.dtors)
                0x000000003ffe8f23                __XT_EXCEPTION_DESCS__ = ABSOLUTE (.)
 *(.xt_except_desc)
 *(.gnu.linkonce.h.*)
                0x000000003ffe8f23                __XT_EXCEPTION_DESCS_END__ = ABSOLUTE (.)
 *(.xt_except_desc_end)
 *(.dynamic)
 *(.gnu.version_d)
                0x000000003ffe8f24                . = ALIGN (0x4)
 *fill*         0x000000003ffe8f23        0x1 
                0x000000003ffe8f24                _bss_table_start = ABSOLUTE (.)
                0x000000003ffe8f24        0x4 LONG 0x3ffe8f30 _bss_start
                0x000000003ffe8f28        0x4 LONG 0x3fff2ff0 _bss_end
                0x000000003ffe8f2c                _bss_table_end = ABSOLUTE (.)
                0x000000003ffe8f2c                _rodata_end = ABSOLUTE (.)

.bss            0x000000003ffe8f30     0xa0c0
                0x000000003ffe8f30                . = ALIGN (0x8)
                0x000000003ffe8f30                _bss_start = ABSOLUTE (.)
 *(.dynsbss)
 *(.sbss)
 *(.sbss.*)
 *(.gnu.linkonce.sb.*)
 *(.scommon)
 *(.sbss2)
 *(.sbss2.*)
 *(.gnu.linkonce.sb2.*)
 *(.dynbss)
 *(.bss)
 .bss           0x000000003ffe8f30      0x42c /tmp/cc9G7XRz.ltrans0.ltrans.o
 .bss           0x000000003ffe935c      0xa40 /tmp/cc9G7XRz.ltrans1.ltrans.o
                0x000000003ffe935c                generic_buffer
                0x000000003ffe9938                generic_ptr
                0x000000003ffe993c                need_to_switch_back_to_soft_ap
                0x000000003ffe9940                stream_data_raw
                0x000000003ffe9944                pespconn
                0x000000003ffe9948                stream_data
                0x000000003ffe994c                in_range_setting
                0x000000003ffe9950                magIIR
                0x000000003ffe995c                magNow
                0x000000003ffe9968                accIIR
                0x000000003ffe9974                accNow
                0x000000003ffe9980                gyrIIR
                0x000000003ffe998c                gyrNow
                0x000000003ffe9998                barIIR
                0x000000003ffe999c                barNow
                0x000000003ffe99a0                tempNow
                0x000000003ffe99a4                systemFrame
                0x000000003ffe99a8                voltNow
                0x000000003ffe99ac                curhttp
                0x000000003ffe99b0                HTTPConnections
                0x000000003ffe9d50                tick_flag
 .bss           0x000000003ffe9d9c      0x204 /tmp/cc9G7XRz.ltrans2.ltrans.o
                0x000000003ffe9d9c                md$1703
                0x000000003ffe9d9e                mc$1702
                0x000000003ffe9da0                b2$1700
                0x000000003ffe9da2                b1$1699
                0x000000003ffe9da4                ac6$1698
                0x000000003ffe9da6                ac5$1697
                0x000000003ffe9da8                ac4$1696
                0x000000003ffe9daa                ac3$1695
                0x000000003ffe9dac                ac2$1694
                0x000000003ffe9dae                ac1$1692
                0x000000003ffe9db0                settings
                0x000000003ffe9df8                generic_print_buffer
 .bss           0x000000003ffe9fa0       0x18 /home/cnlohr/esp8266/esp_iot_sdk_v1.1.0/lib/libmain.a(mem_manager.o)
 *fill*         0x000000003ffe9fb8        0x8 
 .bss           0x000000003ffe9fc0      0x141 /home/cnlohr/esp8266/esp_iot_sdk_v1.1.0/lib/libmain.a(user_interface.o)
                0x000000003ffea0b7                deep_sleep_flag
                0x000000003ffea0b8                cpu_overclock
                0x000000003ffea0bc                event_cb
                0x000000003ffea0c0                status_led_output_level
                0x000000003ffea0c4                done_cb
                0x000000003ffea0c8                rst_if
                0x000000003ffea0e4                default_interface
                0x000000003ffea0e8                promiscuous_cb
 *fill*         0x000000003ffea101        0xf 
 .bss           0x000000003ffea110      0x1c0 /home/cnlohr/esp8266/esp_iot_sdk_v1.1.0/lib/libmain.a(nmi-vector.o)
 .bss           0x000000003ffea2d0       0x3d /home/cnlohr/esp8266/esp_iot_sdk_v1.1.0/lib/libmain.a(app_main.o)
                0x000000003ffea2d4                info
                0x000000003ffea2f8                check_timeouts_timer
                0x000000003ffea30c                user_init_flag
 *fill*         0x000000003ffea30d        0x3 
 .bss           0x000000003ffea310        0x8 /home/cnlohr/esp8266/esp_iot_sdk_v1.1.0/lib/libmain.a(eagle_lwip_if.o)
 .bss           0x000000003ffea318      0x558 /home/cnlohr/esp8266/esp_iot_sdk_v1.1.0/lib/libnet80211.a(ieee80211.o)
                0x000000003ffea318                g_ic
 .bss           0x000000003ffea870       0x20 /home/cnlohr/esp8266/esp_iot_sdk_v1.1.0/lib/libnet80211.a(ieee80211_hostap.o)
                0x000000003ffea888                TmpSTAAPCloseAP
                0x000000003ffea889                PendFreeBcnEb
 .bss           0x000000003ffea890       0xcc /home/cnlohr/esp8266/esp_iot_sdk_v1.1.0/lib/libnet80211.a(ieee80211_scan.o)
                0x000000003ffea890                gScanStruct
                0x000000003ffea944                auth_type
                0x000000003ffea946                scannum
 .bss           0x000000003ffea95c       0x3c /home/cnlohr/esp8266/esp_iot_sdk_v1.1.0/lib/libnet80211.a(wl_chm.o)
 .bss           0x000000003ffea998      0x418 /home/cnlohr/esp8266/esp_iot_sdk_v1.1.0/lib/libnet80211.a(wl_cnx.o)
                0x000000003ffead98                sta_con_timer
                0x000000003ffeadac                g_cnx_probe_rc_list_cb
 .bss           0x000000003ffeadb0       0x38 /home/cnlohr/esp8266/esp_iot_sdk_v1.1.0/lib/liblwip.a(dhcp.o)
                0x000000003ffeadb0                dhcp_rx_options_given
                0x000000003ffeadc0                dhcp_rx_options_val
 .bss           0x000000003ffeade8      0x248 /home/cnlohr/esp8266/esp_iot_sdk_v1.1.0/lib/liblwip.a(dhcpserver.o)
                0x000000003ffeadf8                s
 .bss           0x000000003ffeb030      0x690 /home/cnlohr/esp8266/esp_iot_sdk_v1.1.0/lib/liblwip.a(dns.o)
 .bss           0x000000003ffeb6c0      0x104 /home/cnlohr/esp8266/esp_iot_sdk_v1.1.0/lib/liblwip.a(espconn.o)
                0x000000003ffeb6c0                plink_active
                0x000000003ffeb6c4                pserver_list
                0x000000003ffeb6d0                premot
                0x000000003ffeb790                pktinfo
 *fill*         0x000000003ffeb7c4        0xc 
 .bss           0x000000003ffeb7d0       0x78 /home/cnlohr/esp8266/esp_iot_sdk_v1.1.0/lib/liblwip.a(espconn_tcp.o)
                0x000000003ffeb7d0                espconn_TaskQueue
 *fill*         0x000000003ffeb848        0x8 
 .bss           0x000000003ffeb850      0x100 /home/cnlohr/esp8266/esp_iot_sdk_v1.1.0/lib/liblwip.a(etharp.o)
 .bss           0x000000003ffeb950        0xc /home/cnlohr/esp8266/esp_iot_sdk_v1.1.0/lib/liblwip.a(igmp.o)
 *fill*         0x000000003ffeb95c        0x4 
 .bss           0x000000003ffeb960       0x10 /home/cnlohr/esp8266/esp_iot_sdk_v1.1.0/lib/liblwip.a(ip_addr.o)
 .bss           0x000000003ffeb970       0x12 /home/cnlohr/esp8266/esp_iot_sdk_v1.1.0/lib/liblwip.a(ip.o)
                0x000000003ffeb970                current_iphdr_dest
                0x000000003ffeb974                current_iphdr_src
                0x000000003ffeb978                current_netif
                0x000000003ffeb97c                current_header
 *fill*         0x000000003ffeb982        0xe 
 .bss           0x000000003ffeb990      0x421 /home/cnlohr/esp8266/esp_iot_sdk_v1.1.0/lib/liblwip.a(mdns.o)
                0x000000003ffeb994                PUCK_SERVICE
                0x000000003ffeb99c                PUCK_PORT
                0x000000003ffeb9a8                mdns_timer
 *fill*         0x000000003ffebdb1        0x3 
 .bss           0x000000003ffebdb4        0x9 /home/cnlohr/esp8266/esp_iot_sdk_v1.1.0/lib/liblwip.a(netif.o)
                0x000000003ffebdb4                netif_list
                0x000000003ffebdb8                netif_default
 *fill*         0x000000003ffebdbd        0x3 
 .bss           0x000000003ffebdc0        0x4 /home/cnlohr/esp8266/esp_iot_sdk_v1.1.0/lib/liblwip.a(raw.o)
 .bss           0x000000003ffebdc4       0x34 /home/cnlohr/esp8266/esp_iot_sdk_v1.1.0/lib/liblwip.a(tcp_in.o)
                0x000000003ffebdf4                tcp_input_pcb
 .bss           0x000000003ffebdf8       0x1c /home/cnlohr/esp8266/esp_iot_sdk_v1.1.0/lib/liblwip.a(tcp.o)
                0x000000003ffebdfc                tcp_active_pcbs
                0x000000003ffebe00                tcp_tmp_pcb
                0x000000003ffebe04                tcp_tw_pcbs
                0x000000003ffebe08                tcp_bound_pcbs
                0x000000003ffebe0c                tcp_listen_pcbs
                0x000000003ffebe10                tcp_ticks
 .bss           0x000000003ffebe14        0xc /home/cnlohr/esp8266/esp_iot_sdk_v1.1.0/lib/liblwip.a(timers.o)
 .bss           0x000000003ffebe20        0x4 /home/cnlohr/esp8266/esp_iot_sdk_v1.1.0/lib/liblwip.a(udp.o)
                0x000000003ffebe20                udp_pcbs
 *fill*         0x000000003ffebe24        0xc 
 .bss           0x000000003ffebe30      0x27a /home/cnlohr/esp8266/esp_iot_sdk_v1.1.0/lib/libwpa.a(wpa.o)
 *fill*         0x000000003ffec0aa        0x6 
 .bss           0x000000003ffec0b0        0x8 /home/cnlohr/esp8266/esp_iot_sdk_v1.1.0/lib/libnet80211.a(ieee80211_crypto_tkip.o)
 .bss           0x000000003ffec0b8        0x4 /home/cnlohr/esp8266/esp_iot_sdk_v1.1.0/lib/libphy.a(phy.o)
 *fill*         0x000000003ffec0bc        0x4 
 .bss           0x000000003ffec0c0      0x3ab /home/cnlohr/esp8266/esp_iot_sdk_v1.1.0/lib/libphy.a(phy_chip_v6.o)
                0x000000003ffec0c0                g_phyFuns
                0x000000003ffec0c4                rxiq_compute_num
                0x000000003ffec0c8                rxdc_init_flag
                0x000000003ffec0cc                check_result
                0x000000003ffec0d0                chip6_sleep_params
                0x000000003ffec2b4                chip6_phy_init_ctrl
                0x000000003ffec328                phy_freq_offset
                0x000000003ffec32a                do_pwctrl_flag
                0x000000003ffec32b                pwctrl_debug
                0x000000003ffec32c                txbk_dpdby_flag
                0x000000003ffec32e                sw_scan_mode
                0x000000003ffec340                periodic_cal_dc_num
                0x000000003ffec344                periodic_cal_flag
                0x000000003ffec345                bbpll_cal_flag
                0x000000003ffec346                phy_in_most_power
                0x000000003ffec347                deep_sleep_en
                0x000000003ffec348                rtc_mem_check_fail
                0x000000003ffec349                rtc_recovery_en
                0x000000003ffec34a                phy_in_vdd33_offset
                0x000000003ffec34b                phy_set_most_tpw_disbg
                0x000000003ffec34c                phy_set_most_tpw_index
                0x000000003ffec350                adc_rand_noise
                0x000000003ffec354                dpd_bypass_original
                0x000000003ffec358                noise_array
                0x000000003ffec460                tx_pwctrl_atten_init
 *fill*         0x000000003ffec46b        0x1 
 .bss           0x000000003ffec46c        0x6 /home/cnlohr/esp8266/esp_iot_sdk_v1.1.0/lib/libphy.a(phy_chip_v6_cal.o)
                0x000000003ffec46c                loop_pwctrl_pwdet_error_accum_high_power
                0x000000003ffec46e                tx_pwctrl_pk_num
                0x000000003ffec46f                loop_pwctrl_correct_atten_high_power
                0x000000003ffec470                tx_pwctrl_set_chan_flag
                0x000000003ffec471                rxiq_cover_fail_num
 *fill*         0x000000003ffec472        0x2 
 .bss           0x000000003ffec474        0x7 /home/cnlohr/esp8266/esp_iot_sdk_v1.1.0/lib/libphy.a(phy_sleep.o)
                0x000000003ffec474                periodic_cal_sat
                0x000000003ffec476                lslp_mem_opt_8266
                0x000000003ffec478                software_slp_reject
                0x000000003ffec479                SDIO_slp_reject
                0x000000003ffec47a                hardware_reject
 *fill*         0x000000003ffec47b        0x5 
 .bss           0x000000003ffec480     0x1214 /home/cnlohr/esp8266/esp_iot_sdk_v1.1.0/lib/libpp.a(esf_buf.o)
 *fill*         0x000000003ffed694        0xc 
 .bss           0x000000003ffed6a0       0x30 /home/cnlohr/esp8266/esp_iot_sdk_v1.1.0/lib/libpp.a(if_hwctrl.o)
                0x000000003ffed6a0                interface_mask
                0x000000003ffed6b0                if_ctrl
 .bss           0x000000003ffed6d0      0x150 /home/cnlohr/esp8266/esp_iot_sdk_v1.1.0/lib/libpp.a(lmac.o)
                0x000000003ffed6d4                lmacConfMib
 .bss           0x000000003ffed820      0x11a /home/cnlohr/esp8266/esp_iot_sdk_v1.1.0/lib/libpp.a(pm.o)
 *fill*         0x000000003ffed93a        0x6 
 .bss           0x000000003ffed940      0x2d2 /home/cnlohr/esp8266/esp_iot_sdk_v1.1.0/lib/libpp.a(pp.o)
                0x000000003ffed944                SoftWdtTimer
                0x000000003ffed96c                pend_flag_noise_check
                0x000000003ffed974                pend_flag_periodic_cal
                0x000000003ffed98c                idle_timer_reopen_flag
                0x000000003ffed98d                dbg_stop_sw_wdt
                0x000000003ffed98e                dbg_stop_hw_wdt
 *fill*         0x000000003ffedc12        0xe 
 .bss           0x000000003ffedc20      0x100 /home/cnlohr/esp8266/esp_iot_sdk_v1.1.0/lib/libpp.a(rate_control.o)
 .bss           0x000000003ffedd20      0x448 /home/cnlohr/esp8266/esp_iot_sdk_v1.1.0/lib/libpp.a(trc.o)
 *fill*         0x000000003ffee168        0x8 
 .bss           0x000000003ffee170     0x4e80 /home/cnlohr/esp8266/esp_iot_sdk_v1.1.0/lib/libpp.a(wdev.o)
                0x000000003ffee170                wDevCtrl
                0x000000003ffee314                WdevTimOffSet
 *(.bss.*)
 *(.gnu.linkonce.b.*)
 *(COMMON)
                0x000000003fff2ff0                . = ALIGN (0x8)
                0x000000003fff2ff0                _bss_end = ABSOLUTE (.)
                0x000000003fff2ff0                _heap_start = ABSOLUTE (.)

.text           0x0000000040100000     0x74f4
                0x0000000040100000                _stext = .
                0x0000000040100000                _text_start = ABSOLUTE (.)
 *(.UserEnter.text)
 .UserEnter.text
                0x0000000040100000        0xd /home/cnlohr/esp8266/esp_iot_sdk_v1.1.0/lib/libmain.a(vector.o)
                                         0x14 (size before relaxing)
                0x0000000040100004                call_user_start
                0x0000000040100010                . = ALIGN (0x10)
 *fill*         0x000000004010000d        0x3 
 *(.DebugExceptionVector.text)
 .DebugExceptionVector.text
                0x0000000040100010        0x6 /home/cnlohr/esp8266/esp_iot_sdk_v1.1.0/lib/libmain.a(debug-vector.o)
                0x0000000040100010                _DebugExceptionVector
                0x0000000040100020                . = ALIGN (0x10)
 *fill*         0x0000000040100016        0xa 
 *(.NMIExceptionVector.text)
 .NMIExceptionVector.text
                0x0000000040100020        0x6 /home/cnlohr/esp8266/esp_iot_sdk_v1.1.0/lib/libmain.a(nmi-vector.o)
                                          0xd (size before relaxing)
                0x0000000040100020                _NMIExceptionVector
                0x0000000040100030                . = ALIGN (0x10)
 *fill*         0x0000000040100026        0xa 
 *(.KernelExceptionVector.text)
 .KernelExceptionVector.text
                0x0000000040100030        0x6 /home/cnlohr/esp8266/esp_iot_sdk_v1.1.0/lib/libmain.a(kernel-vector.o)
                0x0000000040100030                _KernelExceptionVector
                0x0000000040100036        0x4 LONG 0x0
                0x000000004010003a        0x4 LONG 0x0
                0x000000004010003e        0x4 LONG 0x0
                0x0000000040100042        0x4 LONG 0x0
                0x0000000040100050                . = ALIGN (0x10)
 *fill*         0x0000000040100046        0xa 
 *(.UserExceptionVector.text)
 .UserExceptionVector.text
                0x0000000040100050        0x6 /home/cnlohr/esp8266/esp_iot_sdk_v1.1.0/lib/libmain.a(user-vector.o)
                                          0xd (size before relaxing)
                0x0000000040100050                _UserExceptionVector
                0x0000000040100056        0x4 LONG 0x0
                0x000000004010005a        0x4 LONG 0x0
                0x000000004010005e        0x4 LONG 0x0
                0x0000000040100062        0x4 LONG 0x0
                0x0000000040100070                . = ALIGN (0x10)
 *fill*         0x0000000040100066        0xa 
 *(.DoubleExceptionVector.text)
 .DoubleExceptionVector.text
                0x0000000040100070        0x6 /home/cnlohr/esp8266/esp_iot_sdk_v1.1.0/lib/libmain.a(double-vector.o)
                0x0000000040100070                _DoubleExceptionVector
                0x0000000040100076        0x4 LONG 0x0
                0x000000004010007a        0x4 LONG 0x0
                0x000000004010007e        0x4 LONG 0x0
                0x0000000040100082        0x4 LONG 0x0
                0x0000000040100090                . = ALIGN (0x10)
 *fill*         0x0000000040100086        0xa 
 *(.entry.text)
 *(.init.literal)
 *(.init)
 *(.literal .text .literal.* .text.* .stub .gnu.warning .gnu.linkonce.literal.* .gnu.linkonce.t.*.literal .gnu.linkonce.t.*)
 .literal       0x0000000040100090       0x28 /tmp/cc9G7XRz.ltrans0.ltrans.o
                                         0xf4 (size before relaxing)
 .literal       0x00000000401000b8       0x8c /tmp/cc9G7XRz.ltrans1.ltrans.o
                                        0x224 (size before relaxing)
 .literal       0x0000000040100144        0x8 /home/cnlohr/esp8266/esp-open-sdk/xtensa-lx106-elf/lib/gcc/xtensa-lx106-elf/4.8.2/libgcc.a(_addsubsf3.o)
                                          0xc (size before relaxing)
 .literal       0x000000004010014c        0x4 /home/cnlohr/esp8266/esp-open-sdk/xtensa-lx106-elf/lib/gcc/xtensa-lx106-elf/4.8.2/libgcc.a(_mulsf3.o)
                                         0x10 (size before relaxing)
 .literal       0x0000000040100150        0x0 /home/cnlohr/esp8266/esp-open-sdk/xtensa-lx106-elf/lib/gcc/xtensa-lx106-elf/4.8.2/libgcc.a(_divsf3.o)
                                         0x10 (size before relaxing)
 .literal       0x0000000040100150        0x0 /home/cnlohr/esp8266/esp-open-sdk/xtensa-lx106-elf/lib/gcc/xtensa-lx106-elf/4.8.2/libgcc.a(_fixsfsi.o)
                                          0x4 (size before relaxing)
 .literal       0x0000000040100150        0x0 /home/cnlohr/esp8266/esp-open-sdk/xtensa-lx106-elf/lib/gcc/xtensa-lx106-elf/4.8.2/libgcc.a(_fixunssfsi.o)
                                          0x4 (size before relaxing)
 .literal       0x0000000040100150        0xc /home/cnlohr/esp8266/esp-open-sdk/xtensa-lx106-elf/lib/gcc/xtensa-lx106-elf/4.8.2/libgcc.a(_muldf3.o)
                                         0x10 (size before relaxing)
 .literal       0x000000004010015c        0x0 /home/cnlohr/esp8266/esp-open-sdk/xtensa-lx106-elf/lib/gcc/xtensa-lx106-elf/4.8.2/libgcc.a(_divdf3.o)
                                         0x10 (size before relaxing)
 .literal       0x000000004010015c        0x0 /home/cnlohr/esp8266/esp-open-sdk/xtensa-lx106-elf/lib/gcc/xtensa-lx106-elf/4.8.2/libgcc.a(_fixdfsi.o)
                                          0x4 (size before relaxing)
 .literal       0x000000004010015c        0x4 /home/cnlohr/esp8266/esp-open-sdk/xtensa-lx106-elf/lib/gcc/xtensa-lx106-elf/4.8.2/libgcc.a(_truncdfsf2.o)
                                          0x8 (size before relaxing)
 .literal       0x0000000040100160        0x0 /home/cnlohr/esp8266/esp-open-sdk/xtensa-lx106-elf/lib/gcc/xtensa-lx106-elf/4.8.2/libgcc.a(_muldi3.o)
                                          0x4 (size before relaxing)
 .literal       0x0000000040100160        0x4 /home/cnlohr/esp8266/esp-open-sdk/xtensa-lx106-elf/lib/gcc/xtensa-lx106-elf/4.8.2/libgcc.a(_popcountsi2.o)
 .literal       0x0000000040100164        0x0 /home/cnlohr/esp8266/esp-open-sdk/xtensa-lx106-elf/lib/gcc/xtensa-lx106-elf/4.8.2/libgcc.a(_divdi3.o)
                                         0x48 (size before relaxing)
 .literal       0x0000000040100164        0x0 /home/cnlohr/esp8266/esp-open-sdk/xtensa-lx106-elf/lib/gcc/xtensa-lx106-elf/4.8.2/libgcc.a(_umoddi3.o)
                                         0x40 (size before relaxing)
 .literal       0x0000000040100164        0x0 /home/cnlohr/esp8266/esp-open-sdk/xtensa-lx106-elf/lib/gcc/xtensa-lx106-elf/4.8.2/libgcc.a(_extendsfdf2.o)
                                          0x8 (size before relaxing)
 .text          0x0000000040100164      0x389 /tmp/cc9G7XRz.ltrans0.ltrans.o
                0x00000000401001b0                GetByte
                0x00000000401002ac                LR16
                0x00000000401002d8                Read16$1673
                0x0000000040100300                SendByte
                0x00000000401003e8                SendStop
                0x0000000040100468                SendStart
                0x00000000401004ac                EndTCPWrite
                0x00000000401004d0                PushBlob
 *fill*         0x00000000401004ed        0x3 
 .text          0x00000000401004f0      0x6fb /tmp/cc9G7XRz.ltrans1.ltrans.o
                                        0x7b7 (size before relaxing)
                0x00000000401006a0                MyRewriteFlash$2165
 *fill*         0x0000000040100beb        0x1 
 .text          0x0000000040100bec       0xd7 /home/cnlohr/esp8266/esp_iot_sdk_v1.1.0/lib/libmain.a(ets_timer.o)
                                         0xdf (size before relaxing)
                0x0000000040100c0c                ets_timer_arm_new
 *fill*         0x0000000040100cc3        0x1 
 .text          0x0000000040100cc4      0x1c9 /home/cnlohr/esp8266/esp_iot_sdk_v1.1.0/lib/libmain.a(mem_manager.o)
                                        0x1f1 (size before relaxing)
                0x0000000040100cdc                pvPortMalloc
                0x0000000040100d90                vPortFree
                0x0000000040100dd0                pvPortCalloc
                0x0000000040100df8                pvPortZalloc
                0x0000000040100e0c                pvPortRealloc
                0x0000000040100e44                vPortInitialiseBlocks
 *fill*         0x0000000040100e8d        0x3 
 .text          0x0000000040100e90      0x16e /home/cnlohr/esp8266/esp_iot_sdk_v1.1.0/lib/libmain.a(spi_flash.o)
                                        0x1ae (size before relaxing)
                0x0000000040100ea0                spi_flash_get_id
                0x0000000040100efc                spi_flash_read_status
                0x0000000040100f30                spi_flash_write_status
                0x0000000040100f60                spi_flash_erase_sector
                0x0000000040100f88                spi_flash_write
                0x0000000040100fd8                spi_flash_read
 *fill*         0x0000000040100ffe        0x2 
 .text          0x0000000040101000      0x4c6 /home/cnlohr/esp8266/esp_iot_sdk_v1.1.0/lib/libmain.a(user_interface.o)
                                        0x53e (size before relaxing)
                0x0000000040101010                os_printf_plus
                0x00000000401010d8                system_restart_local
                0x00000000401013ac                system_phy_temperature_alert
                0x00000000401013c8                system_get_time
                0x00000000401013e4                system_os_post
                0x0000000040101418                system_rtc_mem_write
                0x0000000040101470                system_rtc_mem_read
 *fill*         0x00000000401014c6        0x2 
 .text          0x00000000401014c8       0xc7 /home/cnlohr/esp8266/esp_iot_sdk_v1.1.0/lib/libmain.a(nmi-vector.o)
                                         0xcb (size before relaxing)
                0x00000000401014d4                _NMILevelVector
 *fill*         0x000000004010158f        0x1 
 .text          0x0000000040101590       0x1e /home/cnlohr/esp8266/esp_iot_sdk_v1.1.0/lib/libmain.a(user-vector.o)
                0x0000000040101594                _UserExceptionVector_1
 *fill*         0x00000000401015ae        0x2 
 .text          0x00000000401015b0      0x4d6 /home/cnlohr/esp8266/esp_iot_sdk_v1.1.0/lib/libmain.a(app_main.o)
                                        0x56a (size before relaxing)
                0x00000000401015b8                Cache_Read_Enable_New
                0x00000000401015f0                NmiTimSetFunc
                0x00000000401015fc                NMI_Handler
                0x0000000040101654                call_user_start_local
 *fill*         0x0000000040101a86        0x2 
 .text          0x0000000040101a88       0xcf /home/cnlohr/esp8266/esp_iot_sdk_v1.1.0/lib/libnet80211.a(wl_chm.o)
                                         0xe7 (size before relaxing)
                0x0000000040101a8c                chm_acquire_lock
                0x0000000040101ad0                chm_release_lock
                0x0000000040101ae8                chm_cancel_op
                0x0000000040101b24                chm_return_home_channel
                0x0000000040101b50                chm_get_current_channel
 *fill*         0x0000000040101b57        0x1 
 .text          0x0000000040101b58       0x21 /home/cnlohr/esp8266/esp_iot_sdk_v1.1.0/lib/liblwip.a(dns.o)
                0x0000000040101b60                dns_tmr
 *fill*         0x0000000040101b79        0x3 
 .text          0x0000000040101b7c       0x33 /home/cnlohr/esp8266/esp_iot_sdk_v1.1.0/lib/liblwip.a(etharp.o)
                                         0x37 (size before relaxing)
 *fill*         0x0000000040101baf        0x1 
 .text          0x0000000040101bb0      0x10c /home/cnlohr/esp8266/esp_iot_sdk_v1.1.0/lib/liblwip.a(mdns.o)
                                        0x144 (size before relaxing)
                0x0000000040101bb4                getPcb
                0x0000000040101bc0                mdns_close
                0x0000000040101be4                mdns_set_name
                0x0000000040101c04                mdns_enable
                0x0000000040101c20                mdns_disable
                0x0000000040101c40                mdns_get_hostname
                0x0000000040101c5c                mdns_set_hostname
 .text          0x0000000040101cbc      0x1cc /home/cnlohr/esp8266/esp_iot_sdk_v1.1.0/lib/liblwip.a(tcp.o)
                                        0x1ec (size before relaxing)
 .text          0x0000000040101e88      0x160 /home/cnlohr/esp8266/esp_iot_sdk_v1.1.0/lib/liblwip.a(tcp_out.o)
                                        0x164 (size before relaxing)
 .text          0x0000000040101fe8       0xb0 /home/cnlohr/esp8266/esp_iot_sdk_v1.1.0/lib/liblwip.a(timers.o)
                                         0xc0 (size before relaxing)
 .text          0x0000000040102098       0x53 /home/cnlohr/esp8266/esp_iot_sdk_v1.1.0/lib/libphy.a(phy.o)
                                         0x5f (size before relaxing)
                0x00000000401020a0                register_phy_ops
                0x00000000401020c0                register_get_phy_addr
                0x00000000401020c8                phy_change_channel
                0x00000000401020e0                phy_get_mactime
 *fill*         0x00000000401020eb        0x1 
 .text          0x00000000401020ec       0xeb /home/cnlohr/esp8266/esp_iot_sdk_v1.1.0/lib/libphy.a(phy_sleep.o)
                                        0x103 (size before relaxing)
                0x00000000401020f4                pm_rtc_clock_cali
                0x00000000401021ac                clockgate_watchdog
 *fill*         0x00000000401021d7        0x1 
 .text          0x00000000401021d8      0x25a /home/cnlohr/esp8266/esp_iot_sdk_v1.1.0/lib/libpp.a(esf_buf.o)
                                        0x2fa (size before relaxing)
                0x00000000401021dc                esf_rx_buf_alloc
                0x000000004010222c                esf_buf_alloc
                0x0000000040102350                esf_buf_recycle
 *fill*         0x0000000040102432        0x2 
 .text          0x0000000040102434     0x148e /home/cnlohr/esp8266/esp_iot_sdk_v1.1.0/lib/libpp.a(lmac.o)
                                       0x1766 (size before relaxing)
                0x0000000040102438                lmacIsActive
                0x000000004010244c                lmacIsIdle
                0x0000000040102818                lmacSetAcParam
                0x0000000040102878                lmacProcessTXStartData
                0x0000000040102a38                lmacProcessTxSuccess
                0x0000000040102b70                GetAccess
                0x0000000040102b7c                lmacDiscardAgedMSDU
                0x0000000040102b90                lmacRecycleMPDU
                0x00000000401030a4                lmacProcessCollisions
                0x000000004010310c                lmacProcessCollision
                0x0000000040103184                lmacMSDUAged
                0x0000000040103524                lmacProcessCtsTimeout
                0x0000000040103570                lmacProcessAckTimeout
                0x00000000401035ac                lmacProcessRtsStart
                0x00000000401035c4                lmacProcessTxRtsError
                0x0000000040103664                lmacProcessTxError
                0x00000000401036f8                lmacTxFrame
                0x00000000401038ac                lmacRxDone
 *fill*         0x00000000401038c2        0x2 
 .text          0x00000000401038c4      0xe4c /home/cnlohr/esp8266/esp_iot_sdk_v1.1.0/lib/libpp.a(pp.o)
                                       0x1000 (size before relaxing)
                0x00000000401038f8                pp_soft_wdt_feed
                0x0000000040103974                ppProcessWaitQ
                0x0000000040103988                ppRecycleRxPkt
                0x00000000401039e0                ppCheckTxIdle
                0x0000000040103c90                ppProcessTxQ
                0x0000000040103d08                ppGetTxQFirstAvail_Locked
                0x0000000040103d58                ppFetchTxQFirstAvail
                0x0000000040103d98                ppDequeueTxQ
                0x0000000040103dc0                ppRollBackTxQ
                0x0000000040103de4                ppRecordBarRRC
                0x0000000040103df4                ppTxqUpdateBitmap
                0x0000000040103e18                ppEnqueueTxDone
                0x0000000040103e88                ppEnqueueRxq
                0x0000000040104590                ppDiscardMPDU
                0x00000000401045b4                pp_post
                0x00000000401045f8                pp_post2
                0x0000000040104624                ppCalTxop
                0x00000000401046a0                ppCalFrameTimes
 .text          0x0000000040104710       0xf5 /home/cnlohr/esp8266/esp_iot_sdk_v1.1.0/lib/libpp.a(rate_control.o)
                                        0x109 (size before relaxing)
                0x0000000040104730                RC_GetAckRate
                0x000000004010473c                RC_GetRtsRate
                0x000000004010474c                RC_GetAckTime
                0x0000000040104760                RC_GetCtsTime
                0x0000000040104798                RC_GetBlockAckTime
 *fill*         0x0000000040104805        0x3 
 .text          0x0000000040104808      0x809 /home/cnlohr/esp8266/esp_iot_sdk_v1.1.0/lib/libpp.a(trc.o)
                                        0x83d (size before relaxing)
                0x000000004010497c                rcUpdateTxDone
                0x0000000040104a10                rcUpdateRxDone
                0x0000000040104a6c                rcUpdateDataRxDone
                0x0000000040104a84                rcGetSched
                0x0000000040104b30                rcGetRate
                0x0000000040104f44                rcReachRetryLimit
                0x0000000040104f5c                trc_NeedRTS
 *fill*         0x0000000040105011        0x3 
 .text          0x0000000040105014      0xfe4 /home/cnlohr/esp8266/esp_iot_sdk_v1.1.0/lib/libpp.a(wdev.o)
                                       0x1244 (size before relaxing)
                0x00000000401053c0                wDev_ProcessFiq
                0x00000000401056f0                wDev_EnableTransmit
                0x0000000040105734                wDev_DisableTransmit
                0x0000000040105754                Tx_Copy2Queue
                0x000000004010579c                wDev_ProcessCollision
                0x00000000401057c0                wDev_GetTxqCollisions
                0x00000000401057d0                wDev_ClearTxqCollisions
                0x00000000401057ec                wDev_SetWaitingQueue
                0x0000000040105838                wDev_ClearWaitingQueue
                0x000000004010585c                wDev_SetFrameAckType
                0x00000000401058c0                wDev_AppendRxBlocks
                0x0000000040105a24                wDev_AppendRxAmpduLensBlocks
                0x0000000040105b14                wDev_GetBAInfo
                0x0000000040105b44                wDevDisableRx
 .text          0x0000000040105ff8      0x1ff /home/cnlohr/esp8266/esp-open-sdk/xtensa-lx106-elf/lib/gcc/xtensa-lx106-elf/4.8.2/libgcc.a(_addsubsf3.o)
                0x0000000040106014                __addsf3
                0x00000000401060fc                __subsf3
 *fill*         0x00000000401061f7        0x1 
 .text          0x00000000401061f8      0x15d /home/cnlohr/esp8266/esp-open-sdk/xtensa-lx106-elf/lib/gcc/xtensa-lx106-elf/4.8.2/libgcc.a(_mulsf3.o)
                0x0000000040106270                __mulsf3
 *fill*         0x0000000040106355        0x3 
 .text          0x0000000040106358      0x135 /home/cnlohr/esp8266/esp-open-sdk/xtensa-lx106-elf/lib/gcc/xtensa-lx106-elf/4.8.2/libgcc.a(_divsf3.o)
                0x00000000401063d4                __divsf3
 *fill*         0x000000004010648d        0x3 
 .text          0x0000000040106490       0x40 /home/cnlohr/esp8266/esp-open-sdk/xtensa-lx106-elf/lib/gcc/xtensa-lx106-elf/4.8.2/libgcc.a(_fixsfsi.o)
                0x0000000040106490                __fixsfsi
 .text          0x00000000401064d0       0x51 /home/cnlohr/esp8266/esp-open-sdk/xtensa-lx106-elf/lib/gcc/xtensa-lx106-elf/4.8.2/libgcc.a(_fixunssfsi.o)
                0x00000000401064d0                __fixunssfsi
 *fill*         0x0000000040106521        0x3 
 .text          0x0000000040106524      0x29b /home/cnlohr/esp8266/esp-open-sdk/xtensa-lx106-elf/lib/gcc/xtensa-lx106-elf/4.8.2/libgcc.a(_muldf3.o)
                0x0000000040106604                __muldf3
 *fill*         0x00000000401067bf        0x1 
 .text          0x00000000401067c0      0x20b /home/cnlohr/esp8266/esp-open-sdk/xtensa-lx106-elf/lib/gcc/xtensa-lx106-elf/4.8.2/libgcc.a(_divdf3.o)
                0x00000000401068a8                __divdf3
 *fill*         0x00000000401069cb        0x1 
 .text          0x00000000401069cc       0x48 /home/cnlohr/esp8266/esp-open-sdk/xtensa-lx106-elf/lib/gcc/xtensa-lx106-elf/4.8.2/libgcc.a(_fixdfsi.o)
                0x00000000401069cc                __fixdfsi
 .text          0x0000000040106a14       0xa0 /home/cnlohr/esp8266/esp-open-sdk/xtensa-lx106-elf/lib/gcc/xtensa-lx106-elf/4.8.2/libgcc.a(_truncdfsf2.o)
                0x0000000040106a14                __truncdfsf2
 .text          0x0000000040106ab4       0x36 /home/cnlohr/esp8266/esp-open-sdk/xtensa-lx106-elf/lib/gcc/xtensa-lx106-elf/4.8.2/libgcc.a(_muldi3.o)
                0x0000000040106ab4                __muldi3
 *fill*         0x0000000040106aea        0x2 
 .text          0x0000000040106aec       0x21 /home/cnlohr/esp8266/esp-open-sdk/xtensa-lx106-elf/lib/gcc/xtensa-lx106-elf/4.8.2/libgcc.a(_popcountsi2.o)
                0x0000000040106aec                __popcountsi2
 *fill*         0x0000000040106b0d        0x3 
 .text          0x0000000040106b10      0x3eb /home/cnlohr/esp8266/esp-open-sdk/xtensa-lx106-elf/lib/gcc/xtensa-lx106-elf/4.8.2/libgcc.a(_divdi3.o)
                                        0x41b (size before relaxing)
                0x0000000040106b10                __divdi3
 *fill*         0x0000000040106efb        0x1 
 .text          0x0000000040106efc      0x33a /home/cnlohr/esp8266/esp-open-sdk/xtensa-lx106-elf/lib/gcc/xtensa-lx106-elf/4.8.2/libgcc.a(_umoddi3.o)
                                        0x366 (size before relaxing)
                0x0000000040106efc                __umoddi3
 *fill*         0x0000000040107236        0x2 
 .text          0x0000000040107238       0x5e /home/cnlohr/esp8266/esp-open-sdk/xtensa-lx106-elf/lib/gcc/xtensa-lx106-elf/4.8.2/libgcc.a(_extendsfdf2.o)
                0x0000000040107238                __extendsfdf2
 *fill*         0x0000000040107296        0x0 
 *fill*         0x0000000040107296        0x2 
 .text          0x0000000040107298        0x6 /tmp/cc9G7XRz.ltrans2.ltrans.o
                0x0000000040107298                strcat
                0x000000004010729c                user_rf_pre_init
 *fill*         0x000000004010729e        0x0 
 *fill*         0x000000004010729e        0x0 
 *fill*         0x000000004010729e        0x0 
 *fill*         0x000000004010729e        0x0 
 *fill*         0x000000004010729e        0x0 
 *fill*         0x000000004010729e        0x0 
 *fill*         0x000000004010729e        0x0 
 *fill*         0x000000004010729e        0x2 
 .text          0x00000000401072a0       0x25 /home/cnlohr/esp8266/esp_iot_sdk_v1.1.0/lib/libnet80211.a(ieee80211_hostap.o)
 *fill*         0x00000000401072c5        0x0 
 *fill*         0x00000000401072c5        0x0 
 *fill*         0x00000000401072c5        0x0 
 *fill*         0x00000000401072c5        0x3 
 .text          0x00000000401072c8       0x11 /home/cnlohr/esp8266/esp_iot_sdk_v1.1.0/lib/libwpa.a(wpa_auth.o)
 *fill*         0x00000000401072d9        0x0 
 *fill*         0x00000000401072d9        0x3 
 .text          0x00000000401072dc        0x2 /home/cnlohr/esp8266/esp_iot_sdk_v1.1.0/lib/libphy.a(phy_chip_v6.o)
                0x00000000401072dc                ram_tx_mac_disable
 *fill*         0x00000000401072de        0x0 
 *fill*         0x00000000401072de        0x0 
 *fill*         0x00000000401072de        0x0 
 *fill*         0x00000000401072de        0x0 
 *fill*         0x00000000401072de        0x0 
 *fill*         0x00000000401072de        0x2 
 .text          0x00000000401072e0       0x64 /home/cnlohr/esp8266/esp-open-sdk/xtensa-lx106-elf/lib/gcc/xtensa-lx106-elf/4.8.2/libgcc.a(_divsi3.o)
                0x00000000401072e0                __divsi3
 .text          0x0000000040107344       0x49 /home/cnlohr/esp8266/esp-open-sdk/xtensa-lx106-elf/lib/gcc/xtensa-lx106-elf/4.8.2/libgcc.a(_modsi3.o)
                0x0000000040107344                __modsi3
 *fill*         0x000000004010738d        0x3 
 .text          0x0000000040107390       0x4c /home/cnlohr/esp8266/esp-open-sdk/xtensa-lx106-elf/lib/gcc/xtensa-lx106-elf/4.8.2/libgcc.a(_udivsi3.o)
                0x0000000040107390                __udivsi3
 .text          0x00000000401073dc       0x39 /home/cnlohr/esp8266/esp-open-sdk/xtensa-lx106-elf/lib/gcc/xtensa-lx106-elf/4.8.2/libgcc.a(_umodsi3.o)
                0x00000000401073dc                __umodsi3
 *fill*         0x0000000040107415        0x3 
 .text          0x0000000040107418       0x18 /home/cnlohr/esp8266/esp-open-sdk/xtensa-lx106-elf/lib/gcc/xtensa-lx106-elf/4.8.2/libgcc.a(_ashrdi3.o)
                0x0000000040107418                __ashrdi3
 *fill*         0x0000000040107430        0x0 
 *fill*         0x0000000040107430        0x0 
 *fill*         0x0000000040107430        0x0 
 *fill*         0x0000000040107430        0x0 
 .text          0x0000000040107430       0x44 /home/cnlohr/esp8266/esp-open-sdk/xtensa-lx106-elf/lib/gcc/xtensa-lx106-elf/4.8.2/libgcc.a(_floatsisf.o)
                0x0000000040107430                __floatunsisf
                0x0000000040107438                __floatsisf
 *fill*         0x0000000040107474        0x0 
 *fill*         0x0000000040107474        0x0 
 .text          0x0000000040107474       0x36 /home/cnlohr/esp8266/esp-open-sdk/xtensa-lx106-elf/lib/gcc/xtensa-lx106-elf/4.8.2/libgcc.a(_floatsidf.o)
                0x0000000040107474                __floatunsidf
                0x000000004010747c                __floatsidf
 *fill*         0x00000000401074aa        0x0 
 *fill*         0x00000000401074aa        0x0 
 *fill*         0x00000000401074aa        0x0 
 *fill*         0x00000000401074aa        0x0 
 *fill*         0x00000000401074aa        0x2 
 .text          0x00000000401074ac       0x48 /home/cnlohr/esp8266/esp-open-sdk/xtensa-lx106-elf/lib/gcc/xtensa-lx106-elf/4.8.2/libgcc.a(_umulsidi3.o)
                0x00000000401074ac                __umulsidi3
 *(.fini.literal)
 *(.fini)
 *(.gnu.version)
                0x00000000401074f4                _text_end = ABSOLUTE (.)
                0x00000000401074f4                _etext = .

.lit4           0x00000000401074f4        0x0
                0x00000000401074f4                _lit4_start = ABSOLUTE (.)
 *(*.lit4)
 *(.lit4.*)
 *(.gnu.linkonce.lit4.*)
                0x00000000401074f4                _lit4_end = ABSOLUTE (.)

.irom0.text     0x0000000040240000    0x297af
                0x0000000040240000                _irom0_text_start = ABSOLUTE (.)
 *(.irom0.literal .irom.literal .irom.text.literal .irom0.text .irom.text)
 .irom0.literal
                0x0000000040240000      0x1f8 /tmp/cc9G7XRz.ltrans0.ltrans.o
                                        0x3a0 (size before relaxing)
 .irom0.literal
                0x00000000402401f8      0x128 /tmp/cc9G7XRz.ltrans1.ltrans.o
                                        0x2ec (size before relaxing)
 .irom0.literal
                0x0000000040240320       0x9c /tmp/cc9G7XRz.ltrans2.ltrans.o
                                        0x2c0 (size before relaxing)
 .irom0.text    0x00000000402403bc      0xf86 /tmp/cc9G7XRz.ltrans0.ltrans.o
                                       0x1026 (size before relaxing)
                0x00000000402403d0                MyTimer
                0x00000000402403dc                uart1_write_char$1378
                0x0000000040240414                httpserver_connectcb
                0x0000000040240478                URLDecode
                0x0000000040240514                HTTPClose
                0x000000004024053c                FillRaw
                0x00000000402405dc                ConfigI2C
                0x0000000040240608                HTTPHandleInternalCallback
                0x0000000040240830                my_atoi
                0x0000000040240898                uart_config$1387
                0x0000000040240998                uart0_sendStr
                0x00000000402409c0                issue_command
                0x0000000040241268                procTask$part$0$1540
 *fill*         0x0000000040241342        0x2 
 .irom0.text    0x0000000040241344      0xa1e /tmp/cc9G7XRz.ltrans1.ltrans.o
                                        0xa5e (size before relaxing)
                0x0000000040241344                http_recvcb$1959
                0x0000000040241748                procTask$1535
 *fill*         0x0000000040241d62        0x2 
 .irom0.text    0x0000000040241d64      0x567 /tmp/cc9G7XRz.ltrans2.ltrans.o
                                        0x5b3 (size before relaxing)
                0x0000000040241d64                user_init
 *fill*         0x00000000402422cb        0x1 
 .irom0.text    0x00000000402422cc      0x56a /home/cnlohr/esp8266/esp_iot_sdk_v1.1.0/lib/libmain.a(eagle_lib.o)
                                        0x57a (size before relaxing)
                0x00000000402422d0                divide
                0x000000004024230c                skip_atoi
                0x000000004024248c                ets_vsnprintf
                0x00000000402427ec                ets_vsprintf
                0x0000000040242810                ets_sprintf
 *fill*         0x0000000040242836        0x2 
 .irom0.text    0x0000000040242838       0x54 /home/cnlohr/esp8266/esp_iot_sdk_v1.1.0/lib/libmain.a(mem_manager.o)
                                         0x58 (size before relaxing)
                0x000000004024283c                xPortGetFreeHeapSize
 .irom0.text    0x000000004024288c      0x225 /home/cnlohr/esp8266/esp_iot_sdk_v1.1.0/lib/libmain.a(spi_overlap.o)
                                        0x23d (size before relaxing)
                0x00000000402428a0                overlap_hspi_init
                0x000000004024293c                overlap_hspi_deinit
                0x00000000402429dc                overlap_hspi_read_data
 *fill*         0x0000000040242ab1        0x3 
 .irom0.text    0x0000000040242ab4     0x25dd /home/cnlohr/esp8266/esp_iot_sdk_v1.1.0/lib/libmain.a(user_interface.o)
                                       0x2c71 (size before relaxing)
                0x0000000040242ab8                system_set_os_print
                0x0000000040242ac8                system_get_os_print
                0x0000000040242c98                system_pp_recycle_rx_pkt
                0x0000000040242cac                system_adc_read
                0x0000000040242cc4                system_get_vdd33
                0x0000000040242ce0                system_restart
                0x0000000040242d44                system_restore
                0x0000000040242d88                system_get_flash_size_map
                0x0000000040242dac                system_get_boot_version
                0x0000000040242de4                system_get_test_result
                0x0000000040242e08                system_get_userbin_addr
                0x0000000040242ea0                system_get_boot_mode
                0x0000000040242ed0                system_restart_enhance
                0x0000000040242fd4                system_upgrade_userbin_set
                0x000000004024301c                system_upgrade_userbin_check
                0x000000004024305c                system_upgrade_flag_set
                0x0000000040243070                system_upgrade_flag_check
                0x0000000040243094                system_upgrade_reboot
                0x0000000040243198                system_deep_sleep
                0x00000000402431f8                system_deep_sleep_set_option
                0x0000000040243214                system_phy_set_max_tpw
                0x0000000040243228                system_phy_set_tpw_via_vdd33
                0x000000004024323c                system_phy_set_rfoption
                0x0000000040243254                system_update_cpu_freq
                0x00000000402432b0                system_get_cpu_freq
                0x00000000402432c8                system_overclock
                0x00000000402432f4                system_restoreclock
                0x0000000040243328                system_timer_reinit
                0x0000000040243344                system_relative_time
                0x0000000040243368                system_station_got_ip_set
                0x0000000040243474                system_print_meminfo
                0x00000000402434d4                system_get_free_heap_size
                0x00000000402434f0                system_get_chip_id
                0x0000000040243514                system_rtc_clock_cali_proc
                0x0000000040243528                system_get_rtc_time
                0x000000004024353c                system_mktime
                0x000000004024360c                system_init_done_cb
                0x0000000040243618                system_get_rst_info
                0x0000000040243620                wifi_softap_dhcps_start
                0x0000000040243668                wifi_softap_dhcps_stop
                0x00000000402436ac                wifi_softap_dhcps_status
                0x00000000402436b4                wifi_station_dhcpc_start
                0x0000000040243708                wifi_station_dhcpc_stop
                0x000000004024374c                wifi_station_dhcpc_status
                0x000000004024378c                wifi_get_opmode
                0x00000000402437a0                wifi_get_opmode_default
                0x000000004024381c                wifi_get_broadcast_if
                0x0000000040243858                wifi_set_broadcast_if
                0x0000000040243948                wifi_set_opmode
                0x000000004024395c                wifi_set_opmode_current
                0x0000000040243970                system_get_checksum
                0x0000000040243a24                wifi_param_save_protect
                0x0000000040243bc0                wifi_station_get_config
                0x0000000040243bd4                wifi_station_get_config_default
                0x0000000040243bf4                wifi_station_get_ap_info
                0x0000000040243cb0                wifi_station_ap_number_set
                0x0000000040243f28                wifi_station_set_config
                0x0000000040243f3c                wifi_station_set_config_current
                0x0000000040243f50                wifi_station_get_current_ap_id
                0x0000000040243f64                wifi_station_ap_check
                0x0000000040243f9c                wifi_station_ap_change
                0x0000000040244090                wifi_station_scan
                0x00000000402440dc                wifi_station_get_auto_connect
                0x00000000402440f0                wifi_station_set_auto_connect
                0x000000004024412c                wifi_station_connect
                0x00000000402441c0                wifi_station_disconnect
                0x0000000040244260                wifi_station_get_connect_status
                0x0000000040244290                wifi_station_set_reconnect_policy
                0x00000000402442a8                wifi_station_get_reconnect_policy
                0x00000000402442b0                wifi_station_get_rssi
                0x00000000402442f4                wifi_softap_cacl_mac
                0x0000000040244364                wifi_softap_set_default_ssid
                0x00000000402444e8                wifi_softap_get_config
                0x00000000402444fc                wifi_softap_get_config_default
                0x0000000040244754                wifi_softap_set_config
                0x0000000040244768                wifi_softap_set_config_current
                0x000000004024477c                wifi_softap_set_station_info
                0x00000000402447ec                wifi_softap_get_station_info
                0x0000000040244888                wifi_softap_free_station_info
                0x00000000402448bc                wifi_softap_get_station_num
                0x0000000040244910                wifi_softap_deauth
                0x00000000402449cc                wifi_get_phy_mode
                0x00000000402449d8                wifi_set_phy_mode
                0x0000000040244a80                wifi_set_sleep_type
                0x0000000040244aa0                wifi_get_sleep_type
                0x0000000040244ab8                wifi_get_channel
                0x0000000040244ad0                wifi_set_channel
                0x0000000040244b00                wifi_promiscuous_set_mac
                0x0000000040244b64                wifi_promiscuous_enable
                0x0000000040244c48                wifi_set_promiscuous_rx_cb
                0x0000000040244c6c                wifi_get_ip_info
                0x0000000040244d44                wifi_set_ip_info
                0x0000000040244df8                wifi_get_macaddr
                0x0000000040244e58                wifi_set_macaddr
                0x0000000040244f14                wifi_status_led_install
                0x0000000040244f54                wifi_status_led_uninstall
                0x0000000040244f78                wifi_set_status_led_output_level
                0x0000000040244f8c                wifi_set_event_handler_cb
                0x0000000040244fa0                system_os_task
                0x0000000040244fe4                system_uart_swap
                0x000000004024505c                system_uart_de_swap
                0x000000004024508c                system_get_sdk_version
 *fill*         0x0000000040245091        0x3 
 .irom0.text    0x0000000040245094      0x601 /home/cnlohr/esp8266/esp_iot_sdk_v1.1.0/lib/libmain.a(app_main.o)
                                        0x79d (size before relaxing)
                0x0000000040245250                wdt_init
                0x00000000402452dc                user_uart_wait_tx_fifo_empty
 *fill*         0x0000000040245695        0x3 
 .irom0.text    0x0000000040245698      0x2d2 /home/cnlohr/esp8266/esp_iot_sdk_v1.1.0/lib/libmain.a(eagle_lwip_if.o)
                                        0x36e (size before relaxing)
                0x0000000040245754                eagle_lwip_if_alloc
                0x00000000402458ec                eagle_lwip_if_free
                0x0000000040245948                eagle_lwip_getif
 *fill*         0x000000004024596a        0x2 
 .irom0.text    0x000000004024596c      0x34b /home/cnlohr/esp8266/esp_iot_sdk_v1.1.0/lib/libnet80211.a(ieee80211.o)
                                        0x3e7 (size before relaxing)
                0x0000000040245a04                ieee80211_ifattach
                0x0000000040245a54                ieee80211_mhz2ieee
                0x0000000040245aac                ieee80211_chan2ieee
                0x0000000040245ad0                ieee80211_ieee2mhz
                0x0000000040245b08                ieee80211_find_channel
                0x0000000040245b30                ieee80211_find_channel_byieee
                0x0000000040245b7c                wifi_mode_set
 *fill*         0x0000000040245cb7        0x1 
 .irom0.text    0x0000000040245cb8       0xc7 /home/cnlohr/esp8266/esp_iot_sdk_v1.1.0/lib/libnet80211.a(ieee80211_crypto.o)
                                         0xcf (size before relaxing)
                0x0000000040245cb8                ieee80211_crypto_attach
                0x0000000040245cbc                ieee80211_crypto_available
                0x0000000040245cc0                ieee80211_crypto_setkey
                0x0000000040245cc4                ieee80211_crypto_encap
                0x0000000040245d14                ieee80211_crypto_decap
 *fill*         0x0000000040245d7f        0x1 
 .irom0.text    0x0000000040245d80      0xf92 /home/cnlohr/esp8266/esp_iot_sdk_v1.1.0/lib/libnet80211.a(ieee80211_hostap.o)
                                       0x1256 (size before relaxing)
                0x00000000402460d4                ieee80211_hostap_attach
                0x000000004024619c                hostap_handle_timer
                0x0000000040246234                hostap_input
                0x0000000040246b18                wifi_softap_start
                0x0000000040246c0c                wifi_softap_stop
 *fill*         0x0000000040246d12        0x2 
 .irom0.text    0x0000000040246d14      0xa94 /home/cnlohr/esp8266/esp_iot_sdk_v1.1.0/lib/libnet80211.a(ieee80211_ht.o)
                                        0xb44 (size before relaxing)
                0x0000000040246d24                ieee80211_ht_attach
                0x0000000040246d74                ieee80211_ht_node_init
                0x0000000040246db4                ieee80211_ht_node_cleanup
                0x0000000040246dec                ieee80211_parse_htcap
                0x0000000040246ed0                ieee80211_ht_updateparams
                0x0000000040246fe8                ieee80211_setup_htrates
                0x00000000402470bc                ieee80211_setup_basic_htrates
                0x0000000040247420                ieee80211_add_htcap
                0x000000004024743c                ieee80211_add_htcap_vendor
                0x0000000040247560                ieee80211_add_htinfo
                0x000000004024757c                ieee80211_add_htinfo_vendor
 .irom0.text    0x00000000402477a8      0x8e0 /home/cnlohr/esp8266/esp_iot_sdk_v1.1.0/lib/libnet80211.a(ieee80211_input.o)
                                        0x950 (size before relaxing)
                0x00000000402477a8                ieee80211_deliver_data
                0x0000000040247800                ieee80211_decap
                0x0000000040247908                ieee80211_setup_rates
                0x0000000040247974                ieee80211_alloc_challenge
                0x00000000402479a8                ieee80211_parse_beacon
                0x0000000040247e18                ieee80211_parse_wpa
                0x0000000040247f30                ieee80211_parse_rsn
                0x000000004024802c                ieee80211_parse_action
                0x0000000040248084                ieee80211_setup_rateset
 .irom0.text    0x0000000040248088     0x1743 /home/cnlohr/esp8266/esp_iot_sdk_v1.1.0/lib/libnet80211.a(ieee80211_output.o)
                                       0x1983 (size before relaxing)
                0x0000000040248094                ieee80211_output_pbuf
                0x0000000040248310                ieee80211_send_setup
                0x0000000040248444                ieee80211_mgmt_output
                0x0000000040248538                ieee80211_tx_mgt_cb
                0x000000004024853c                ieee80211_send_nulldata
                0x0000000040248994                ieee80211_add_rates
                0x00000000402489cc                ieee80211_add_xrates
                0x0000000040248a68                ieee80211_send_probereq
                0x0000000040248c14                ieee80211_getcapinfo
                0x0000000040248c70                ieee80211_send_mgmt
                0x00000000402491d8                ieee80211_alloc_proberesp
                0x0000000040249378                ieee80211_send_proberesp
                0x0000000040249680                ieee80211_beacon_alloc
 *fill*         0x00000000402497cb        0x1 
 .irom0.text    0x00000000402497cc      0x147 /home/cnlohr/esp8266/esp_iot_sdk_v1.1.0/lib/libnet80211.a(ieee80211_phy.o)
                                        0x16f (size before relaxing)
                0x00000000402497d0                ieee80211_get_11g_ratetable
                0x00000000402497dc                ieee80211_get_ratetable
                0x00000000402497f4                ieee80211_phy_init
                0x0000000040249828                ieee80211_phy_type_get
                0x0000000040249838                ieee80211_setup_ratetable
                0x000000004024986c                ieee80211_compute_duration
                0x00000000402498ec                ieee80211_dot11Rate_rix
 *fill*         0x0000000040249913        0x1 
 .irom0.text    0x0000000040249914      0x1c2 /home/cnlohr/esp8266/esp_iot_sdk_v1.1.0/lib/libnet80211.a(ieee80211_power.o)
                                        0x1f2 (size before relaxing)
                0x0000000040249914                ieee80211_psq_init
                0x0000000040249934                ieee80211_psq_cleanup
                0x000000004024993c                ieee80211_set_tim
                0x000000004024997c                ieee80211_pwrsave
                0x00000000402499e8                pwrsave_flushq
                0x0000000040249aa0                ieee80211_node_pwrsave
 *fill*         0x0000000040249ad6        0x2 
 .irom0.text    0x0000000040249ad8      0x15b /home/cnlohr/esp8266/esp_iot_sdk_v1.1.0/lib/libnet80211.a(ieee80211_proto.o)
                                        0x177 (size before relaxing)
                0x0000000040249adc                ieee80211_proto_attach
                0x0000000040249b04                ieee80211_set_shortslottime
                0x0000000040249b20                ieee80211_iserp_rateset
                0x0000000040249bb4                ieee80211_setbasicrates
                0x0000000040249bc8                ieee80211_addbasicrates
                0x0000000040249bdc                ieee80211_wme_initparams
                0x0000000040249be0                ieee80211_wme_updateparams
                0x0000000040249be4                ieee80211_mlme_connect_bss
 *fill*         0x0000000040249c33        0x1 
 .irom0.text    0x0000000040249c34      0xd22 /home/cnlohr/esp8266/esp_iot_sdk_v1.1.0/lib/libnet80211.a(ieee80211_scan.o)
                                        0xfe6 (size before relaxing)
                0x0000000040249c44                ieee80211_scan_attach
                0x0000000040249cc8                scan_start
                0x0000000040249f44                scan_cancel
                0x000000004024a090                scan_add_bssid
                0x000000004024a0b4                scan_remove_bssid
                0x000000004024a0c0                scan_hidden_ssid
                0x000000004024a0c8                scan_add_probe_ssid
                0x000000004024a108                scan_remove_probe_ssid
                0x000000004024a240                scan_clear_channles
                0x000000004024a2b4                scan_set_desChan
                0x000000004024a2c0                scan_get_type
                0x000000004024a2c8                cannel_scan_connect_state
                0x000000004024a2e8                scan_connect_state
                0x000000004024a330                scan_check_hidden
                0x000000004024a35c                scan_profile_check
                0x000000004024a680                scan_parse_beacon
 *fill*         0x000000004024a956        0x2 
 .irom0.text    0x000000004024a958      0xc47 /home/cnlohr/esp8266/esp_iot_sdk_v1.1.0/lib/libnet80211.a(ieee80211_sta.o)
                                        0xe1e (size before relaxing)
                0x000000004024a984                sta_status_set
                0x000000004024a9cc                ieee80211_sta_new_state
                0x000000004024ac94                sta_input
                0x000000004024b008                ieee80211_parse_wmeparams
                0x000000004024b4f4                wifi_station_start
                0x000000004024b568                wifi_station_stop
 *fill*         0x000000004024b59f        0x1 
 .irom0.text    0x000000004024b5a0      0x1ee /home/cnlohr/esp8266/esp_iot_sdk_v1.1.0/lib/libnet80211.a(wl_chm.o)
                                        0x256 (size before relaxing)
                0x000000004024b5ac                chm_init
                0x000000004024b614                chm_start_op
                0x000000004024b6bc                chm_end_op
                0x000000004024b708                chm_set_current_channel
                0x000000004024b738                chm_freq2index
                0x000000004024b760                chm_check_same_channel
 *fill*         0x000000004024b78e        0x2 
 .irom0.text    0x000000004024b790     0x14d3 /home/cnlohr/esp8266/esp_iot_sdk_v1.1.0/lib/libnet80211.a(wl_cnx.o)
                                       0x1917 (size before relaxing)
                0x000000004024b79c                cnx_attach
                0x000000004024b7dc                cnx_sta_connect_led_timer_cb
                0x000000004024b830                cnx_sta_connect_cmd
                0x000000004024b8ec                cnx_sta_scan_cmd
                0x000000004024bb48                cnx_connect_timeout
                0x000000004024bbb0                cnx_start_handoff_cb
                0x000000004024c004                cnx_bss_alloc
                0x000000004024c0b4                cnx_rc_search
                0x000000004024c17c                cnx_add_rc
                0x000000004024c278                cnx_remove_rc
                0x000000004024c3dc                cnx_rc_update_rssi
                0x000000004024c464                cnx_rc_update_state_metric
                0x000000004024c4d0                cnx_rc_update_age
                0x000000004024c4f4                cnx_update_bss
                0x000000004024c52c                cnx_update_bss_more
                0x000000004024c6dc                cnx_sta_leave
                0x000000004024c820                cnx_sta_associated
                0x000000004024c888                cnx_node_alloc
                0x000000004024c8e8                cnx_node_remove
                0x000000004024c960                cnx_node_search
                0x000000004024c9c8                cnx_node_leave
                0x000000004024cab0                cnx_node_join
 *fill*         0x000000004024cc63        0x1 
 .irom0.text    0x000000004024cc64      0x161 /home/cnlohr/esp8266/esp_iot_sdk_v1.1.0/lib/libnet80211.a(ieee80211_action.o)
                                        0x181 (size before relaxing)
                0x000000004024cc74                ieee80211_send_action_register
                0x000000004024cca8                ieee80211_send_action_unregister
                0x000000004024ccbc                ieee80211_send_action
                0x000000004024cd20                ieee80211_recv_action_register
                0x000000004024cd54                ieee80211_recv_action_unregister
                0x000000004024cd68                ieee80211_recv_action
 *fill*         0x000000004024cdc5        0x3 
 .irom0.text    0x000000004024cdc8       0x4c /home/cnlohr/esp8266/esp_iot_sdk_v1.1.0/lib/libnet80211.a(ieee80211_ets.o)
                                         0x50 (size before relaxing)
                0x000000004024cdcc                ieee80211_getmgtframe
 .irom0.text    0x000000004024ce14     0x121a /home/cnlohr/esp8266/esp_iot_sdk_v1.1.0/lib/liblwip.a(dhcp.o)
                                       0x14a6 (size before relaxing)
                0x000000004024d024                dhcp_coarse_tmr
                0x000000004024d06c                dhcp_fine_tmr
                0x000000004024d294                dhcp_set_struct
                0x000000004024d2b8                dhcp_cleanup
                0x000000004024d2dc                dhcp_start
                0x000000004024d38c                dhcp_inform
                0x000000004024d434                dhcp_network_changed
                0x000000004024d47c                dhcp_arp_reply
                0x000000004024d710                dhcp_renew
                0x000000004024d910                dhcp_release
                0x000000004024d9d0                dhcp_stop
 *fill*         0x000000004024e02e        0x2 
 .irom0.text    0x000000004024e030      0xa17 /home/cnlohr/esp8266/esp_iot_sdk_v1.1.0/lib/liblwip.a(dhcpserver.o)
                                        0xb8f (size before relaxing)
                0x000000004024e030                node_insert_to_list
                0x000000004024e04c                node_remove_from_list
                0x000000004024e794                dhcps_start
                0x000000004024e814                dhcps_stop
                0x000000004024e87c                wifi_softap_set_dhcps_lease
                0x000000004024e998                dhcps_coarse_tmr
                0x000000004024ea04                wifi_softap_set_dhcps_offer_option
 *fill*         0x000000004024ea47        0x1 
 .irom0.text    0x000000004024ea48      0x59f /home/cnlohr/esp8266/esp_iot_sdk_v1.1.0/lib/liblwip.a(dns.o)
                                        0x64f (size before relaxing)
                0x000000004024ea54                dns_init
                0x000000004024eaa8                dns_setserver
                0x000000004024ead4                dns_getserver
                0x000000004024ef90                dns_gethostbyname
 *fill*         0x000000004024efe7        0x1 
 .irom0.text    0x000000004024efe8      0x8d2 /home/cnlohr/esp8266/esp_iot_sdk_v1.1.0/lib/liblwip.a(espconn.o)
                                        0x9ae (size before relaxing)
                0x000000004024efe8                espconn_copy_partial
                0x000000004024f078                espconn_list_creat
                0x000000004024f098                espconn_list_delete
                0x000000004024f0c0                espconn_pbuf_create
                0x000000004024f0dc                espconn_pbuf_delete
                0x000000004024f104                espconn_find_connection
                0x000000004024f1a4                espconn_connect
                0x000000004024f288                espconn_create
                0x000000004024f2d0                espconn_sent
                0x000000004024f370                espconn_tcp_get_wnd
                0x000000004024f394                espconn_tcp_set_wnd
                0x000000004024f3b0                espconn_tcp_get_max_con
                0x000000004024f3c0                espconn_tcp_set_max_con
                0x000000004024f3d8                espconn_tcp_get_max_con_allow
                0x000000004024f400                espconn_tcp_set_max_con_allow
                0x000000004024f434                espconn_regist_sentcb
                0x000000004024f440                espconn_regist_write_finish
                0x000000004024f458                espconn_regist_connectcb
                0x000000004024f468                espconn_regist_recvcb
                0x000000004024f474                espconn_regist_reconcb
                0x000000004024f484                espconn_regist_disconcb
                0x000000004024f498                espconn_get_connection_info
                0x000000004024f564                espconn_accept
                0x000000004024f5ac                espconn_regist_time
                0x000000004024f5f0                espconn_disconnect
                0x000000004024f628                espconn_get_packet_info
                0x000000004024f6b8                espconn_set_opt
                0x000000004024f710                espconn_clear_opt
                0x000000004024f770                espconn_set_keepalive
                0x000000004024f7dc                espconn_get_keepalive
                0x000000004024f84c                espconn_delete
                0x000000004024f88c                espconn_gethostbyname
                0x000000004024f8a8                espconn_dns_setserver
 *fill*         0x000000004024f8ba        0x2 
 .irom0.text    0x000000004024f8bc      0xe64 /home/cnlohr/esp8266/esp_iot_sdk_v1.1.0/lib/liblwip.a(espconn_tcp.o)
                                       0x1104 (size before relaxing)
                0x000000004024f94c                espconn_kill_oldest_pcb
                0x000000004024f9b8                espconn_kill_pcb
                0x000000004024fa30                espconn_find_current_pcb
                0x000000004024fcf8                espconn_tcp_sent
                0x000000004024fdb0                espconn_tcp_disconnect
                0x000000004024fe30                espconn_recv_hold
                0x000000004024fe74                espconn_recv_unhold
                0x000000004024ff70                espconn_tcp_write
                0x0000000040250194                espconn_tcp_client
                0x00000000402505d4                espconn_tcp_server
                0x000000004025067c                espconn_tcp_delete
                0x0000000040250704                espconn_init
 .irom0.text    0x0000000040250720      0x46e /home/cnlohr/esp8266/esp_iot_sdk_v1.1.0/lib/liblwip.a(espconn_udp.o)
                                        0x56e (size before relaxing)
                0x0000000040250770                espconn_udp_sent
                0x00000000402509d8                espconn_udp_disconnect
                0x0000000040250a10                espconn_udp_server
                0x0000000040250a74                espconn_igmp_leave
                0x0000000040250a94                espconn_igmp_join
                0x0000000040250ab8                espconn_mdns_enable
                0x0000000040250ad0                espconn_mdns_disable
                0x0000000040250ae8                espconn_mdns_set_hostname
                0x0000000040250b00                espconn_mdns_get_hostname
                0x0000000040250b14                espconn_mdns_set_servername
                0x0000000040250b28                espconn_mdns_get_servername
                0x0000000040250b3c                espconn_mdns_server_register
                0x0000000040250b50                espconn_mdns_server_unregister
                0x0000000040250b68                espconn_mdns_close
                0x0000000040250b7c                espconn_mdns_init
 *fill*         0x0000000040250b8e        0x2 
 .irom0.text    0x0000000040250b90      0x8bf /home/cnlohr/esp8266/esp_iot_sdk_v1.1.0/lib/liblwip.a(etharp.o)
                                        0x9a7 (size before relaxing)
                0x0000000040250bc4                etharp_tmr
                0x0000000040250de4                etharp_cleanup_netif
                0x0000000040250e20                etharp_find_addr
                0x0000000040251078                etharp_output
                0x0000000040251190                etharp_query
                0x00000000402513b4                etharp_request
                0x00000000402513d8                ethernet_input
 *fill*         0x000000004025144f        0x1 
 .irom0.text    0x0000000040251450      0x5e9 /home/cnlohr/esp8266/esp_iot_sdk_v1.1.0/lib/liblwip.a(igmp.o)
                                        0x690 (size before relaxing)
                0x000000004025145c                igmp_init
                0x000000004025146c                igmp_start
                0x00000000402514a8                igmp_stop
                0x0000000040251508                igmp_report_groups
                0x0000000040251538                igmp_lookfor_group
                0x00000000402515f0                igmp_input
                0x0000000040251748                igmp_joingroup
                0x00000000402517f4                igmp_leavegroup
                0x000000004025189c                igmp_tmr
 *fill*         0x0000000040251a39        0x3 
 .irom0.text    0x0000000040251a3c       0x30 /home/cnlohr/esp8266/esp_iot_sdk_v1.1.0/lib/liblwip.a(init.o)
                                         0x50 (size before relaxing)
                0x0000000040251a40                lwip_init
 .irom0.text    0x0000000040251a6c      0x390 /home/cnlohr/esp8266/esp_iot_sdk_v1.1.0/lib/liblwip.a(ip_addr.o)
                                        0x3b8 (size before relaxing)
                0x0000000040251a6c                ip4_addr_isbroadcast
                0x0000000040251a98                ip4_addr_netmask_valid
                0x0000000040251adc                ipaddr_addr
                0x0000000040251af8                ipaddr_aton
                0x0000000040251d24                ipaddr_ntoa
                0x0000000040251d38                ipaddr_ntoa_r
 .irom0.text    0x0000000040251dfc      0x595 /home/cnlohr/esp8266/esp_iot_sdk_v1.1.0/lib/liblwip.a(ip.o)
                                        0x641 (size before relaxing)
                0x0000000040251dfc                ip_route
                0x0000000040251e78                ip_router
                0x0000000040251ef4                ip_input
                0x0000000040252158                ip_output_if
                0x0000000040252174                ip_output_if_opt
                0x0000000040252358                ip_output
 *fill*         0x0000000040252391        0x3 
 .irom0.text    0x0000000040252394      0xb71 /home/cnlohr/esp8266/esp_iot_sdk_v1.1.0/lib/liblwip.a(mdns.o)
                                        0xd79 (size before relaxing)
                0x0000000040252cfc                mdns_set_servername
                0x0000000040252d2c                mdns_get_servername
                0x0000000040252d44                mdns_server_unregister
                0x0000000040252d7c                mdns_server_register
                0x0000000040252dcc                mdns_reg
                0x0000000040252e24                mdns_init
 *fill*         0x0000000040252f05        0x3 
 .irom0.text    0x0000000040252f08      0x27d /home/cnlohr/esp8266/esp_iot_sdk_v1.1.0/lib/liblwip.a(netif.o)
                                        0x2c9 (size before relaxing)
                0x0000000040252f08                netif_init
                0x0000000040252f10                netif_add
                0x0000000040252f78                netif_set_addr
                0x0000000040252fa0                netif_remove
                0x0000000040252ffc                netif_find
                0x0000000040253038                netif_set_ipaddr
                0x00000000402530a0                netif_set_gw
                0x00000000402530b0                netif_set_netmask
                0x00000000402530c0                netif_set_default
                0x00000000402530c8                netif_set_up
                0x0000000040253104                netif_set_down
                0x0000000040253128                netif_set_link_up
                0x0000000040253174                netif_set_link_down
 *fill*         0x0000000040253185        0x3 
 .irom0.text    0x0000000040253188      0x622 /home/cnlohr/esp8266/esp_iot_sdk_v1.1.0/lib/liblwip.a(pbuf.o)
                                        0x66a (size before relaxing)
                0x0000000040253188                pbuf_alloc
                0x00000000402532d8                pbuf_realloc
                0x0000000040253320                pbuf_header
                0x000000004025338c                pbuf_free
                0x0000000040253404                pbuf_clen
                0x000000004025341c                pbuf_ref
                0x0000000040253428                pbuf_cat
                0x0000000040253454                pbuf_chain
                0x0000000040253470                pbuf_dechain
                0x00000000402534ac                pbuf_copy
                0x0000000040253550                pbuf_copy_partial
                0x00000000402535d8                pbuf_take
                0x000000004025363c                pbuf_coalesce
                0x0000000040253670                pbuf_get_at
                0x0000000040253698                pbuf_memcmp
                0x000000004025370c                pbuf_memfind
                0x0000000040253760                pbuf_strstr
 *fill*         0x00000000402537aa        0x2 
 .irom0.text    0x00000000402537ac      0x1df /home/cnlohr/esp8266/esp_iot_sdk_v1.1.0/lib/liblwip.a(raw.o)
                                        0x233 (size before relaxing)
                0x00000000402537b4                raw_input
                0x000000004025383c                raw_bind
                0x000000004025384c                raw_connect
                0x000000004025385c                raw_recv
                0x0000000040253864                raw_sendto
                0x0000000040253900                raw_send
                0x0000000040253914                raw_remove
                0x0000000040253948                raw_new
 *fill*         0x000000004025398b        0x1 
 .irom0.text    0x000000004025398c     0x10a9 /home/cnlohr/esp8266/esp_iot_sdk_v1.1.0/lib/liblwip.a(tcp_in.o)
                                       0x12ad (size before relaxing)
                0x0000000040253990                tcp_input