Archive member included because of file (symbol)

/home/cnlohr/esp8266/esp_iot_sdk_v1.1.0/lib/libmain.a(eagle_lib.o)
                              /tmp/ccK59VhQ.o (symbol from plugin) (ets_sprintf)
/home/cnlohr/esp8266/esp_iot_sdk_v1.1.0/lib/libmain.a(ets_timer.o)
                              /tmp/ccK59VhQ.o (symbol from plugin) (ets_timer_arm_new)
/home/cnlohr/esp8266/esp_iot_sdk_v1.1.0/lib/libmain.a(mem_manager.o)
                              /tmp/ccK59VhQ.o (symbol from plugin) (pvPortZalloc)
/home/cnlohr/esp8266/esp_iot_sdk_v1.1.0/lib/libmain.a(spi_flash.o)
                              /tmp/ccQsePku.o (symbol from plugin) (spi_flash_erase_sector)
/home/cnlohr/esp8266/esp_iot_sdk_v1.1.0/lib/libmain.a(spi_overlap.o)
                              /home/cnlohr/esp8266/esp_iot_sdk_v1.1.0/lib/libmain.a(spi_flash.o) (overlap_hspi_read_data)
/home/cnlohr/esp8266/esp_iot_sdk_v1.1.0/lib/libmain.a(user_interface.o)
                              /home/cnlohr/esp8266/esp_iot_sdk_v1.1.0/lib/libmain.a(ets_timer.o) (timer2_ms_flag)
/home/cnlohr/esp8266/esp_iot_sdk_v1.1.0/lib/libmain.a(debug-vector.o)
                              (_DebugExceptionVector)
/home/cnlohr/esp8266/esp_iot_sdk_v1.1.0/lib/libmain.a(double-vector.o)
                              (_DoubleExceptionVector)
/home/cnlohr/esp8266/esp_iot_sdk_v1.1.0/lib/libmain.a(kernel-vector.o)
                              (_KernelExceptionVector)
/home/cnlohr/esp8266/esp_iot_sdk_v1.1.0/lib/libmain.a(nmi-vector.o)
                              (_NMIExceptionVector)
/home/cnlohr/esp8266/esp_iot_sdk_v1.1.0/lib/libmain.a(user-vector.o)
                              (_UserExceptionVector)
/home/cnlohr/esp8266/esp_iot_sdk_v1.1.0/lib/libmain.a(vector.o)
                              (call_user_start)
/home/cnlohr/esp8266/esp_iot_sdk_v1.1.0/lib/libmain.a(app_main.o)
                              /home/cnlohr/esp8266/esp_iot_sdk_v1.1.0/lib/libmain.a(user_interface.o) (info)
/home/cnlohr/esp8266/esp_iot_sdk_v1.1.0/lib/libmain.a(eagle_lwip_if.o)
                              /home/cnlohr/esp8266/esp_iot_sdk_v1.1.0/lib/libmain.a(user_interface.o) (eagle_lwip_getif)
/home/cnlohr/esp8266/esp_iot_sdk_v1.1.0/lib/libnet80211.a(ieee80211.o)
                              /home/cnlohr/esp8266/esp_iot_sdk_v1.1.0/lib/libmain.a(user_interface.o) (g_ic)
/home/cnlohr/esp8266/esp_iot_sdk_v1.1.0/lib/libnet80211.a(ieee80211_crypto.o)
                              /home/cnlohr/esp8266/esp_iot_sdk_v1.1.0/lib/libnet80211.a(ieee80211.o) (ieee80211_crypto_attach)
/home/cnlohr/esp8266/esp_iot_sdk_v1.1.0/lib/libnet80211.a(ieee80211_hostap.o)
                              /home/cnlohr/esp8266/esp_iot_sdk_v1.1.0/lib/libmain.a(user_interface.o) (wifi_softap_start)
/home/cnlohr/esp8266/esp_iot_sdk_v1.1.0/lib/libnet80211.a(ieee80211_ht.o)
                              /home/cnlohr/esp8266/esp_iot_sdk_v1.1.0/lib/libmain.a(user_interface.o) (ieee80211_ht_attach)
/home/cnlohr/esp8266/esp_iot_sdk_v1.1.0/lib/libnet80211.a(ieee80211_input.o)
                              /home/cnlohr/esp8266/esp_iot_sdk_v1.1.0/lib/libnet80211.a(ieee80211_hostap.o) (ieee80211_decap)
/home/cnlohr/esp8266/esp_iot_sdk_v1.1.0/lib/libnet80211.a(ieee80211_output.o)
                              /home/cnlohr/esp8266/esp_iot_sdk_v1.1.0/lib/libmain.a(eagle_lwip_if.o) (ieee80211_output_pbuf)
/home/cnlohr/esp8266/esp_iot_sdk_v1.1.0/lib/libnet80211.a(ieee80211_phy.o)
                              /home/cnlohr/esp8266/esp_iot_sdk_v1.1.0/lib/libnet80211.a(ieee80211.o) (ieee80211_get_ratetable)
/home/cnlohr/esp8266/esp_iot_sdk_v1.1.0/lib/libnet80211.a(ieee80211_power.o)
                              /home/cnlohr/esp8266/esp_iot_sdk_v1.1.0/lib/libnet80211.a(ieee80211_hostap.o) (ieee80211_psq_init)
/home/cnlohr/esp8266/esp_iot_sdk_v1.1.0/lib/libnet80211.a(ieee80211_proto.o)
                              /home/cnlohr/esp8266/esp_iot_sdk_v1.1.0/lib/libnet80211.a(ieee80211_hostap.o) (ieee80211_addr_bcast)
/home/cnlohr/esp8266/esp_iot_sdk_v1.1.0/lib/libnet80211.a(ieee80211_scan.o)
                              /home/cnlohr/esp8266/esp_iot_sdk_v1.1.0/lib/libmain.a(user_interface.o) (scannum)
/home/cnlohr/esp8266/esp_iot_sdk_v1.1.0/lib/libnet80211.a(ieee80211_sta.o)
                              /home/cnlohr/esp8266/esp_iot_sdk_v1.1.0/lib/libmain.a(user_interface.o) (ieee80211_sta_new_state)
/home/cnlohr/esp8266/esp_iot_sdk_v1.1.0/lib/libnet80211.a(wl_chm.o)
                              /home/cnlohr/esp8266/esp_iot_sdk_v1.1.0/lib/libnet80211.a(ieee80211.o) (chm_init)
/home/cnlohr/esp8266/esp_iot_sdk_v1.1.0/lib/libnet80211.a(wl_cnx.o)
                              /home/cnlohr/esp8266/esp_iot_sdk_v1.1.0/lib/libmain.a(user_interface.o) (sta_con_timer)
/home/cnlohr/esp8266/esp_iot_sdk_v1.1.0/lib/libnet80211.a(ieee80211_action.o)
                              /home/cnlohr/esp8266/esp_iot_sdk_v1.1.0/lib/libnet80211.a(ieee80211_ht.o) (ieee80211_send_action_register)
/home/cnlohr/esp8266/esp_iot_sdk_v1.1.0/lib/libnet80211.a(ieee80211_ets.o)
[...]
Memory Configuration

Name             Origin             Length             Attributes
dport0_0_seg     0x000000003ff00000 0x0000000000000010
dram0_0_seg      0x000000003ffe8000 0x0000000000014000
iram1_0_seg      0x0000000040100000 0x0000000000008000
irom0_0_seg      0x0000000040240000 0x000000000003c000
*default*        0x0000000000000000 0xffffffffffffffff

Linker script and memory map

LOAD /tmp/ccOhV6ho.o
LOAD /tmp/cclghX12.ltrans0.ltrans.o
LOAD /tmp/cclghX12.ltrans1.ltrans.o
LOAD /tmp/cclghX12.ltrans2.ltrans.o
LOAD /tmp/ccSnMYRc.o
LOAD /tmp/ccIqDrw1.o
LOAD /tmp/ccK59VhQ.o
LOAD /tmp/ccY07V8E.o
LOAD /tmp/ccQsePku.o
LOAD /tmp/ccgG2IJj.o
LOAD /tmp/cckEoNc9.o
LOAD /tmp/ccxusTKY.o
LOAD /tmp/ccTT4rrO.o
LOAD /tmp/ccpkWzdE.o
LOAD /tmp/ccjf3l3t.o
LOAD /home/cnlohr/esp8266/esp-open-sdk/xtensa-lx106-elf/lib/gcc/xtensa-lx106-elf/4.8.2/libgcc.a
LOAD /home/cnlohr/esp8266/esp_iot_sdk_v1.1.0/lib/libmain.a
LOAD /home/cnlohr/esp8266/esp_iot_sdk_v1.1.0/lib/libnet80211.a
LOAD /home/cnlohr/esp8266/esp_iot_sdk_v1.1.0/lib/liblwip.a
LOAD /home/cnlohr/esp8266/esp_iot_sdk_v1.1.0/lib/libwpa.a
LOAD /home/cnlohr/esp8266/esp_iot_sdk_v1.1.0/lib/libnet80211.a
LOAD /home/cnlohr/esp8266/esp_iot_sdk_v1.1.0/lib/libphy.a
LOAD /home/cnlohr/esp8266/esp_iot_sdk_v1.1.0/lib/libpp.a
LOAD /home/cnlohr/esp8266/esp-open-sdk/xtensa-lx106-elf/lib/gcc/xtensa-lx106-elf/4.8.2/libgcc.a
                0x0000000040000000                PROVIDE (_memmap_vecbase_reset, 0x40000000)
                0x0000000000000110                _memmap_cacheattr_wb_base = 0x110
                0x0000000000000110                _memmap_cacheattr_wt_base = 0x110
                0x0000000000000220                _memmap_cacheattr_bp_base = 0x220
                0x00000000fffff00f                _memmap_cacheattr_unused_mask = 0xfffff00f
                0x000000002222211f                _memmap_cacheattr_wb_trapnull = 0x2222211f
                0x000000002222211f                _memmap_cacheattr_wba_trapnull = 0x2222211f
                0x000000002222211f                _memmap_cacheattr_wbna_trapnull = 0x2222211f
                0x000000002222211f                _memmap_cacheattr_wt_trapnull = 0x2222211f
                0x000000002222222f                _memmap_cacheattr_bp_trapnull = 0x2222222f
                0x00000000fffff11f                _memmap_cacheattr_wb_strict = 0xfffff11f
                0x00000000fffff11f                _memmap_cacheattr_wt_strict = 0xfffff11f
                0x00000000fffff22f                _memmap_cacheattr_bp_strict = 0xfffff22f
                0x0000000022222112                _memmap_cacheattr_wb_allvalid = 0x22222112
                0x0000000022222112                _memmap_cacheattr_wt_allvalid = 0x22222112
                0x0000000022222222                _memmap_cacheattr_bp_allvalid = 0x22222222
                0x000000002222211f                PROVIDE (_memmap_cacheattr_reset, _memmap_cacheattr_wb_trapnull)

.dport0.rodata  0x000000003ff00000        0x0
                0x000000003ff00000                _dport0_rodata_start = ABSOLUTE (.)
 *(.dport0.rodata)
 *(.dport.rodata)
                0x000000003ff00000                _dport0_rodata_end = ABSOLUTE (.)

.dport0.literal
                0x000000003ff00000        0x0
                0x000000003ff00000                _dport0_literal_start = ABSOLUTE (.)
 *(.dport0.literal)
 *(.dport.literal)
                0x000000003ff00000                _dport0_literal_end = ABSOLUTE (.)

.dport0.data    0x000000003ff00000        0x0
                0x000000003ff00000                _dport0_data_start = ABSOLUTE (.)
 *(.dport0.data)
 *(.dport.data)
                0x000000003ff00000                _dport0_data_end = ABSOLUTE (.)

.data           0x000000003ffe8000      0x534
                0x000000003ffe8000                _data_start = ABSOLUTE (.)
 *(.data)
 .data          0x000000003ffe8000        0x4 /tmp/cclghX12.ltrans1.ltrans.o
                0x000000003ffe8000                bus_online
 .data          0x000000003ffe8004        0x5 /home/cnlohr/esp8266/esp_iot_sdk_v1.1.0/lib/libmain.a(user_interface.o)
                0x000000003ffe8005                timer2_ms_flag
                0x000000003ffe8006                dhcps_flag
                0x000000003ffe8007                dhcpc_flag
                0x000000003ffe8008                reconnect_internal
 .data          0x000000003ffe8009        0x4 /home/cnlohr/esp8266/esp_iot_sdk_v1.1.0/lib/libmain.a(nmi-vector.o)
                0x000000003ffe8009                _Pri_3_HandlerAddress
 *fill*         0x000000003ffe800d        0x3 
 .data          0x000000003ffe8010        0x1 /home/cnlohr/esp8266/esp_iot_sdk_v1.1.0/lib/libmain.a(app_main.o)
 *fill*         0x000000003ffe8011        0x3 
 .data          0x000000003ffe8014      0x1a8 /home/cnlohr/esp8266/esp_iot_sdk_v1.1.0/lib/libnet80211.a(ieee80211_phy.o)
 *fill*         0x000000003ffe81bc        0x4 
 .data          0x000000003ffe81c0        0x6 /home/cnlohr/esp8266/esp_iot_sdk_v1.1.0/lib/libnet80211.a(ieee80211_proto.o)
                0x000000003ffe81c0                ieee80211_addr_bcast
 *fill*         0x000000003ffe81c6        0x2 
 .data          0x000000003ffe81c8       0x1c /home/cnlohr/esp8266/esp_iot_sdk_v1.1.0/lib/libnet80211.a(ieee80211_action.o)
 .data          0x000000003ffe81e4        0x4 /home/cnlohr/esp8266/esp_iot_sdk_v1.1.0/lib/liblwip.a(dhcp.o)
 .data          0x000000003ffe81e8        0x8 /home/cnlohr/esp8266/esp_iot_sdk_v1.1.0/lib/liblwip.a(dhcpserver.o)
 .data          0x000000003ffe81f0        0x8 /home/cnlohr/esp8266/esp_iot_sdk_v1.1.0/lib/liblwip.a(tcp.o)
 .data          0x000000003ffe81f8       0x18 /home/cnlohr/esp8266/esp_iot_sdk_v1.1.0/lib/libnet80211.a(ieee80211_crypto_ccmp.o)
                0x000000003ffe81f8                ccmp
 .data          0x000000003ffe8210       0x18 /home/cnlohr/esp8266/esp_iot_sdk_v1.1.0/lib/libnet80211.a(ieee80211_crypto_tkip.o)
                0x000000003ffe8210                tkip
 .data          0x000000003ffe8228       0x18 /home/cnlohr/esp8266/esp_iot_sdk_v1.1.0/lib/libnet80211.a(ieee80211_crypto_wep.o)
                0x000000003ffe8228                wep
 .data          0x000000003ffe8240       0x53 /home/cnlohr/esp8266/esp_iot_sdk_v1.1.0/lib/libphy.a(phy_chip_v6.o)
                0x000000003ffe8242                tx_rf_ana_gain
                0x000000003ffe8264                tx_pwctrl_atten_init_en
                0x000000003ffe8270                rx_gain_swp
                0x000000003ffe8290                test_rffreq_txcap
 *fill*         0x000000003ffe8293        0x1 
 .data          0x000000003ffe8294        0x4 /home/cnlohr/esp8266/esp_iot_sdk_v1.1.0/lib/libphy.a(phy_sleep.o)
                0x000000003ffe8294                chip_version
 .data          0x000000003ffe8298        0x1 /home/cnlohr/esp8266/esp_iot_sdk_v1.1.0/lib/libpp.a(pm.o)
 *fill*         0x000000003ffe8299        0x3 
 .data          0x000000003ffe829c       0x18 /home/cnlohr/esp8266/esp_iot_sdk_v1.1.0/lib/libpp.a(pp.o)
                0x000000003ffe829c                soft_wdt_interval
                0x000000003ffe82a0                NoiseTimerInterval
                0x000000003ffe82a8                sleep_start_wait_time
                0x000000003ffe82b0                tcb
 *fill*         0x000000003ffe82b4        0xc 
 .data          0x000000003ffe82c0       0x40 /home/cnlohr/esp8266/esp_iot_sdk_v1.1.0/lib/libpp.a(rate_control.o)
 .data          0x000000003ffe8300      0x22c /home/cnlohr/esp8266/esp_iot_sdk_v1.1.0/lib/libpp.a(trc.o)
 .data          0x000000003ffe852c        0x8 /home/cnlohr/esp8266/esp_iot_sdk_v1.1.0/lib/libpp.a(wdev.o)
 *(.data.*)
 *(.gnu.linkonce.d.*)
 *(.data1)
 *(.sdata)
 *(.sdata.*)
 *(.gnu.linkonce.s.*)
 *(.sdata2)
 *(.sdata2.*)
 *(.gnu.linkonce.s2.*)
 *(.jcr)
                0x000000003ffe8534                _data_end = ABSOLUTE (.)

.rodata         0x000000003ffe8540      0xa10
                0x000000003ffe8540                _rodata_start = ABSOLUTE (.)
 *(.rodata)
 .rodata        0x000000003ffe8540      0x108 /tmp/cclghX12.ltrans0.ltrans.o
 .rodata        0x000000003ffe8648       0x40 /tmp/cclghX12.ltrans1.ltrans.o
                0x000000003ffe8684                GlobalRewriteFlash
 .rodata        0x000000003ffe8688        0x8 /home/cnlohr/esp8266/esp_iot_sdk_v1.1.0/lib/libmain.a(eagle_lib.o)
 .rodata        0x000000003ffe8690        0x2 /home/cnlohr/esp8266/esp_iot_sdk_v1.1.0/lib/libmain.a(mem_manager.o)
 *fill*         0x000000003ffe8692        0x2 
 .rodata        0x000000003ffe8694        0x4 /home/cnlohr/esp8266/esp_iot_sdk_v1.1.0/lib/libnet80211.a(ieee80211_hostap.o)
 .rodata        0x000000003ffe8698        0x4 /home/cnlohr/esp8266/esp_iot_sdk_v1.1.0/lib/libnet80211.a(ieee80211_output.o)
 *fill*         0x000000003ffe869c        0x4 
 .rodata        0x000000003ffe86a0       0x70 /home/cnlohr/esp8266/esp_iot_sdk_v1.1.0/lib/libnet80211.a(ieee80211_proto.o)
 .rodata        0x000000003ffe8710        0x8 /home/cnlohr/esp8266/esp_iot_sdk_v1.1.0/lib/libnet80211.a(wl_cnx.o)
 .rodata        0x000000003ffe8718        0x8 /home/cnlohr/esp8266/esp_iot_sdk_v1.1.0/lib/liblwip.a(dhcpserver.o)
 .rodata        0x000000003ffe8720        0xc /home/cnlohr/esp8266/esp_iot_sdk_v1.1.0/lib/liblwip.a(etharp.o)
                0x000000003ffe8720                ethbroadcast
                0x000000003ffe8726                ethzero
 .rodata        0x000000003ffe872c        0x8 /home/cnlohr/esp8266/esp_iot_sdk_v1.1.0/lib/liblwip.a(ip_addr.o)
                0x000000003ffe872c                ip_addr_any
                0x000000003ffe8730                ip_addr_broadcast
 *fill*         0x000000003ffe8734        0xc 
 .rodata        0x000000003ffe8740       0x14 /home/cnlohr/esp8266/esp_iot_sdk_v1.1.0/lib/liblwip.a(memp.o)
                0x000000003ffe8740                memp_sizes
 *fill*         0x000000003ffe8754        0xc 
 .rodata        0x000000003ffe8760       0x2d /home/cnlohr/esp8266/esp_iot_sdk_v1.1.0/lib/liblwip.a(tcp.o)
                0x000000003ffe8760                tcp_pcb_lists
                0x000000003ffe8770                tcp_persist_backoff
                0x000000003ffe8780                tcp_backoff
 *fill*         0x000000003ffe878d        0x3 
 .rodata        0x000000003ffe8790        0x6 /home/cnlohr/esp8266/esp_iot_sdk_v1.1.0/lib/libwpa.a(ap_config.o)
 *fill*         0x000000003ffe8796        0x2 
 .rodata        0x000000003ffe8798        0x8 /home/cnlohr/esp8266/esp_iot_sdk_v1.1.0/lib/libwpa.a(wpa.o)
 .rodata        0x000000003ffe87a0        0xc /home/cnlohr/esp8266/esp_iot_sdk_v1.1.0/lib/libwpa.a(wpa_common.o)
 .rodata        0x000000003ffe87ac        0x8 /home/cnlohr/esp8266/esp_iot_sdk_v1.1.0/lib/libphy.a(phy_chip_v6.o)
 .rodata        0x000000003ffe87b4      0x100 /home/cnlohr/esp8266/esp-open-sdk/xtensa-lx106-elf/lib/gcc/xtensa-lx106-elf/4.8.2/libgcc.a(_popcount_tab.o)
                0x000000003ffe87b4                __popcount_tab
 *(.rodata.*)
 .rodata.str1.4
                0x000000003ffe88b4      0x2d0 /tmp/cclghX12.ltrans0.ltrans.o
                                        0x2e0 (size before relaxing)
 .rodata.str1.4
                0x000000003ffe8b84      0x12f /tmp/cclghX12.ltrans1.ltrans.o
                                        0x143 (size before relaxing)
 *fill*         0x000000003ffe8cb3        0x1 
 .rodata.str1.4
                0x000000003ffe8cb4       0xf8 /tmp/cclghX12.ltrans2.ltrans.o
 .rodata.str1.4
                0x000000003ffe8dac       0x22 /home/cnlohr/esp8266/esp_iot_sdk_v1.1.0/lib/libmain.a(user_interface.o)
 *fill*         0x000000003ffe8dce        0x2 
 .rodata.str1.4
                0x000000003ffe8dd0       0x63 /home/cnlohr/esp8266/esp_iot_sdk_v1.1.0/lib/libmain.a(app_main.o)
                                         0x6b (size before relaxing)
 .rodata.str1.4
                0x0000000000000000        0x7 /home/cnlohr/esp8266/esp_iot_sdk_v1.1.0/lib/libnet80211.a(ieee80211.o)
 .rodata.str1.4
                0x0000000000000000        0x7 /home/cnlohr/esp8266/esp_iot_sdk_v1.1.0/lib/libnet80211.a(ieee80211_output.o)
 *fill*         0x000000003ffe8e33        0x1 
 .rodata.str1.4
                0x000000003ffe8e34        0x4 /home/cnlohr/esp8266/esp_iot_sdk_v1.1.0/lib/libnet80211.a(ieee80211_scan.o)
 .rodata.str1.4
                0x000000003ffe8e38        0xf /home/cnlohr/esp8266/esp_iot_sdk_v1.1.0/lib/liblwip.a(dns.o)
 .rodata.str1.4
                0x0000000000000000        0xf /home/cnlohr/esp8266/esp_iot_sdk_v1.1.0/lib/liblwip.a(espconn_tcp.o)
                                          0x1 (size before relaxing)
 *fill*         0x000000003ffe8e47        0x1 
 .rodata.str1.4
                0x000000003ffe8e48       0x88 /home/cnlohr/esp8266/esp_iot_sdk_v1.1.0/lib/liblwip.a(mdns.o)
 .rodata.str1.4
                0x000000003ffe8ed0       0x3c /home/cnlohr/esp8266/esp_iot_sdk_v1.1.0/lib/libwpa.a(wpa_auth.o)
                                         0x43 (size before relaxing)
 .rodata.str1.4
                0x0000000000000000       0x17 /home/cnlohr/esp8266/esp_iot_sdk_v1.1.0/lib/libwpa.a(wpa.o)
 .rodata.str1.4
                0x000000003ffe8f0c        0x9 /home/cnlohr/esp8266/esp_iot_sdk_v1.1.0/lib/libwpa.a(wpa_common.o)
 *fill*         0x000000003ffe8f15        0x3 
 .rodata.str1.4
                0x000000003ffe8f18        0x7 /home/cnlohr/esp8266/esp_iot_sdk_v1.1.0/lib/libpp.a(lmac.o)
 *fill*         0x000000003ffe8f1f        0x1 
 .rodata.str1.4
                0x000000003ffe8f20       0x17 /home/cnlohr/esp8266/esp_iot_sdk_v1.1.0/lib/libpp.a(pm.o)
 *fill*         0x000000003ffe8f37        0x1 
 .rodata.str1.4
                0x000000003ffe8f38        0x5 /home/cnlohr/esp8266/esp_iot_sdk_v1.1.0/lib/libpp.a(pp.o)
 *fill*         0x000000003ffe8f3d        0x3 
 .rodata.str1.4
                0x000000003ffe8f40        0x7 /home/cnlohr/esp8266/esp_iot_sdk_v1.1.0/lib/libpp.a(wdev.o)
 *(.gnu.linkonce.r.*)
 *(.rodata1)
                0x000000003ffe8f47                __XT_EXCEPTION_TABLE__ = ABSOLUTE (.)
 *(.xt_except_table)
 *(.gcc_except_table)
 *(.gnu.linkonce.e.*)
 *(.gnu.version_r)
 *(.eh_frame)
 *crtbegin.o(.ctors)
 *(EXCLUDE_FILE(*crtend.o) .ctors)
 *(SORT(.ctors.*))
 *(.ctors)
 *crtbegin.o(.dtors)
 *(EXCLUDE_FILE(*crtend.o) .dtors)
 *(SORT(.dtors.*))
 *(.dtors)
                0x000000003ffe8f47                __XT_EXCEPTION_DESCS__ = ABSOLUTE (.)
 *(.xt_except_desc)
 *(.gnu.linkonce.h.*)
                0x000000003ffe8f47                __XT_EXCEPTION_DESCS_END__ = ABSOLUTE (.)
 *(.xt_except_desc_end)
 *(.dynamic)
 *(.gnu.version_d)
                0x000000003ffe8f48                . = ALIGN (0x4)
 *fill*         0x000000003ffe8f47        0x1 
                0x000000003ffe8f48                _bss_table_start = ABSOLUTE (.)
                0x000000003ffe8f48        0x4 LONG 0x3ffe8f50 _bss_start
                0x000000003ffe8f4c        0x4 LONG 0x3fff3010 _bss_end
                0x000000003ffe8f50                _bss_table_end = ABSOLUTE (.)
                0x000000003ffe8f50                _rodata_end = ABSOLUTE (.)

.bss            0x000000003ffe8f50     0xa0c0
                0x000000003ffe8f50                . = ALIGN (0x8)
                0x000000003ffe8f50                _bss_start = ABSOLUTE (.)
 *(.dynsbss)
 *(.sbss)
 *(.sbss.*)
 *(.gnu.linkonce.sb.*)
 *(.scommon)
 *(.sbss2)
 *(.sbss2.*)
 *(.gnu.linkonce.sb2.*)
 *(.dynbss)
 *(.bss)
 .bss           0x000000003ffe8f50      0x42d /tmp/cclghX12.ltrans0.ltrans.o
 *fill*         0x000000003ffe937d        0x3 
 .bss           0x000000003ffe9380      0xa40 /tmp/cclghX12.ltrans1.ltrans.o
                0x000000003ffe9380                generic_buffer
                0x000000003ffe995c                generic_ptr
                0x000000003ffe9960                need_to_switch_back_to_soft_ap
                0x000000003ffe9964                stream_data_raw
                0x000000003ffe9968                pespconn
                0x000000003ffe996c                stream_data
                0x000000003ffe9970                in_range_setting
                0x000000003ffe9974                magIIR
                0x000000003ffe9980                magNow
                0x000000003ffe998c                accIIR
                0x000000003ffe9998                accNow
                0x000000003ffe99a4                gyrIIR
                0x000000003ffe99b0                gyrNow
                0x000000003ffe99bc                barIIR
                0x000000003ffe99c0                barNow
                0x000000003ffe99c4                tempNow
                0x000000003ffe99c8                systemFrame
                0x000000003ffe99cc                voltNow
                0x000000003ffe99d0                gMotors
                0x000000003ffe99d4                curhttp
                0x000000003ffe99d8                HTTPConnections
                0x000000003ffe9d78                tick_flag
 .bss           0x000000003ffe9dc0      0x204 /tmp/cclghX12.ltrans2.ltrans.o
                0x000000003ffe9dc0                md$1703
                0x000000003ffe9dc2                mc$1702
                0x000000003ffe9dc4                b2$1700
                0x000000003ffe9dc6                b1$1699
                0x000000003ffe9dc8                ac6$1698
                0x000000003ffe9dca                ac5$1697
                0x000000003ffe9dcc                ac4$1696
                0x000000003ffe9dce                ac3$1695
                0x000000003ffe9dd0                ac2$1694
                0x000000003ffe9dd2                ac1$1692
                0x000000003ffe9dd4                settings
                0x000000003ffe9e1c                generic_print_buffer
 .bss           0x000000003ffe9fc4       0x18 /home/cnlohr/esp8266/esp_iot_sdk_v1.1.0/lib/libmain.a(mem_manager.o)
 *fill*         0x000000003ffe9fdc        0x4 
 .bss           0x000000003ffe9fe0      0x141 /home/cnlohr/esp8266/esp_iot_sdk_v1.1.0/lib/libmain.a(user_interface.o)
                0x000000003ffea0d7                deep_sleep_flag
                0x000000003ffea0d8                cpu_overclock
                0x000000003ffea0dc                event_cb
                0x000000003ffea0e0                status_led_output_level
                0x000000003ffea0e4                done_cb
                0x000000003ffea0e8                rst_if
                0x000000003ffea104                default_interface
                0x000000003ffea108                promiscuous_cb
 *fill*         0x000000003ffea121        0xf 
 .bss           0x000000003ffea130      0x1c0 /home/cnlohr/esp8266/esp_iot_sdk_v1.1.0/lib/libmain.a(nmi-vector.o)
 .bss           0x000000003ffea2f0       0x3d /home/cnlohr/esp8266/esp_iot_sdk_v1.1.0/lib/libmain.a(app_main.o)
                0x000000003ffea2f4                info
                0x000000003ffea318                check_timeouts_timer
                0x000000003ffea32c                user_init_flag
 *fill*         0x000000003ffea32d        0x3 
 .bss           0x000000003ffea330        0x8 /home/cnlohr/esp8266/esp_iot_sdk_v1.1.0/lib/libmain.a(eagle_lwip_if.o)
 .bss           0x000000003ffea338      0x558 /home/cnlohr/esp8266/esp_iot_sdk_v1.1.0/lib/libnet80211.a(ieee80211.o)
                0x000000003ffea338                g_ic
 .bss           0x000000003ffea890       0x20 /home/cnlohr/esp8266/esp_iot_sdk_v1.1.0/lib/libnet80211.a(ieee80211_hostap.o)
                0x000000003ffea8a8                TmpSTAAPCloseAP
                0x000000003ffea8a9                PendFreeBcnEb
 .bss           0x000000003ffea8b0       0xcc /home/cnlohr/esp8266/esp_iot_sdk_v1.1.0/lib/libnet80211.a(ieee80211_scan.o)
                0x000000003ffea8b0                gScanStruct
                0x000000003ffea964                auth_type
                0x000000003ffea966                scannum
 .bss           0x000000003ffea97c       0x3c /home/cnlohr/esp8266/esp_iot_sdk_v1.1.0/lib/libnet80211.a(wl_chm.o)
 .bss           0x000000003ffea9b8      0x418 /home/cnlohr/esp8266/esp_iot_sdk_v1.1.0/lib/libnet80211.a(wl_cnx.o)
                0x000000003ffeadb8                sta_con_timer
                0x000000003ffeadcc                g_cnx_probe_rc_list_cb
 .bss           0x000000003ffeadd0       0x38 /home/cnlohr/esp8266/esp_iot_sdk_v1.1.0/lib/liblwip.a(dhcp.o)
                0x000000003ffeadd0                dhcp_rx_options_given
                0x000000003ffeade0                dhcp_rx_options_val
 .bss           0x000000003ffeae08      0x248 /home/cnlohr/esp8266/esp_iot_sdk_v1.1.0/lib/liblwip.a(dhcpserver.o)
                0x000000003ffeae18                s
 .bss           0x000000003ffeb050      0x690 /home/cnlohr/esp8266/esp_iot_sdk_v1.1.0/lib/liblwip.a(dns.o)
 .bss           0x000000003ffeb6e0      0x104 /home/cnlohr/esp8266/esp_iot_sdk_v1.1.0/lib/liblwip.a(espconn.o)
                0x000000003ffeb6e0                plink_active
                0x000000003ffeb6e4                pserver_list
                0x000000003ffeb6f0                premot
                0x000000003ffeb7b0                pktinfo
 *fill*         0x000000003ffeb7e4        0xc 
 .bss           0x000000003ffeb7f0       0x78 /home/cnlohr/esp8266/esp_iot_sdk_v1.1.0/lib/liblwip.a(espconn_tcp.o)
                0x000000003ffeb7f0                espconn_TaskQueue
 *fill*         0x000000003ffeb868        0x8 
 .bss           0x000000003ffeb870      0x100 /home/cnlohr/esp8266/esp_iot_sdk_v1.1.0/lib/liblwip.a(etharp.o)
 .bss           0x000000003ffeb970        0xc /home/cnlohr/esp8266/esp_iot_sdk_v1.1.0/lib/liblwip.a(igmp.o)
 *fill*         0x000000003ffeb97c        0x4 
 .bss           0x000000003ffeb980       0x10 /home/cnlohr/esp8266/esp_iot_sdk_v1.1.0/lib/liblwip.a(ip_addr.o)
 .bss           0x000000003ffeb990       0x12 /home/cnlohr/esp8266/esp_iot_sdk_v1.1.0/lib/liblwip.a(ip.o)
                0x000000003ffeb990                current_iphdr_dest
                0x000000003ffeb994                current_iphdr_src
                0x000000003ffeb998                current_netif
                0x000000003ffeb99c                current_header
 *fill*         0x000000003ffeb9a2        0xe 
 .bss           0x000000003ffeb9b0      0x421 /home/cnlohr/esp8266/esp_iot_sdk_v1.1.0/lib/liblwip.a(mdns.o)
                0x000000003ffeb9b4                PUCK_SERVICE
                0x000000003ffeb9bc                PUCK_PORT
                0x000000003ffeb9c8                mdns_timer
 *fill*         0x000000003ffebdd1        0x3 
 .bss           0x000000003ffebdd4        0x9 /home/cnlohr/esp8266/esp_iot_sdk_v1.1.0/lib/liblwip.a(netif.o)
                0x000000003ffebdd4                netif_list
                0x000000003ffebdd8                netif_default
 *fill*         0x000000003ffebddd        0x3 
 .bss           0x000000003ffebde0        0x4 /home/cnlohr/esp8266/esp_iot_sdk_v1.1.0/lib/liblwip.a(raw.o)
 .bss           0x000000003ffebde4       0x34 /home/cnlohr/esp8266/esp_iot_sdk_v1.1.0/lib/liblwip.a(tcp_in.o)
                0x000000003ffebe14                tcp_input_pcb
 .bss           0x000000003ffebe18       0x1c /home/cnlohr/esp8266/esp_iot_sdk_v1.1.0/lib/liblwip.a(tcp.o)
                0x000000003ffebe1c                tcp_active_pcbs
                0x000000003ffebe20                tcp_tmp_pcb
                0x000000003ffebe24                tcp_tw_pcbs
                0x000000003ffebe28                tcp_bound_pcbs
                0x000000003ffebe2c                tcp_listen_pcbs
                0x000000003ffebe30                tcp_ticks
 .bss           0x000000003ffebe34        0xc /home/cnlohr/esp8266/esp_iot_sdk_v1.1.0/lib/liblwip.a(timers.o)
 .bss           0x000000003ffebe40        0x4 /home/cnlohr/esp8266/esp_iot_sdk_v1.1.0/lib/liblwip.a(udp.o)
                0x000000003ffebe40                udp_pcbs
 *fill*         0x000000003ffebe44        0xc 
 .bss           0x000000003ffebe50      0x27a /home/cnlohr/esp8266/esp_iot_sdk_v1.1.0/lib/libwpa.a(wpa.o)
 *fill*         0x000000003ffec0ca        0x6 
 .bss           0x000000003ffec0d0        0x8 /home/cnlohr/esp8266/esp_iot_sdk_v1.1.0/lib/libnet80211.a(ieee80211_crypto_tkip.o)
 .bss           0x000000003ffec0d8        0x4 /home/cnlohr/esp8266/esp_iot_sdk_v1.1.0/lib/libphy.a(phy.o)
 *fill*         0x000000003ffec0dc        0x4 
 .bss           0x000000003ffec0e0      0x3ab /home/cnlohr/esp8266/esp_iot_sdk_v1.1.0/lib/libphy.a(phy_chip_v6.o)
                0x000000003ffec0e0                g_phyFuns
                0x000000003ffec0e4                rxiq_compute_num
                0x000000003ffec0e8                rxdc_init_flag
                0x000000003ffec0ec                check_result
                0x000000003ffec0f0                chip6_sleep_params
                0x000000003ffec2d4                chip6_phy_init_ctrl
                0x000000003ffec348                phy_freq_offset
                0x000000003ffec34a                do_pwctrl_flag
                0x000000003ffec34b                pwctrl_debug
                0x000000003ffec34c                txbk_dpdby_flag
                0x000000003ffec34e                sw_scan_mode
                0x000000003ffec360                periodic_cal_dc_num
                0x000000003ffec364                periodic_cal_flag
                0x000000003ffec365                bbpll_cal_flag
                0x000000003ffec366                phy_in_most_power
                0x000000003ffec367                deep_sleep_en
                0x000000003ffec368                rtc_mem_check_fail
                0x000000003ffec369                rtc_recovery_en
                0x000000003ffec36a                phy_in_vdd33_offset
                0x000000003ffec36b                phy_set_most_tpw_disbg
                0x000000003ffec36c                phy_set_most_tpw_index
                0x000000003ffec370                adc_rand_noise
                0x000000003ffec374                dpd_bypass_original
                0x000000003ffec378                noise_array
                0x000000003ffec480                tx_pwctrl_atten_init
 *fill*         0x000000003ffec48b        0x1 
 .bss           0x000000003ffec48c        0x6 /home/cnlohr/esp8266/esp_iot_sdk_v1.1.0/lib/libphy.a(phy_chip_v6_cal.o)
                0x000000003ffec48c                loop_pwctrl_pwdet_error_accum_high_power
                0x000000003ffec48e                tx_pwctrl_pk_num
                0x000000003ffec48f                loop_pwctrl_correct_atten_high_power
                0x000000003ffec490                tx_pwctrl_set_chan_flag
                0x000000003ffec491                rxiq_cover_fail_num
 *fill*         0x000000003ffec492        0x2 
 .bss           0x000000003ffec494        0x7 /home/cnlohr/esp8266/esp_iot_sdk_v1.1.0/lib/libphy.a(phy_sleep.o)
                0x000000003ffec494                periodic_cal_sat
                0x000000003ffec496                lslp_mem_opt_8266
                0x000000003ffec498                software_slp_reject
                0x000000003ffec499                SDIO_slp_reject
                0x000000003ffec49a                hardware_reject
 *fill*         0x000000003ffec49b        0x5 
 .bss           0x000000003ffec4a0     0x1214 /home/cnlohr/esp8266/esp_iot_sdk_v1.1.0/lib/libpp.a(esf_buf.o)
 *fill*         0x000000003ffed6b4        0xc 
 .bss           0x000000003ffed6c0       0x30 /home/cnlohr/esp8266/esp_iot_sdk_v1.1.0/lib/libpp.a(if_hwctrl.o)
                0x000000003ffed6c0                interface_mask
                0x000000003ffed6d0                if_ctrl
 .bss           0x000000003ffed6f0      0x150 /home/cnlohr/esp8266/esp_iot_sdk_v1.1.0/lib/libpp.a(lmac.o)
                0x000000003ffed6f4                lmacConfMib
 .bss           0x000000003ffed840      0x11a /home/cnlohr/esp8266/esp_iot_sdk_v1.1.0/lib/libpp.a(pm.o)
 *fill*         0x000000003ffed95a        0x6 
 .bss           0x000000003ffed960      0x2d2 /home/cnlohr/esp8266/esp_iot_sdk_v1.1.0/lib/libpp.a(pp.o)
                0x000000003ffed964                SoftWdtTimer
                0x000000003ffed98c                pend_flag_noise_check
                0x000000003ffed994                pend_flag_periodic_cal
                0x000000003ffed9ac                idle_timer_reopen_flag
                0x000000003ffed9ad                dbg_stop_sw_wdt
                0x000000003ffed9ae                dbg_stop_hw_wdt
 *fill*         0x000000003ffedc32        0xe 
 .bss           0x000000003ffedc40      0x100 /home/cnlohr/esp8266/esp_iot_sdk_v1.1.0/lib/libpp.a(rate_control.o)
 .bss           0x000000003ffedd40      0x448 /home/cnlohr/esp8266/esp_iot_sdk_v1.1.0/lib/libpp.a(trc.o)
 *fill*         0x000000003ffee188        0x8 
 .bss           0x000000003ffee190     0x4e80 /home/cnlohr/esp8266/esp_iot_sdk_v1.1.0/lib/libpp.a(wdev.o)
                0x000000003ffee190                wDevCtrl
                0x000000003ffee334                WdevTimOffSet
 *(.bss.*)
 *(.gnu.linkonce.b.*)
 *(COMMON)
                0x000000003fff3010                . = ALIGN (0x8)
                0x000000003fff3010                _bss_end = ABSOLUTE (.)
                0x000000003fff3010                _heap_start = ABSOLUTE (.)

.text           0x0000000040100000     0x7398
                0x0000000040100000                _stext = .
                0x0000000040100000                _text_start = ABSOLUTE (.)
 *(.UserEnter.text)
 .UserEnter.text
                0x0000000040100000        0xd /home/cnlohr/esp8266/esp_iot_sdk_v1.1.0/lib/libmain.a(vector.o)
                                         0x14 (size before relaxing)
                0x0000000040100004                call_user_start
                0x0000000040100010                . = ALIGN (0x10)
 *fill*         0x000000004010000d        0x3 
 *(.DebugExceptionVector.text)
 .DebugExceptionVector.text
                0x0000000040100010        0x6 /home/cnlohr/esp8266/esp_iot_sdk_v1.1.0/lib/libmain.a(debug-vector.o)
                0x0000000040100010                _DebugExceptionVector
                0x0000000040100020                . = ALIGN (0x10)
 *fill*         0x0000000040100016        0xa 
 *(.NMIExceptionVector.text)
 .NMIExceptionVector.text
                0x0000000040100020        0x6 /home/cnlohr/esp8266/esp_iot_sdk_v1.1.0/lib/libmain.a(nmi-vector.o)
                                          0xd (size before relaxing)
                0x0000000040100020                _NMIExceptionVector
                0x0000000040100030                . = ALIGN (0x10)
 *fill*         0x0000000040100026        0xa 
 *(.KernelExceptionVector.text)
 .KernelExceptionVector.text
                0x0000000040100030        0x6 /home/cnlohr/esp8266/esp_iot_sdk_v1.1.0/lib/libmain.a(kernel-vector.o)
                0x0000000040100030                _KernelExceptionVector
                0x0000000040100036        0x4 LONG 0x0
                0x000000004010003a        0x4 LONG 0x0
                0x000000004010003e        0x4 LONG 0x0
                0x0000000040100042        0x4 LONG 0x0
                0x0000000040100050                . = ALIGN (0x10)
 *fill*         0x0000000040100046        0xa 
 *(.UserExceptionVector.text)
 .UserExceptionVector.text
                0x0000000040100050        0x6 /home/cnlohr/esp8266/esp_iot_sdk_v1.1.0/lib/libmain.a(user-vector.o)
                                          0xd (size before relaxing)
                0x0000000040100050                _UserExceptionVector
                0x0000000040100056        0x4 LONG 0x0
                0x000000004010005a        0x4 LONG 0x0
                0x000000004010005e        0x4 LONG 0x0
                0x0000000040100062        0x4 LONG 0x0
                0x0000000040100070                . = ALIGN (0x10)
 *fill*         0x0000000040100066        0xa 
 *(.DoubleExceptionVector.text)
 .DoubleExceptionVector.text
                0x0000000040100070        0x6 /home/cnlohr/esp8266/esp_iot_sdk_v1.1.0/lib/libmain.a(double-vector.o)
                0x0000000040100070                _DoubleExceptionVector
                0x0000000040100076        0x4 LONG 0x0
                0x000000004010007a        0x4 LONG 0x0
                0x000000004010007e        0x4 LONG 0x0
                0x0000000040100082        0x4 LONG 0x0
                0x0000000040100090                . = ALIGN (0x10)
 *fill*         0x0000000040100086        0xa 
 *(.entry.text)
 *(.init.literal)
 *(.init)
 *(.literal .text .literal.* .text.* .stub .gnu.warning .gnu.linkonce.literal.* .gnu.linkonce.t.*.literal .gnu.linkonce.t.*)
 .literal       0x0000000040100090       0x28 /tmp/cclghX12.ltrans0.ltrans.o
                                         0xf4 (size before relaxing)
 .literal       0x00000000401000b8       0x8c /tmp/cclghX12.ltrans1.ltrans.o
                                        0x160 (size before relaxing)
 .literal       0x0000000040100144        0x8 /home/cnlohr/esp8266/esp-open-sdk/xtensa-lx106-elf/lib/gcc/xtensa-lx106-elf/4.8.2/libgcc.a(_addsubsf3.o)
                                          0xc (size before relaxing)
 .literal       0x000000004010014c        0x4 /home/cnlohr/esp8266/esp-open-sdk/xtensa-lx106-elf/lib/gcc/xtensa-lx106-elf/4.8.2/libgcc.a(_mulsf3.o)
                                         0x10 (size before relaxing)
 .literal       0x0000000040100150        0x0 /home/cnlohr/esp8266/esp-open-sdk/xtensa-lx106-elf/lib/gcc/xtensa-lx106-elf/4.8.2/libgcc.a(_divsf3.o)
                                         0x10 (size before relaxing)
 .literal       0x0000000040100150        0x0 /home/cnlohr/esp8266/esp-open-sdk/xtensa-lx106-elf/lib/gcc/xtensa-lx106-elf/4.8.2/libgcc.a(_fixsfsi.o)
                                          0x4 (size before relaxing)
 .literal       0x0000000040100150        0x0 /home/cnlohr/esp8266/esp-open-sdk/xtensa-lx106-elf/lib/gcc/xtensa-lx106-elf/4.8.2/libgcc.a(_fixunssfsi.o)
                                          0x4 (size before relaxing)
 .literal       0x0000000040100150        0xc /home/cnlohr/esp8266/esp-open-sdk/xtensa-lx106-elf/lib/gcc/xtensa-lx106-elf/4.8.2/libgcc.a(_muldf3.o)
                                         0x10 (size before relaxing)
 .literal       0x000000004010015c        0x0 /home/cnlohr/esp8266/esp-open-sdk/xtensa-lx106-elf/lib/gcc/xtensa-lx106-elf/4.8.2/libgcc.a(_divdf3.o)
                                         0x10 (size before relaxing)
 .literal       0x000000004010015c        0x0 /home/cnlohr/esp8266/esp-open-sdk/xtensa-lx106-elf/lib/gcc/xtensa-lx106-elf/4.8.2/libgcc.a(_fixdfsi.o)
                                          0x4 (size before relaxing)
 .literal       0x000000004010015c        0x4 /home/cnlohr/esp8266/esp-open-sdk/xtensa-lx106-elf/lib/gcc/xtensa-lx106-elf/4.8.2/libgcc.a(_truncdfsf2.o)
                                          0x8 (size before relaxing)
 .literal       0x0000000040100160        0x0 /home/cnlohr/esp8266/esp-open-sdk/xtensa-lx106-elf/lib/gcc/xtensa-lx106-elf/4.8.2/libgcc.a(_muldi3.o)
                                          0x4 (size before relaxing)
 .literal       0x0000000040100160        0x4 /home/cnlohr/esp8266/esp-open-sdk/xtensa-lx106-elf/lib/gcc/xtensa-lx106-elf/4.8.2/libgcc.a(_popcountsi2.o)
 .literal       0x0000000040100164        0x0 /home/cnlohr/esp8266/esp-open-sdk/xtensa-lx106-elf/lib/gcc/xtensa-lx106-elf/4.8.2/libgcc.a(_divdi3.o)
                                         0x48 (size before relaxing)
 .literal       0x0000000040100164        0x0 /home/cnlohr/esp8266/esp-open-sdk/xtensa-lx106-elf/lib/gcc/xtensa-lx106-elf/4.8.2/libgcc.a(_umoddi3.o)
                                         0x40 (size before relaxing)
 .literal       0x0000000040100164        0x0 /home/cnlohr/esp8266/esp-open-sdk/xtensa-lx106-elf/lib/gcc/xtensa-lx106-elf/4.8.2/libgcc.a(_extendsfdf2.o)
                                          0x8 (size before relaxing)
 .text          0x0000000040100164      0x35d /tmp/cclghX12.ltrans0.ltrans.o
                0x00000000401001b0                GetByte
                0x00000000401002ac                Read16$1673
                0x00000000401002d4                SendByte
                0x00000000401003bc                SendStop
                0x000000004010043c                SendStart
                0x0000000040100480                EndTCPWrite
                0x00000000401004a4                PushBlob
 *fill*         0x00000000401004c1        0x3 
 .text          0x00000000401004c4      0x5cc /tmp/cclghX12.ltrans1.ltrans.o
                                        0x5f8 (size before relaxing)
                0x00000000401006a0                MyRewriteFlash$2170
 .text          0x0000000040100a90       0xd7 /home/cnlohr/esp8266/esp_iot_sdk_v1.1.0/lib/libmain.a(ets_timer.o)
                                         0xdf (size before relaxing)
                0x0000000040100ab0                ets_timer_arm_new
 *fill*         0x0000000040100b67        0x1 
 .text          0x0000000040100b68      0x1c9 /home/cnlohr/esp8266/esp_iot_sdk_v1.1.0/lib/libmain.a(mem_manager.o)
                                        0x1f1 (size before relaxing)
                0x0000000040100b80                pvPortMalloc
                0x0000000040100c34                vPortFree
                0x0000000040100c74                pvPortCalloc
                0x0000000040100c9c                pvPortZalloc
                0x0000000040100cb0                pvPortRealloc
                0x0000000040100ce8                vPortInitialiseBlocks
 *fill*         0x0000000040100d31        0x3 
 .text          0x0000000040100d34      0x16e /home/cnlohr/esp8266/esp_iot_sdk_v1.1.0/lib/libmain.a(spi_flash.o)
                                        0x1ae (size before relaxing)
                0x0000000040100d44                spi_flash_get_id
                0x0000000040100da0                spi_flash_read_status
                0x0000000040100dd4                spi_flash_write_status
                0x0000000040100e04                spi_flash_erase_sector
                0x0000000040100e2c                spi_flash_write
                0x0000000040100e7c                spi_flash_read
 *fill*         0x0000000040100ea2        0x2 
 .text          0x0000000040100ea4      0x4c6 /home/cnlohr/esp8266/esp_iot_sdk_v1.1.0/lib/libmain.a(user_interface.o)
                                        0x53e (size before relaxing)
                0x0000000040100eb4                os_printf_plus
                0x0000000040100f7c                system_restart_local
                0x0000000040101250                system_phy_temperature_alert
                0x000000004010126c                system_get_time
                0x0000000040101288                system_os_post
                0x00000000401012bc                system_rtc_mem_write
                0x0000000040101314                system_rtc_mem_read
 *fill*         0x000000004010136a        0x2 
 .text          0x000000004010136c       0xc7 /home/cnlohr/esp8266/esp_iot_sdk_v1.1.0/lib/libmain.a(nmi-vector.o)
                                         0xcb (size before relaxing)
                0x0000000040101378                _NMILevelVector
 *fill*         0x0000000040101433        0x1 
 .text          0x0000000040101434       0x1e /home/cnlohr/esp8266/esp_iot_sdk_v1.1.0/lib/libmain.a(user-vector.o)
                0x0000000040101438                _UserExceptionVector_1
 *fill*         0x0000000040101452        0x2 
 .text          0x0000000040101454      0x4d6 /home/cnlohr/esp8266/esp_iot_sdk_v1.1.0/lib/libmain.a(app_main.o)
                                        0x56a (size before relaxing)
                0x000000004010145c                Cache_Read_Enable_New
                0x0000000040101494                NmiTimSetFunc
                0x00000000401014a0                NMI_Handler
                0x00000000401014f8                call_user_start_local
 *fill*         0x000000004010192a        0x2 
 .text          0x000000004010192c       0xcf /home/cnlohr/esp8266/esp_iot_sdk_v1.1.0/lib/libnet80211.a(wl_chm.o)
                                         0xe7 (size before relaxing)
                0x0000000040101930                chm_acquire_lock
                0x0000000040101974                chm_release_lock
                0x000000004010198c                chm_cancel_op
                0x00000000401019c8                chm_return_home_channel
                0x00000000401019f4                chm_get_current_channel
 *fill*         0x00000000401019fb        0x1 
 .text          0x00000000401019fc       0x21 /home/cnlohr/esp8266/esp_iot_sdk_v1.1.0/lib/liblwip.a(dns.o)
                0x0000000040101a04                dns_tmr
 *fill*         0x0000000040101a1d        0x3 
 .text          0x0000000040101a20       0x33 /home/cnlohr/esp8266/esp_iot_sdk_v1.1.0/lib/liblwip.a(etharp.o)
                                         0x37 (size before relaxing)
 *fill*         0x0000000040101a53        0x1 
 .text          0x0000000040101a54      0x10c /home/cnlohr/esp8266/esp_iot_sdk_v1.1.0/lib/liblwip.a(mdns.o)
                                        0x144 (size before relaxing)
                0x0000000040101a58                getPcb
                0x0000000040101a64                mdns_close
                0x0000000040101a88                mdns_set_name
                0x0000000040101aa8                mdns_enable
                0x0000000040101ac4                mdns_disable
                0x0000000040101ae4                mdns_get_hostname
                0x0000000040101b00                mdns_set_hostname
 .text          0x0000000040101b60      0x1cc /home/cnlohr/esp8266/esp_iot_sdk_v1.1.0/lib/liblwip.a(tcp.o)
                                        0x1ec (size before relaxing)
 .text          0x0000000040101d2c      0x160 /home/cnlohr/esp8266/esp_iot_sdk_v1.1.0/lib/liblwip.a(tcp_out.o)
                                        0x164 (size before relaxing)
 .text          0x0000000040101e8c       0xb0 /home/cnlohr/esp8266/esp_iot_sdk_v1.1.0/lib/liblwip.a(timers.o)
                                         0xc0 (size before relaxing)
 .text          0x0000000040101f3c       0x53 /home/cnlohr/esp8266/esp_iot_sdk_v1.1.0/lib/libphy.a(phy.o)
                                         0x5f (size before relaxing)
                0x0000000040101f44                register_phy_ops
                0x0000000040101f64                register_get_phy_addr
                0x0000000040101f6c                phy_change_channel
                0x0000000040101f84                phy_get_mactime
 *fill*         0x0000000040101f8f        0x1 
 .text          0x0000000040101f90       0xeb /home/cnlohr/esp8266/esp_iot_sdk_v1.1.0/lib/libphy.a(phy_sleep.o)
                                        0x103 (size before relaxing)
                0x0000000040101f98                pm_rtc_clock_cali
                0x0000000040102050                clockgate_watchdog
 *fill*         0x000000004010207b        0x1 
 .text          0x000000004010207c      0x25a /home/cnlohr/esp8266/esp_iot_sdk_v1.1.0/lib/libpp.a(esf_buf.o)
                                        0x2fa (size before relaxing)
                0x0000000040102080                esf_rx_buf_alloc
                0x00000000401020d0                esf_buf_alloc
                0x00000000401021f4                esf_buf_recycle
 *fill*         0x00000000401022d6        0x2 
 .text          0x00000000401022d8     0x148e /home/cnlohr/esp8266/esp_iot_sdk_v1.1.0/lib/libpp.a(lmac.o)
                                       0x1766 (size before relaxing)
                0x00000000401022dc                lmacIsActive
                0x00000000401022f0                lmacIsIdle
                0x00000000401026bc                lmacSetAcParam
                0x000000004010271c                lmacProcessTXStartData
                0x00000000401028dc                lmacProcessTxSuccess
                0x0000000040102a14                GetAccess
                0x0000000040102a20                lmacDiscardAgedMSDU
                0x0000000040102a34                lmacRecycleMPDU
                0x0000000040102f48                lmacProcessCollisions
                0x0000000040102fb0                lmacProcessCollision
                0x0000000040103028                lmacMSDUAged
                0x00000000401033c8                lmacProcessCtsTimeout
                0x0000000040103414                lmacProcessAckTimeout
                0x0000000040103450                lmacProcessRtsStart
                0x0000000040103468                lmacProcessTxRtsError
                0x0000000040103508                lmacProcessTxError
                0x000000004010359c                lmacTxFrame
                0x0000000040103750                lmacRxDone
 *fill*         0x0000000040103766        0x2 
 .text          0x0000000040103768      0xe4c /home/cnlohr/esp8266/esp_iot_sdk_v1.1.0/lib/libpp.a(pp.o)
                                       0x1000 (size before relaxing)
                0x000000004010379c                pp_soft_wdt_feed
                0x0000000040103818                ppProcessWaitQ
                0x000000004010382c                ppRecycleRxPkt
                0x0000000040103884                ppCheckTxIdle
                0x0000000040103b34                ppProcessTxQ
                0x0000000040103bac                ppGetTxQFirstAvail_Locked
                0x0000000040103bfc                ppFetchTxQFirstAvail
                0x0000000040103c3c                ppDequeueTxQ
                0x0000000040103c64                ppRollBackTxQ
                0x0000000040103c88                ppRecordBarRRC
                0x0000000040103c98                ppTxqUpdateBitmap
                0x0000000040103cbc                ppEnqueueTxDone
                0x0000000040103d2c                ppEnqueueRxq
                0x0000000040104434                ppDiscardMPDU
                0x0000000040104458                pp_post
                0x000000004010449c                pp_post2
                0x00000000401044c8                ppCalTxop
                0x0000000040104544                ppCalFrameTimes
 .text          0x00000000401045b4       0xf5 /home/cnlohr/esp8266/esp_iot_sdk_v1.1.0/lib/libpp.a(rate_control.o)
                                        0x109 (size before relaxing)
                0x00000000401045d4                RC_GetAckRate
                0x00000000401045e0                RC_GetRtsRate
                0x00000000401045f0                RC_GetAckTime
                0x0000000040104604                RC_GetCtsTime
                0x000000004010463c                RC_GetBlockAckTime
 *fill*         0x00000000401046a9        0x3 
 .text          0x00000000401046ac      0x809 /home/cnlohr/esp8266/esp_iot_sdk_v1.1.0/lib/libpp.a(trc.o)
                                        0x83d (size before relaxing)
                0x0000000040104820                rcUpdateTxDone
                0x00000000401048b4                rcUpdateRxDone
                0x0000000040104910                rcUpdateDataRxDone
                0x0000000040104928                rcGetSched
                0x00000000401049d4                rcGetRate
                0x0000000040104de8                rcReachRetryLimit
                0x0000000040104e00                trc_NeedRTS
 *fill*         0x0000000040104eb5        0x3 
 .text          0x0000000040104eb8      0xfe4 /home/cnlohr/esp8266/esp_iot_sdk_v1.1.0/lib/libpp.a(wdev.o)
                                       0x1244 (size before relaxing)
                0x0000000040105264                wDev_ProcessFiq
                0x0000000040105594                wDev_EnableTransmit
                0x00000000401055d8                wDev_DisableTransmit
                0x00000000401055f8                Tx_Copy2Queue
                0x0000000040105640                wDev_ProcessCollision
                0x0000000040105664                wDev_GetTxqCollisions
                0x0000000040105674                wDev_ClearTxqCollisions
                0x0000000040105690                wDev_SetWaitingQueue
                0x00000000401056dc                wDev_ClearWaitingQueue
                0x0000000040105700                wDev_SetFrameAckType
                0x0000000040105764                wDev_AppendRxBlocks
                0x00000000401058c8                wDev_AppendRxAmpduLensBlocks
                0x00000000401059b8                wDev_GetBAInfo
                0x00000000401059e8                wDevDisableRx
 .text          0x0000000040105e9c      0x1ff /home/cnlohr/esp8266/esp-open-sdk/xtensa-lx106-elf/lib/gcc/xtensa-lx106-elf/4.8.2/libgcc.a(_addsubsf3.o)
                0x0000000040105eb8                __addsf3
                0x0000000040105fa0                __subsf3
 *fill*         0x000000004010609b        0x1 
 .text          0x000000004010609c      0x15d /home/cnlohr/esp8266/esp-open-sdk/xtensa-lx106-elf/lib/gcc/xtensa-lx106-elf/4.8.2/libgcc.a(_mulsf3.o)
                0x0000000040106114                __mulsf3
 *fill*         0x00000000401061f9        0x3 
 .text          0x00000000401061fc      0x135 /home/cnlohr/esp8266/esp-open-sdk/xtensa-lx106-elf/lib/gcc/xtensa-lx106-elf/4.8.2/libgcc.a(_divsf3.o)
                0x0000000040106278                __divsf3
 *fill*         0x0000000040106331        0x3 
 .text          0x0000000040106334       0x40 /home/cnlohr/esp8266/esp-open-sdk/xtensa-lx106-elf/lib/gcc/xtensa-lx106-elf/4.8.2/libgcc.a(_fixsfsi.o)
                0x0000000040106334                __fixsfsi
 .text          0x0000000040106374       0x51 /home/cnlohr/esp8266/esp-open-sdk/xtensa-lx106-elf/lib/gcc/xtensa-lx106-elf/4.8.2/libgcc.a(_fixunssfsi.o)
                0x0000000040106374                __fixunssfsi
 *fill*         0x00000000401063c5        0x3 
 .text          0x00000000401063c8      0x29b /home/cnlohr/esp8266/esp-open-sdk/xtensa-lx106-elf/lib/gcc/xtensa-lx106-elf/4.8.2/libgcc.a(_muldf3.o)
                0x00000000401064a8                __muldf3
 *fill*         0x0000000040106663        0x1 
 .text          0x0000000040106664      0x20b /home/cnlohr/esp8266/esp-open-sdk/xtensa-lx106-elf/lib/gcc/xtensa-lx106-elf/4.8.2/libgcc.a(_divdf3.o)
                0x000000004010674c                __divdf3
 *fill*         0x000000004010686f        0x1 
 .text          0x0000000040106870       0x48 /home/cnlohr/esp8266/esp-open-sdk/xtensa-lx106-elf/lib/gcc/xtensa-lx106-elf/4.8.2/libgcc.a(_fixdfsi.o)
                0x0000000040106870                __fixdfsi
 .text          0x00000000401068b8       0xa0 /home/cnlohr/esp8266/esp-open-sdk/xtensa-lx106-elf/lib/gcc/xtensa-lx106-elf/4.8.2/libgcc.a(_truncdfsf2.o)
                0x00000000401068b8                __truncdfsf2
 .text          0x0000000040106958       0x36 /home/cnlohr/esp8266/esp-open-sdk/xtensa-lx106-elf/lib/gcc/xtensa-lx106-elf/4.8.2/libgcc.a(_muldi3.o)
                0x0000000040106958                __muldi3
 *fill*         0x000000004010698e        0x2 
 .text          0x0000000040106990       0x21 /home/cnlohr/esp8266/esp-open-sdk/xtensa-lx106-elf/lib/gcc/xtensa-lx106-elf/4.8.2/libgcc.a(_popcountsi2.o)
                0x0000000040106990                __popcountsi2
 *fill*         0x00000000401069b1        0x3 
 .text          0x00000000401069b4      0x3eb /home/cnlohr/esp8266/esp-open-sdk/xtensa-lx106-elf/lib/gcc/xtensa-lx106-elf/4.8.2/libgcc.a(_divdi3.o)
                                        0x41b (size before relaxing)
                0x00000000401069b4                __divdi3
 *fill*         0x0000000040106d9f        0x1 
 .text          0x0000000040106da0      0x33a /home/cnlohr/esp8266/esp-open-sdk/xtensa-lx106-elf/lib/gcc/xtensa-lx106-elf/4.8.2/libgcc.a(_umoddi3.o)
                                        0x366 (size before relaxing)
                0x0000000040106da0                __umoddi3
 *fill*         0x00000000401070da        0x2 
 .text          0x00000000401070dc       0x5e /home/cnlohr/esp8266/esp-open-sdk/xtensa-lx106-elf/lib/gcc/xtensa-lx106-elf/4.8.2/libgcc.a(_extendsfdf2.o)
                0x00000000401070dc                __extendsfdf2
 *fill*         0x000000004010713a        0x2 
 .text          0x000000004010713c        0x6 /tmp/cclghX12.ltrans2.ltrans.o
                0x000000004010713c                strcat
                0x0000000040107140                user_rf_pre_init
 *fill*         0x0000000040107142        0x0 
 *fill*         0x0000000040107142        0x0 
 *fill*         0x0000000040107142        0x0 
 *fill*         0x0000000040107142        0x0 
 *fill*         0x0000000040107142        0x0 
 *fill*         0x0000000040107142        0x0 
 *fill*         0x0000000040107142        0x0 
 *fill*         0x0000000040107142        0x2 
 .text          0x0000000040107144       0x25 /home/cnlohr/esp8266/esp_iot_sdk_v1.1.0/lib/libnet80211.a(ieee80211_hostap.o)
 *fill*         0x0000000040107169        0x0 
 *fill*         0x0000000040107169        0x0 
 *fill*         0x0000000040107169        0x0 
 *fill*         0x0000000040107169        0x3 
 .text          0x000000004010716c       0x11 /home/cnlohr/esp8266/esp_iot_sdk_v1.1.0/lib/libwpa.a(wpa_auth.o)
 *fill*         0x000000004010717d        0x0 
 *fill*         0x000000004010717d        0x3 
 .text          0x0000000040107180        0x2 /home/cnlohr/esp8266/esp_iot_sdk_v1.1.0/lib/libphy.a(phy_chip_v6.o)
                0x0000000040107180                ram_tx_mac_disable
 *fill*         0x0000000040107182        0x0 
 *fill*         0x0000000040107182        0x0 
 *fill*         0x0000000040107182        0x0 
 *fill*         0x0000000040107182        0x0 
 *fill*         0x0000000040107182        0x0 
 *fill*         0x0000000040107182        0x2 
 .text          0x0000000040107184       0x64 /home/cnlohr/esp8266/esp-open-sdk/xtensa-lx106-elf/lib/gcc/xtensa-lx106-elf/4.8.2/libgcc.a(_divsi3.o)
                0x0000000040107184                __divsi3
 .text          0x00000000401071e8       0x49 /home/cnlohr/esp8266/esp-open-sdk/xtensa-lx106-elf/lib/gcc/xtensa-lx106-elf/4.8.2/libgcc.a(_modsi3.o)
                0x00000000401071e8                __modsi3
 *fill*         0x0000000040107231        0x3 
 .text          0x0000000040107234       0x4c /home/cnlohr/esp8266/esp-open-sdk/xtensa-lx106-elf/lib/gcc/xtensa-lx106-elf/4.8.2/libgcc.a(_udivsi3.o)
                0x0000000040107234                __udivsi3
 .text          0x0000000040107280       0x39 /home/cnlohr/esp8266/esp-open-sdk/xtensa-lx106-elf/lib/gcc/xtensa-lx106-elf/4.8.2/libgcc.a(_umodsi3.o)
                0x0000000040107280                __umodsi3
 *fill*         0x00000000401072b9        0x3 
 .text          0x00000000401072bc       0x18 /home/cnlohr/esp8266/esp-open-sdk/xtensa-lx106-elf/lib/gcc/xtensa-lx106-elf/4.8.2/libgcc.a(_ashrdi3.o)
                0x00000000401072bc                __ashrdi3
 *fill*         0x00000000401072d4        0x0 
 *fill*         0x00000000401072d4        0x0 
 *fill*         0x00000000401072d4        0x0 
 *fill*         0x00000000401072d4        0x0 
 .text          0x00000000401072d4       0x44 /home/cnlohr/esp8266/esp-open-sdk/xtensa-lx106-elf/lib/gcc/xtensa-lx106-elf/4.8.2/libgcc.a(_floatsisf.o)
                0x00000000401072d4                __floatunsisf
                0x00000000401072dc                __floatsisf
 *fill*         0x0000000040107318        0x0 
 *fill*         0x0000000040107318        0x0 
 .text          0x0000000040107318       0x36 /home/cnlohr/esp8266/esp-open-sdk/xtensa-lx106-elf/lib/gcc/xtensa-lx106-elf/4.8.2/libgcc.a(_floatsidf.o)
                0x0000000040107318                __floatunsidf
                0x0000000040107320                __floatsidf
 *fill*         0x000000004010734e        0x0 
 *fill*         0x000000004010734e        0x0 
 *fill*         0x000000004010734e        0x0 
 *fill*         0x000000004010734e        0x0 
 *fill*         0x000000004010734e        0x2 
 .text          0x0000000040107350       0x48 /home/cnlohr/esp8266/esp-open-sdk/xtensa-lx106-elf/lib/gcc/xtensa-lx106-elf/4.8.2/libgcc.a(_umulsidi3.o)
                0x0000000040107350                __umulsidi3
 *(.fini.literal)
 *(.fini)
 *(.gnu.version)
                0x0000000040107398                _text_end = ABSOLUTE (.)
                0x0000000040107398                _etext = .

.lit4           0x0000000040107398        0x0
                0x0000000040107398                _lit4_start = ABSOLUTE (.)
 *(*.lit4)
 *(.lit4.*)
 *(.gnu.linkonce.lit4.*)
                0x0000000040107398                _lit4_end = ABSOLUTE (.)

.irom0.text     0x0000000040240000    0x299ff
                0x0000000040240000                _irom0_text_start = ABSOLUTE (.)
 *(.irom0.literal .irom.literal .irom.text.literal .irom0.text .irom.text)
 .irom0.literal
                0x0000000040240000      0x210 /tmp/cclghX12.ltrans0.ltrans.o
                                        0x3c8 (size before relaxing)
 .irom0.literal
                0x0000000040240210      0x124 /tmp/cclghX12.ltrans1.ltrans.o
                                        0x3a0 (size before relaxing)
 .irom0.literal
                0x0000000040240334       0x9c /tmp/cclghX12.ltrans2.ltrans.o
                                        0x2c0 (size before relaxing)
 .irom0.text    0x00000000402403d0     0x1032 /tmp/cclghX12.ltrans0.ltrans.o
                                       0x10da (size before relaxing)
                0x00000000402403e4                MyTimer
                0x00000000402403f0                uart1_write_char$1378
                0x0000000040240428                httpserver_connectcb
                0x000000004024048c                URLDecode
                0x0000000040240528                HTTPClose
                0x0000000040240550                FillRaw
                0x00000000402405f0                ConfigI2C
                0x000000004024061c                HTTPHandleInternalCallback
                0x0000000040240840                my_atoi
                0x00000000402408a8                uart_config$1387
                0x00000000402409a8                uart0_sendStr
                0x00000000402409d0                issue_command
                0x0000000040241328                procTask$part$0$1540
 *fill*         0x0000000040241402        0x2 
 .irom0.text    0x0000000040241404      0xba4 /tmp/cclghX12.ltrans1.ltrans.o
                                        0xbe4 (size before relaxing)
                0x0000000040241404                procTask$1535
                0x0000000040241ba4                http_recvcb$1964
 .irom0.text    0x0000000040241fa8      0x567 /tmp/cclghX12.ltrans2.ltrans.o
                                        0x5b3 (size before relaxing)
                0x0000000040241fa8                user_init
 *fill*         0x000000004024250f        0x1 
 .irom0.text    0x0000000040242510      0x56a /home/cnlohr/esp8266/esp_iot_sdk_v1.1.0/lib/libmain.a(eagle_lib.o)
                                        0x57a (size before relaxing)
                0x0000000040242514                divide
                0x0000000040242550                skip_atoi
                0x00000000402426d0                ets_vsnprintf
                0x0000000040242a30                ets_vsprintf
                0x0000000040242a54                ets_sprintf
 *fill*         0x0000000040242a7a        0x2 
 .irom0.text    0x0000000040242a7c       0x54 /home/cnlohr/esp8266/esp_iot_sdk_v1.1.0/lib/libmain.a(mem_manager.o)
                                         0x58 (size before relaxing)
                0x0000000040242a80                xPortGetFreeHeapSize
 .irom0.text    0x0000000040242ad0      0x225 /home/cnlohr/esp8266/esp_iot_sdk_v1.1.0/lib/libmain.a(spi_overlap.o)
                                        0x23d (size before relaxing)
                0x0000000040242ae4                overlap_hspi_init
                0x0000000040242b80                overlap_hspi_deinit
                0x0000000040242c20                overlap_hspi_read_data
 *fill*         0x0000000040242cf5        0x3 
 .irom0.text    0x0000000040242cf8     0x25dd /home/cnlohr/esp8266/esp_iot_sdk_v1.1.0/lib/libmain.a(user_interface.o)
                                       0x2c71 (size before relaxing)
                0x0000000040242cfc                system_set_os_print
                0x0000000040242d0c                system_get_os_print
                0x0000000040242edc                system_pp_recycle_rx_pkt
                0x0000000040242ef0                system_adc_read
                0x0000000040242f08                system_get_vdd33
                0x0000000040242f24                system_restart
                0x0000000040242f88                system_restore
                0x0000000040242fcc                system_get_flash_size_map
                0x0000000040242ff0                system_get_boot_version
                0x0000000040243028                system_get_test_result
                0x000000004024304c                system_get_userbin_addr
                0x00000000402430e4                system_get_boot_mode
                0x0000000040243114                system_restart_enhance
                0x0000000040243218                system_upgrade_userbin_set
                0x0000000040243260                system_upgrade_userbin_check
                0x00000000402432a0                system_upgrade_flag_set
                0x00000000402432b4                system_upgrade_flag_check
                0x00000000402432d8                system_upgrade_reboot
                0x00000000402433dc                system_deep_sleep
                0x000000004024343c                system_deep_sleep_set_option
                0x0000000040243458                system_phy_set_max_tpw
                0x000000004024346c                system_phy_set_tpw_via_vdd33
                0x0000000040243480                system_phy_set_rfoption
                0x0000000040243498                system_update_cpu_freq
                0x00000000402434f4                system_get_cpu_freq
                0x000000004024350c                system_overclock
                0x0000000040243538                system_restoreclock
                0x000000004024356c                system_timer_reinit
                0x0000000040243588                system_relative_time
                0x00000000402435ac                system_station_got_ip_set
                0x00000000402436b8                system_print_meminfo
                0x0000000040243718                system_get_free_heap_size
                0x0000000040243734                system_get_chip_id
                0x0000000040243758                system_rtc_clock_cali_proc
                0x000000004024376c                system_get_rtc_time
                0x0000000040243780                system_mktime
                0x0000000040243850                system_init_done_cb
                0x000000004024385c                system_get_rst_info
                0x0000000040243864                wifi_softap_dhcps_start
                0x00000000402438ac                wifi_softap_dhcps_stop
                0x00000000402438f0                wifi_softap_dhcps_status
                0x00000000402438f8                wifi_station_dhcpc_start
                0x000000004024394c                wifi_station_dhcpc_stop
                0x0000000040243990                wifi_station_dhcpc_status
                0x00000000402439d0                wifi_get_opmode
                0x00000000402439e4                wifi_get_opmode_default
                0x0000000040243a60                wifi_get_broadcast_if
                0x0000000040243a9c                wifi_set_broadcast_if
                0x0000000040243b8c                wifi_set_opmode
                0x0000000040243ba0                wifi_set_opmode_current
                0x0000000040243bb4                system_get_checksum
                0x0000000040243c68                wifi_param_save_protect
                0x0000000040243e04                wifi_station_get_config
                0x0000000040243e18                wifi_station_get_config_default
                0x0000000040243e38                wifi_station_get_ap_info
                0x0000000040243ef4                wifi_station_ap_number_set
                0x000000004024416c                wifi_station_set_config
                0x0000000040244180                wifi_station_set_config_current
                0x0000000040244194                wifi_station_get_current_ap_id
                0x00000000402441a8                wifi_station_ap_check
                0x00000000402441e0                wifi_station_ap_change
                0x00000000402442d4                wifi_station_scan
                0x0000000040244320                wifi_station_get_auto_connect
                0x0000000040244334                wifi_station_set_auto_connect
                0x0000000040244370                wifi_station_connect
                0x0000000040244404                wifi_station_disconnect
                0x00000000402444a4                wifi_station_get_connect_status
                0x00000000402444d4                wifi_station_set_reconnect_policy
                0x00000000402444ec                wifi_station_get_reconnect_policy
                0x00000000402444f4                wifi_station_get_rssi
                0x0000000040244538                wifi_softap_cacl_mac
                0x00000000402445a8                wifi_softap_set_default_ssid
                0x000000004024472c                wifi_softap_get_config
                0x0000000040244740                wifi_softap_get_config_default
                0x0000000040244998                wifi_softap_set_config
                0x00000000402449ac                wifi_softap_set_config_current
                0x00000000402449c0                wifi_softap_set_station_info
                0x0000000040244a30                wifi_softap_get_station_info
                0x0000000040244acc                wifi_softap_free_station_info
                0x0000000040244b00                wifi_softap_get_station_num
                0x0000000040244b54                wifi_softap_deauth
                0x0000000040244c10                wifi_get_phy_mode
                0x0000000040244c1c                wifi_set_phy_mode
                0x0000000040244cc4                wifi_set_sleep_type
                0x0000000040244ce4                wifi_get_sleep_type
                0x0000000040244cfc                wifi_get_channel
                0x0000000040244d14                wifi_set_channel
                0x0000000040244d44                wifi_promiscuous_set_mac
                0x0000000040244da8                wifi_promiscuous_enable
                0x0000000040244e8c                wifi_set_promiscuous_rx_cb
                0x0000000040244eb0                wifi_get_ip_info
                0x0000000040244f88                wifi_set_ip_info
                0x000000004024503c                wifi_get_macaddr
                0x000000004024509c                wifi_set_macaddr
                0x0000000040245158                wifi_status_led_install
                0x0000000040245198                wifi_status_led_uninstall
                0x00000000402451bc                wifi_set_status_led_output_level
                0x00000000402451d0                wifi_set_event_handler_cb
                0x00000000402451e4                system_os_task
                0x0000000040245228                system_uart_swap
                0x00000000402452a0                system_uart_de_swap
                0x00000000402452d0                system_get_sdk_version
 *fill*         0x00000000402452d5        0x3 
 .irom0.text    0x00000000402452d8      0x601 /home/cnlohr/esp8266/esp_iot_sdk_v1.1.0/lib/libmain.a(app_main.o)
                                        0x79d (size before relaxing)
                0x0000000040245494                wdt_init
                0x0000000040245520                user_uart_wait_tx_fifo_empty
 *fill*         0x00000000402458d9        0x3 
 .irom0.text    0x00000000402458dc      0x2d2 /home/cnlohr/esp8266/esp_iot_sdk_v1.1.0/lib/libmain.a(eagle_lwip_if.o)
                                        0x36e (size before relaxing)
                0x0000000040245998                eagle_lwip_if_alloc
                0x0000000040245b30                eagle_lwip_if_free
                0x0000000040245b8c                eagle_lwip_getif
 *fill*         0x0000000040245bae        0x2 
 .irom0.text    0x0000000040245bb0      0x34b /home/cnlohr/esp8266/esp_iot_sdk_v1.1.0/lib/libnet80211.a(ieee80211.o)
                                        0x3e7 (size before relaxing)
                0x0000000040245c48                ieee80211_ifattach
                0x0000000040245c98                ieee80211_mhz2ieee
                0x0000000040245cf0                ieee80211_chan2ieee
                0x0000000040245d14                ieee80211_ieee2mhz
                0x0000000040245d4c                ieee80211_find_channel
                0x0000000040245d74                ieee80211_find_channel_byieee
                0x0000000040245dc0                wifi_mode_set
 *fill*         0x0000000040245efb        0x1 
 .irom0.text    0x0000000040245efc       0xc7 /home/cnlohr/esp8266/esp_iot_sdk_v1.1.0/lib/libnet80211.a(ieee80211_crypto.o)
                                         0xcf (size before relaxing)
                0x0000000040245efc                ieee80211_crypto_attach
                0x0000000040245f00                ieee80211_crypto_available
                0x0000000040245f04                ieee80211_crypto_setkey
                0x0000000040245f08                ieee80211_crypto_encap
                0x0000000040245f58                ieee80211_crypto_decap
 *fill*         0x0000000040245fc3        0x1 
 .irom0.text    0x0000000040245fc4      0xf92 /home/cnlohr/esp8266/esp_iot_sdk_v1.1.0/lib/libnet80211.a(ieee80211_hostap.o)
                                       0x1256 (size before relaxing)
                0x0000000040246318                ieee80211_hostap_attach
                0x00000000402463e0                hostap_handle_timer
                0x0000000040246478                hostap_input
                0x0000000040246d5c                wifi_softap_start
                0x0000000040246e50                wifi_softap_stop
 *fill*         0x0000000040246f56        0x2 
 .irom0.text    0x0000000040246f58      0xa94 /home/cnlohr/esp8266/esp_iot_sdk_v1.1.0/lib/libnet80211.a(ieee80211_ht.o)
                                        0xb44 (size before relaxing)
                0x0000000040246f68                ieee80211_ht_attach
                0x0000000040246fb8                ieee80211_ht_node_init
                0x0000000040246ff8                ieee80211_ht_node_cleanup
                0x0000000040247030                ieee80211_parse_htcap
                0x0000000040247114                ieee80211_ht_updateparams
                0x000000004024722c                ieee80211_setup_htrates
                0x0000000040247300                ieee80211_setup_basic_htrates
                0x0000000040247664                ieee80211_add_htcap
                0x0000000040247680                ieee80211_add_htcap_vendor
                0x00000000402477a4                ieee80211_add_htinfo
                0x00000000402477c0                ieee80211_add_htinfo_vendor
 .irom0.text    0x00000000402479ec      0x8e0 /home/cnlohr/esp8266/esp_iot_sdk_v1.1.0/lib/libnet80211.a(ieee80211_input.o)
                                        0x950 (size before relaxing)
                0x00000000402479ec                ieee80211_deliver_data
                0x0000000040247a44                ieee80211_decap
                0x0000000040247b4c                ieee80211_setup_rates
                0x0000000040247bb8                ieee80211_alloc_challenge
                0x0000000040247bec                ieee80211_parse_beacon
                0x000000004024805c                ieee80211_parse_wpa
                0x0000000040248174                ieee80211_parse_rsn
                0x0000000040248270                ieee80211_parse_action
                0x00000000402482c8                ieee80211_setup_rateset
 .irom0.text    0x00000000402482cc     0x1743 /home/cnlohr/esp8266/esp_iot_sdk_v1.1.0/lib/libnet80211.a(ieee80211_output.o)
                                       0x1983 (size before relaxing)
                0x00000000402482d8                ieee80211_output_pbuf
                0x0000000040248554                ieee80211_send_setup
                0x0000000040248688                ieee80211_mgmt_output
                0x000000004024877c                ieee80211_tx_mgt_cb
                0x0000000040248780                ieee80211_send_nulldata
                0x0000000040248bd8                ieee80211_add_rates
                0x0000000040248c10                ieee80211_add_xrates
                0x0000000040248cac                ieee80211_send_probereq
                0x0000000040248e58                ieee80211_getcapinfo
                0x0000000040248eb4                ieee80211_send_mgmt
                0x000000004024941c                ieee80211_alloc_proberesp
                0x00000000402495bc                ieee80211_send_proberesp
                0x00000000402498c4                ieee80211_beacon_alloc
 *fill*         0x0000000040249a0f        0x1 
 .irom0.text    0x0000000040249a10      0x147 /home/cnlohr/esp8266/esp_iot_sdk_v1.1.0/lib/libnet80211.a(ieee80211_phy.o)
                                        0x16f (size before relaxing)
                0x0000000040249a14                ieee80211_get_11g_ratetable
                0x0000000040249a20                ieee80211_get_ratetable
                0x0000000040249a38                ieee80211_phy_init
                0x0000000040249a6c                ieee80211_phy_type_get
                0x0000000040249a7c                ieee80211_setup_ratetable
                0x0000000040249ab0                ieee80211_compute_duration
                0x0000000040249b30                ieee80211_dot11Rate_rix
 *fill*         0x0000000040249b57        0x1 
 .irom0.text    0x0000000040249b58      0x1c2 /home/cnlohr/esp8266/esp_iot_sdk_v1.1.0/lib/libnet80211.a(ieee80211_power.o)
                                        0x1f2 (size before relaxing)
                0x0000000040249b58                ieee80211_psq_init
                0x0000000040249b78                ieee80211_psq_cleanup
                0x0000000040249b80                ieee80211_set_tim
                0x0000000040249bc0                ieee80211_pwrsave
                0x0000000040249c2c                pwrsave_flushq
                0x0000000040249ce4                ieee80211_node_pwrsave
 *fill*         0x0000000040249d1a        0x2 
 .irom0.text    0x0000000040249d1c      0x15b /home/cnlohr/esp8266/esp_iot_sdk_v1.1.0/lib/libnet80211.a(ieee80211_proto.o)
                                        0x177 (size before relaxing)
                0x0000000040249d20                ieee80211_proto_attach
                0x0000000040249d48                ieee80211_set_shortslottime
                0x0000000040249d64                ieee80211_iserp_rateset
                0x0000000040249df8                ieee80211_setbasicrates
                0x0000000040249e0c                ieee80211_addbasicrates
                0x0000000040249e20                ieee80211_wme_initparams
                0x0000000040249e24                ieee80211_wme_updateparams
                0x0000000040249e28                ieee80211_mlme_connect_bss
 *fill*         0x0000000040249e77        0x1 
 .irom0.text    0x0000000040249e78      0xd22 /home/cnlohr/esp8266/esp_iot_sdk_v1.1.0/lib/libnet80211.a(ieee80211_scan.o)
                                        0xfe6 (size before relaxing)
                0x0000000040249e88                ieee80211_scan_attach
                0x0000000040249f0c                scan_start
                0x000000004024a188                scan_cancel
                0x000000004024a2d4                scan_add_bssid
                0x000000004024a2f8                scan_remove_bssid
                0x000000004024a304                scan_hidden_ssid
                0x000000004024a30c                scan_add_probe_ssid
                0x000000004024a34c                scan_remove_probe_ssid
                0x000000004024a484                scan_clear_channles
                0x000000004024a4f8                scan_set_desChan
                0x000000004024a504                scan_get_type
                0x000000004024a50c                cannel_scan_connect_state
                0x000000004024a52c                scan_connect_state
                0x000000004024a574                scan_check_hidden
                0x000000004024a5a0                scan_profile_check
                0x000000004024a8c4                scan_parse_beacon
 *fill*         0x000000004024ab9a        0x2 
 .irom0.text    0x000000004024ab9c      0xc47 /home/cnlohr/esp8266/esp_iot_sdk_v1.1.0/lib/libnet80211.a(ieee80211_sta.o)
                                        0xe1e (size before relaxing)
                0x000000004024abc8                sta_status_set
                0x000000004024ac10                ieee80211_sta_new_state
                0x000000004024aed8                sta_input
                0x000000004024b24c                ieee80211_parse_wmeparams
                0x000000004024b738                wifi_station_start
                0x000000004024b7ac                wifi_station_stop
 *fill*         0x000000004024b7e3        0x1 
 .irom0.text    0x000000004024b7e4      0x1ee /home/cnlohr/esp8266/esp_iot_sdk_v1.1.0/lib/libnet80211.a(wl_chm.o)
                                        0x256 (size before relaxing)
                0x000000004024b7f0                chm_init
                0x000000004024b858                chm_start_op
                0x000000004024b900                chm_end_op
                0x000000004024b94c                chm_set_current_channel
                0x000000004024b97c                chm_freq2index
                0x000000004024b9a4                chm_check_same_channel
 *fill*         0x000000004024b9d2        0x2 
 .irom0.text    0x000000004024b9d4     0x14d3 /home/cnlohr/esp8266/esp_iot_sdk_v1.1.0/lib/libnet80211.a(wl_cnx.o)
                                       0x1917 (size before relaxing)
                0x000000004024b9e0                cnx_attach
                0x000000004024ba20                cnx_sta_connect_led_timer_cb
                0x000000004024ba74                cnx_sta_connect_cmd
                0x000000004024bb30                cnx_sta_scan_cmd
                0x000000004024bd8c                cnx_connect_timeout
                0x000000004024bdf4                cnx_start_handoff_cb
                0x000000004024c248                cnx_bss_alloc
                0x000000004024c2f8                cnx_rc_search
                0x000000004024c3c0                cnx_add_rc
                0x000000004024c4bc                cnx_remove_rc
                0x000000004024c620                cnx_rc_update_rssi
                0x000000004024c6a8                cnx_rc_update_state_metric
                0x000000004024c714                cnx_rc_update_age
                0x000000004024c738                cnx_update_bss
                0x000000004024c770                cnx_update_bss_more
                0x000000004024c920                cnx_sta_leave
                0x000000004024ca64                cnx_sta_associated
                0x000000004024cacc                cnx_node_alloc
                0x000000004024cb2c                cnx_node_remove
                0x000000004024cba4                cnx_node_search
                0x000000004024cc0c                cnx_node_leave
                0x000000004024ccf4                cnx_node_join
 *fill*         0x000000004024cea7        0x1 
 .irom0.text    0x000000004024cea8      0x161 /home/cnlohr/esp8266/esp_iot_sdk_v1.1.0/lib/libnet80211.a(ieee80211_action.o)
                                        0x181 (size before relaxing)
                0x000000004024ceb8                ieee80211_send_action_register
                0x000000004024ceec                ieee80211_send_action_unregister
                0x000000004024cf00                ieee80211_send_action
                0x000000004024cf64                ieee80211_recv_action_register
                0x000000004024cf98                ieee80211_recv_action_unregister
                0x000000004024cfac                ieee80211_recv_action
 *fill*         0x000000004024d009        0x3 
 .irom0.text    0x000000004024d00c       0x4c /home/cnlohr/esp8266/esp_iot_sdk_v1.1.0/lib/libnet80211.a(ieee80211_ets.o)
                                         0x50 (size before relaxing)
                0x000000004024d010                ieee80211_getmgtframe
 .irom0.text    0x000000004024d058     0x121a /home/cnlohr/esp8266/esp_iot_sdk_v1.1.0/lib/liblwip.a(dhcp.o)
                                       0x14a6 (size before relaxing)
                0x000000004024d268                dhcp_coarse_tmr
                0x000000004024d2b0                dhcp_fine_tmr
                0x000000004024d4d8                dhcp_set_struct
                0x000000004024d4fc                dhcp_cleanup
                0x000000004024d520                dhcp_start
                0x000000004024d5d0                dhcp_inform
                0x000000004024d678                dhcp_network_changed
                0x000000004024d6c0                dhcp_arp_reply
                0x000000004024d954                dhcp_renew
                0x000000004024db54                dhcp_release
                0x000000004024dc14                dhcp_stop
 *fill*         0x000000004024e272        0x2 
 .irom0.text    0x000000004024e274      0xa17 /home/cnlohr/esp8266/esp_iot_sdk_v1.1.0/lib/liblwip.a(dhcpserver.o)
                                        0xb8f (size before relaxing)
                0x000000004024e274                node_insert_to_list
                0x000000004024e290                node_remove_from_list
                0x000000004024e9d8                dhcps_start
                0x000000004024ea58                dhcps_stop
                0x000000004024eac0                wifi_softap_set_dhcps_lease
                0x000000004024ebdc                dhcps_coarse_tmr
                0x000000004024ec48                wifi_softap_set_dhcps_offer_option
 *fill*         0x000000004024ec8b        0x1 
 .irom0.text    0x000000004024ec8c      0x59f /home/cnlohr/esp8266/esp_iot_sdk_v1.1.0/lib/liblwip.a(dns.o)
                                        0x64f (size before relaxing)
                0x000000004024ec98                dns_init
                0x000000004024ecec                dns_setserver
                0x000000004024ed18                dns_getserver
                0x000000004024f1d4                dns_gethostbyname
 *fill*         0x000000004024f22b        0x1 
 .irom0.text    0x000000004024f22c      0x8d2 /home/cnlohr/esp8266/esp_iot_sdk_v1.1.0/lib/liblwip.a(espconn.o)
                                        0x9ae (size before relaxing)
                0x000000004024f22c                espconn_copy_partial
                0x000000004024f2bc                espconn_list_creat
                0x000000004024f2dc                espconn_list_delete
                0x000000004024f304                espconn_pbuf_create
                0x000000004024f320                espconn_pbuf_delete
                0x000000004024f348                espconn_find_connection
                0x000000004024f3e8                espconn_connect
                0x000000004024f4cc                espconn_create
                0x000000004024f514                espconn_sent
                0x000000004024f5b4                espconn_tcp_get_wnd
                0x000000004024f5d8                espconn_tcp_set_wnd
                0x000000004024f5f4                espconn_tcp_get_max_con
                0x000000004024f604                espconn_tcp_set_max_con
                0x000000004024f61c                espconn_tcp_get_max_con_allow
                0x000000004024f644                espconn_tcp_set_max_con_allow
                0x000000004024f678                espconn_regist_sentcb
                0x000000004024f684                espconn_regist_write_finish
                0x000000004024f69c                espconn_regist_connectcb
                0x000000004024f6ac                espconn_regist_recvcb
                0x000000004024f6b8                espconn_regist_reconcb
                0x000000004024f6c8                espconn_regist_disconcb
                0x000000004024f6dc                espconn_get_connection_info
                0x000000004024f7a8                espconn_accept
                0x000000004024f7f0                espconn_regist_time
                0x000000004024f834                espconn_disconnect
                0x000000004024f86c                espconn_get_packet_info
                0x000000004024f8fc                espconn_set_opt
                0x000000004024f954                espconn_clear_opt
                0x000000004024f9b4                espconn_set_keepalive
                0x000000004024fa20                espconn_get_keepalive
                0x000000004024fa90                espconn_delete
                0x000000004024fad0                espconn_gethostbyname
                0x000000004024faec                espconn_dns_setserver
 *fill*         0x000000004024fafe        0x2 
 .irom0.text    0x000000004024fb00      0xe64 /home/cnlohr/esp8266/esp_iot_sdk_v1.1.0/lib/liblwip.a(espconn_tcp.o)
                                       0x1104 (size before relaxing)
                0x000000004024fb90                espconn_kill_oldest_pcb
                0x000000004024fbfc                espconn_kill_pcb
                0x000000004024fc74                espconn_find_current_pcb
                0x000000004024ff3c                espconn_tcp_sent
                0x000000004024fff4                espconn_tcp_disconnect
                0x0000000040250074                espconn_recv_hold
                0x00000000402500b8                espconn_recv_unhold
                0x00000000402501b4                espconn_tcp_write
                0x00000000402503d8                espconn_tcp_client
                0x0000000040250818                espconn_tcp_server
                0x00000000402508c0                espconn_tcp_delete
                0x0000000040250948                espconn_init
 .irom0.text    0x0000000040250964      0x46e /home/cnlohr/esp8266/esp_iot_sdk_v1.1.0/lib/liblwip.a(espconn_udp.o)
                                        0x56e (size before relaxing)
                0x00000000402509b4                espconn_udp_sent
                0x0000000040250c1c                espconn_udp_disconnect
                0x0000000040250c54                espconn_udp_server
                0x0000000040250cb8                espconn_igmp_leave
                0x0000000040250cd8                espconn_igmp_join
                0x0000000040250cfc                espconn_mdns_enable
                0x0000000040250d14                espconn_mdns_disable
                0x0000000040250d2c                espconn_mdns_set_hostname
                0x0000000040250d44                espconn_mdns_get_hostname
                0x0000000040250d58                espconn_mdns_set_servername
                0x0000000040250d6c                espconn_mdns_get_servername
                0x0000000040250d80                espconn_mdns_server_register
                0x0000000040250d94                espconn_mdns_server_unregister
                0x0000000040250dac                espconn_mdns_close
                0x0000000040250dc0                espconn_mdns_init
 *fill*         0x0000000040250dd2        0x2 
 .irom0.text    0x0000000040250dd4      0x8bf /home/cnlohr/esp8266/esp_iot_sdk_v1.1.0/lib/liblwip.a(etharp.o)
                                        0x9a7 (size before relaxing)
                0x0000000040250e08                etharp_tmr
                0x0000000040251028                etharp_cleanup_netif
                0x0000000040251064                etharp_find_addr
                0x00000000402512bc                etharp_output
                0x00000000402513d4                etharp_query
                0x00000000402515f8                etharp_request
                0x000000004025161c                ethernet_input
 *fill*         0x0000000040251693        0x1 
 .irom0.text    0x0000000040251694      0x5e9 /home/cnlohr/esp8266/esp_iot_sdk_v1.1.0/lib/liblwip.a(igmp.o)
                                        0x690 (size before relaxing)
                0x00000000402516a0                igmp_init
                0x00000000402516b0                igmp_start
                0x00000000402516ec                igmp_stop
                0x000000004025174c                igmp_report_groups
                0x000000004025177c                igmp_lookfor_group
                0x0000000040251834                igmp_input
                0x000000004025198c                igmp_joingroup
                0x0000000040251a38                igmp_leavegroup
                0x0000000040251ae0                igmp_tmr
 *fill*         0x0000000040251c7d        0x3 
 .irom0.text    0x0000000040251c80       0x30 /home/cnlohr/esp8266/esp_iot_sdk_v1.1.0/lib/liblwip.a(init.o)
                                         0x50 (size before relaxing)
                0x0000000040251c84                lwip_init
 .irom0.text    0x0000000040251cb0      0x390 /home/cnlohr/esp8266/esp_iot_sdk_v1.1.0/lib/liblwip.a(ip_addr.o)
                                        0x3b8 (size before relaxing)
                0x0000000040251cb0                ip4_addr_isbroadcast
                0x0000000040251cdc                ip4_addr_netmask_valid
                0x0000000040251d20                ipaddr_addr
                0x0000000040251d3c                ipaddr_aton
                0x0000000040251f68                ipaddr_ntoa
                0x0000000040251f7c                ipaddr_ntoa_r
 .irom0.text    0x0000000040252040      0x595 /home/cnlohr/esp8266/esp_iot_sdk_v1.1.0/lib/liblwip.a(ip.o)
                                        0x641 (size before relaxing)
                0x0000000040252040                ip_route
                0x00000000402520bc                ip_router
                0x0000000040252138                ip_input
                0x000000004025239c                ip_output_if
                0x00000000402523b8                ip_output_if_opt
                0x000000004025259c                ip_output
 *fill*         0x00000000402525d5        0x3 
 .irom0.text    0x00000000402525d8      0xb71 /home/cnlohr/esp8266/esp_iot_sdk_v1.1.0/lib/liblwip.a(mdns.o)
                                        0xd79 (size before relaxing)
                0x0000000040252f40                mdns_set_servername
                0x0000000040252f70                mdns_get_servername
                0x0000000040252f88                mdns_server_unregister
                0x0000000040252fc0                mdns_server_register
                0x0000000040253010                mdns_reg
                0x0000000040253068                mdns_init
 *fill*         0x0000000040253149        0x3 
 .irom0.text    0x000000004025314c      0x27d /home/cnlohr/esp8266/esp_iot_sdk_v1.1.0/lib/liblwip.a(netif.o)
                                        0x2c9 (size before relaxing)
                0x000000004025314c                netif_init
                0x0000000040253154                netif_add
                0x00000000402531bc                netif_set_addr
                0x00000000402531e4                netif_remove
                0x0000000040253240                netif_find
                0x000000004025327c                netif_set_ipaddr
                0x00000000402532e4                netif_set_gw
                0x00000000402532f4                netif_set_netmask
                0x0000000040253304                netif_set_default
                0x000000004025330c                netif_set_up
                0x0000000040253348                netif_set_down
                0x000000004025336c                netif_set_link_up
                0x00000000402533b8                netif_set_link_down
 *fill*         0x00000000402533c9        0x3 
 .irom0.text    0x00000000402533cc      0x622 /home/cnlohr/esp8266/esp_iot_sdk_v1.1.0/lib/liblwip.a(pbuf.o)
                                        0x66a (size before relaxing)
                0x00000000402533cc                pbuf_alloc
                0x000000004025351c                pbuf_realloc
                0x0000000040253564                pbuf_header
                0x00000000402535d0                pbuf_free
                0x0000000040253648                pbuf_clen
                0x0000000040253660                pbuf_ref
                0x000000004025366c                pbuf_cat
                0x0000000040253698                pbuf_chain
                0x00000000402536b4                pbuf_dechain
                0x00000000402536f0                pbuf_copy
                0x0000000040253794                pbuf_copy_partial
                0x000000004025381c                pbuf_take
                0x0000000040253880                pbuf_coalesce
                0x00000000402538b4                pbuf_get_at
                0x00000000402538dc                pbuf_memcmp
                0x0000000040253950                pbuf_memfind
                0x00000000402539a4                pbuf_strstr
 *fill*         0x00000000402539ee        0x2 
 .irom0.text    0x00000000402539f0      0x1df /home/cnlohr/esp8266/esp_iot_sdk_v1.1.0/lib/liblwip.a(raw.o)
                                        0x233 (size before relaxing)
                0x00000000402539f8                raw_input
                0x0000000040253a80                raw_bind
                0x0000000040253a90                raw_connect
                0x0000000040253aa0                raw_recv
                0x0000000040253aa8                raw_sendto
                0x0000000040253b44                raw_send
                0x0000000040253b58                raw_remove
                0x0000000040253b8c                raw_new
 *fill*         0x0000000040253bcf        0x1 
 .irom0.text    0x0000000040253bd0     0x10a9 /home/cnlohr/esp8266/esp_iot_sdk_v1.1.0/lib/liblwip.a(tcp_in.o)
                                       0x12ad (size before relaxing)
                0x0000000040253bd4                tcp_input
 *fill*         0x0000000040254c79        0x3 