Archive member included because of file (symbol)

/home/cnlohr/esp8266/esp_iot_sdk_v1.1.0/lib/libmain.a(eagle_lib.o)
                              /tmp/ccdGDhN7.o (symbol from plugin) (ets_sprintf)
/home/cnlohr/esp8266/esp_iot_sdk_v1.1.0/lib/libmain.a(ets_timer.o)
                              /tmp/ccdGDhN7.o (symbol from plugin) (ets_timer_arm_new)
/home/cnlohr/esp8266/esp_iot_sdk_v1.1.0/lib/libmain.a(mem_manager.o)
                              /tmp/ccdGDhN7.o (symbol from plugin) (pvPortZalloc)
/home/cnlohr/esp8266/esp_iot_sdk_v1.1.0/lib/libmain.a(spi_flash.o)
                              /tmp/ccxoLx4N.o (symbol from plugin) (spi_flash_erase_sector)
/home/cnlohr/esp8266/esp_iot_sdk_v1.1.0/lib/libmain.a(spi_overlap.o)
                              /home/cnlohr/esp8266/esp_iot_sdk_v1.1.0/lib/libmain.a(spi_flash.o) (overlap_hspi_read_data)
/home/cnlohr/esp8266/esp_iot_sdk_v1.1.0/lib/libmain.a(user_interface.o)
                              /home/cnlohr/esp8266/esp_iot_sdk_v1.1.0/lib/libmain.a(ets_timer.o) (timer2_ms_flag)
/home/cnlohr/esp8266/esp_iot_sdk_v1.1.0/lib/libmain.a(debug-vector.o)
                              (_DebugExceptionVector)
/home/cnlohr/esp8266/esp_iot_sdk_v1.1.0/lib/libmain.a(double-vector.o)
                              (_DoubleExceptionVector)
/home/cnlohr/esp8266/esp_iot_sdk_v1.1.0/lib/libmain.a(kernel-vector.o)
                              (_KernelExceptionVector)
/home/cnlohr/esp8266/esp_iot_sdk_v1.1.0/lib/libmain.a(nmi-vector.o)
                              (_NMIExceptionVector)
/home/cnlohr/esp8266/esp_iot_sdk_v1.1.0/lib/libmain.a(user-vector.o)
                              (_UserExceptionVector)
/home/cnlohr/esp8266/esp_iot_sdk_v1.1.0/lib/libmain.a(vector.o)
                              (call_user_start)
/home/cnlohr/esp8266/esp_iot_sdk_v1.1.0/lib/libmain.a(app_main.o)
                              /home/cnlohr/esp8266/esp_iot_sdk_v1.1.0/lib/libmain.a(user_interface.o) (info)
/home/cnlohr/esp8266/esp_iot_sdk_v1.1.0/lib/libmain.a(eagle_lwip_if.o)
                              /home/cnlohr/esp8266/esp_iot_sdk_v1.1.0/lib/libmain.a(user_interface.o) (eagle_lwip_getif)
/home/cnlohr/esp8266/esp_iot_sdk_v1.1.0/lib/libnet80211.a(ieee80211.o)
                              /home/cnlohr/esp8266/esp_iot_sdk_v1.1.0/lib/libmain.a(user_interface.o) (g_ic)
/home/cnlohr/esp8266/esp_iot_sdk_v1.1.0/lib/libnet80211.a(ieee80211_crypto.o)
                              /home/cnlohr/esp8266/esp_iot_sdk_v1.1.0/lib/libnet80211.a(ieee80211.o) (ieee80211_crypto_attach)
/home/cnlohr/esp8266/esp_iot_sdk_v1.1.0/lib/libnet80211.a(ieee80211_hostap.o)
                              /home/cnlohr/esp8266/esp_iot_sdk_v1.1.0/lib/libmain.a(user_interface.o) (wifi_softap_start)
/home/cnlohr/esp8266/esp_iot_sdk_v1.1.0/lib/libnet80211.a(ieee80211_ht.o)
                              /home/cnlohr/esp8266/esp_iot_sdk_v1.1.0/lib/libmain.a(user_interface.o) (ieee80211_ht_attach)
/home/cnlohr/esp8266/esp_iot_sdk_v1.1.0/lib/libnet80211.a(ieee80211_input.o)
                              /home/cnlohr/esp8266/esp_iot_sdk_v1.1.0/lib/libnet80211.a(ieee80211_hostap.o) (ieee80211_decap)
/home/cnlohr/esp8266/esp_iot_sdk_v1.1.0/lib/libnet80211.a(ieee80211_output.o)
                              /home/cnlohr/esp8266/esp_iot_sdk_v1.1.0/lib/libmain.a(eagle_lwip_if.o) (ieee80211_output_pbuf)
/home/cnlohr/esp8266/esp_iot_sdk_v1.1.0/lib/libnet80211.a(ieee80211_phy.o)
                              /home/cnlohr/esp8266/esp_iot_sdk_v1.1.0/lib/libnet80211.a(ieee80211.o) (ieee80211_get_ratetable)
/home/cnlohr/esp8266/esp_iot_sdk_v1.1.0/lib/libnet80211.a(ieee80211_power.o)
                              /home/cnlohr/esp8266/esp_iot_sdk_v1.1.0/lib/libnet80211.a(ieee80211_hostap.o) (ieee80211_psq_init)
/home/cnlohr/esp8266/esp_iot_sdk_v1.1.0/lib/libnet80211.a(ieee80211_proto.o)
                              /home/cnlohr/esp8266/esp_iot_sdk_v1.1.0/lib/libnet80211.a(ieee80211_hostap.o) (ieee80211_addr_bcast)
/home/cnlohr/esp8266/esp_iot_sdk_v1.1.0/lib/libnet80211.a(ieee80211_scan.o)
                              /home/cnlohr/esp8266/esp_iot_sdk_v1.1.0/lib/libmain.a(user_interface.o) (scannum)
/home/cnlohr/esp8266/esp_iot_sdk_v1.1.0/lib/libnet80211.a(ieee80211_sta.o)
                              /home/cnlohr/esp8266/esp_iot_sdk_v1.1.0/lib/libmain.a(user_interface.o) (ieee80211_sta_new_state)
/home/cnlohr/esp8266/esp_iot_sdk_v1.1.0/lib/libnet80211.a(wl_chm.o)
                              /home/cnlohr/esp8266/esp_iot_sdk_v1.1.0/lib/libnet80211.a(ieee80211.o) (chm_init)
/home/cnlohr/esp8266/esp_iot_sdk_v1.1.0/lib/libnet80211.a(wl_cnx.o)
                              /home/cnlohr/esp8266/esp_iot_sdk_v1.1.0/lib/libmain.a(user_interface.o) (sta_con_timer)
/home/cnlohr/esp8266/esp_iot_sdk_v1.1.0/lib/libnet80211.a(ieee80211_action.o)
                              /home/cnlohr/esp8266/esp_iot_sdk_v1.1.0/lib/libnet80211.a(ieee80211_ht.o) (ieee80211_send_action_register)
/home/cnlohr/esp8266/esp_iot_sdk_v1.1.0/lib/libnet80211.a(ieee80211_ets.o)
[...]
Memory Configuration

Name             Origin             Length             Attributes
dport0_0_seg     0x000000003ff00000 0x0000000000000010
dram0_0_seg      0x000000003ffe8000 0x0000000000014000
iram1_0_seg      0x0000000040100000 0x0000000000008000
irom0_0_seg      0x0000000040240000 0x000000000003c000
*default*        0x0000000000000000 0xffffffffffffffff

Linker script and memory map

LOAD /tmp/ccD0XWq7.o
LOAD /tmp/cc1kLqWr.ltrans0.ltrans.o
LOAD /tmp/cc1kLqWr.ltrans1.ltrans.o
LOAD /tmp/cc1kLqWr.ltrans2.ltrans.o
LOAD /tmp/ccTVUk8r.o
LOAD /tmp/ccb8aiUM.o
LOAD /tmp/ccdGDhN7.o
LOAD /tmp/ccb4gMLs.o
LOAD /tmp/ccxoLx4N.o
LOAD /tmp/cc9sP7z9.o
LOAD /tmp/ccTnNM9u.o
LOAD /tmp/ccPYRjOQ.o
LOAD /tmp/ccVKB0Ac.o
LOAD /tmp/cchzMpty.o
LOAD /tmp/ccZcGZpU.o
LOAD /home/cnlohr/esp8266/esp-open-sdk/xtensa-lx106-elf/lib/gcc/xtensa-lx106-elf/4.8.2/libgcc.a
LOAD /home/cnlohr/esp8266/esp_iot_sdk_v1.1.0/lib/libmain.a
LOAD /home/cnlohr/esp8266/esp_iot_sdk_v1.1.0/lib/libnet80211.a
LOAD /home/cnlohr/esp8266/esp_iot_sdk_v1.1.0/lib/liblwip.a
LOAD /home/cnlohr/esp8266/esp_iot_sdk_v1.1.0/lib/libwpa.a
LOAD /home/cnlohr/esp8266/esp_iot_sdk_v1.1.0/lib/libnet80211.a
LOAD /home/cnlohr/esp8266/esp_iot_sdk_v1.1.0/lib/libphy.a
LOAD /home/cnlohr/esp8266/esp_iot_sdk_v1.1.0/lib/libpp.a
LOAD /home/cnlohr/esp8266/esp-open-sdk/xtensa-lx106-elf/lib/gcc/xtensa-lx106-elf/4.8.2/libgcc.a
                0x0000000040000000                PROVIDE (_memmap_vecbase_reset, 0x40000000)
                0x0000000000000110                _memmap_cacheattr_wb_base = 0x110
                0x0000000000000110                _memmap_cacheattr_wt_base = 0x110
                0x0000000000000220                _memmap_cacheattr_bp_base = 0x220
                0x00000000fffff00f                _memmap_cacheattr_unused_mask = 0xfffff00f
                0x000000002222211f                _memmap_cacheattr_wb_trapnull = 0x2222211f
                0x000000002222211f                _memmap_cacheattr_wba_trapnull = 0x2222211f
                0x000000002222211f                _memmap_cacheattr_wbna_trapnull = 0x2222211f
                0x000000002222211f                _memmap_cacheattr_wt_trapnull = 0x2222211f
                0x000000002222222f                _memmap_cacheattr_bp_trapnull = 0x2222222f
                0x00000000fffff11f                _memmap_cacheattr_wb_strict = 0xfffff11f
                0x00000000fffff11f                _memmap_cacheattr_wt_strict = 0xfffff11f
                0x00000000fffff22f                _memmap_cacheattr_bp_strict = 0xfffff22f
                0x0000000022222112                _memmap_cacheattr_wb_allvalid = 0x22222112
                0x0000000022222112                _memmap_cacheattr_wt_allvalid = 0x22222112
                0x0000000022222222                _memmap_cacheattr_bp_allvalid = 0x22222222
                0x000000002222211f                PROVIDE (_memmap_cacheattr_reset, _memmap_cacheattr_wb_trapnull)

.dport0.rodata  0x000000003ff00000        0x0
                0x000000003ff00000                _dport0_rodata_start = ABSOLUTE (.)
 *(.dport0.rodata)
 *(.dport.rodata)
                0x000000003ff00000                _dport0_rodata_end = ABSOLUTE (.)

.dport0.literal
                0x000000003ff00000        0x0
                0x000000003ff00000                _dport0_literal_start = ABSOLUTE (.)
 *(.dport0.literal)
 *(.dport.literal)
                0x000000003ff00000                _dport0_literal_end = ABSOLUTE (.)

.dport0.data    0x000000003ff00000        0x0
                0x000000003ff00000                _dport0_data_start = ABSOLUTE (.)
 *(.dport0.data)
 *(.dport.data)
                0x000000003ff00000                _dport0_data_end = ABSOLUTE (.)

.data           0x000000003ffe8000      0x534
                0x000000003ffe8000                _data_start = ABSOLUTE (.)
 *(.data)
 .data          0x000000003ffe8000        0x4 /tmp/cc1kLqWr.ltrans1.ltrans.o
                0x000000003ffe8000                bus_online
 .data          0x000000003ffe8004        0x5 /home/cnlohr/esp8266/esp_iot_sdk_v1.1.0/lib/libmain.a(user_interface.o)
                0x000000003ffe8005                timer2_ms_flag
                0x000000003ffe8006                dhcps_flag
                0x000000003ffe8007                dhcpc_flag
                0x000000003ffe8008                reconnect_internal
 .data          0x000000003ffe8009        0x4 /home/cnlohr/esp8266/esp_iot_sdk_v1.1.0/lib/libmain.a(nmi-vector.o)
                0x000000003ffe8009                _Pri_3_HandlerAddress
 *fill*         0x000000003ffe800d        0x3 
 .data          0x000000003ffe8010        0x1 /home/cnlohr/esp8266/esp_iot_sdk_v1.1.0/lib/libmain.a(app_main.o)
 *fill*         0x000000003ffe8011        0x3 
 .data          0x000000003ffe8014      0x1a8 /home/cnlohr/esp8266/esp_iot_sdk_v1.1.0/lib/libnet80211.a(ieee80211_phy.o)
 *fill*         0x000000003ffe81bc        0x4 
 .data          0x000000003ffe81c0        0x6 /home/cnlohr/esp8266/esp_iot_sdk_v1.1.0/lib/libnet80211.a(ieee80211_proto.o)
                0x000000003ffe81c0                ieee80211_addr_bcast
 *fill*         0x000000003ffe81c6        0x2 
 .data          0x000000003ffe81c8       0x1c /home/cnlohr/esp8266/esp_iot_sdk_v1.1.0/lib/libnet80211.a(ieee80211_action.o)
 .data          0x000000003ffe81e4        0x4 /home/cnlohr/esp8266/esp_iot_sdk_v1.1.0/lib/liblwip.a(dhcp.o)
 .data          0x000000003ffe81e8        0x8 /home/cnlohr/esp8266/esp_iot_sdk_v1.1.0/lib/liblwip.a(dhcpserver.o)
 .data          0x000000003ffe81f0        0x8 /home/cnlohr/esp8266/esp_iot_sdk_v1.1.0/lib/liblwip.a(tcp.o)
 .data          0x000000003ffe81f8       0x18 /home/cnlohr/esp8266/esp_iot_sdk_v1.1.0/lib/libnet80211.a(ieee80211_crypto_ccmp.o)
                0x000000003ffe81f8                ccmp
 .data          0x000000003ffe8210       0x18 /home/cnlohr/esp8266/esp_iot_sdk_v1.1.0/lib/libnet80211.a(ieee80211_crypto_tkip.o)
                0x000000003ffe8210                tkip
 .data          0x000000003ffe8228       0x18 /home/cnlohr/esp8266/esp_iot_sdk_v1.1.0/lib/libnet80211.a(ieee80211_crypto_wep.o)
                0x000000003ffe8228                wep
 .data          0x000000003ffe8240       0x53 /home/cnlohr/esp8266/esp_iot_sdk_v1.1.0/lib/libphy.a(phy_chip_v6.o)
                0x000000003ffe8242                tx_rf_ana_gain
                0x000000003ffe8264                tx_pwctrl_atten_init_en
                0x000000003ffe8270                rx_gain_swp
                0x000000003ffe8290                test_rffreq_txcap
 *fill*         0x000000003ffe8293        0x1 
 .data          0x000000003ffe8294        0x4 /home/cnlohr/esp8266/esp_iot_sdk_v1.1.0/lib/libphy.a(phy_sleep.o)
                0x000000003ffe8294                chip_version
 .data          0x000000003ffe8298        0x1 /home/cnlohr/esp8266/esp_iot_sdk_v1.1.0/lib/libpp.a(pm.o)
 *fill*         0x000000003ffe8299        0x3 
 .data          0x000000003ffe829c       0x18 /home/cnlohr/esp8266/esp_iot_sdk_v1.1.0/lib/libpp.a(pp.o)
                0x000000003ffe829c                soft_wdt_interval
                0x000000003ffe82a0                NoiseTimerInterval
                0x000000003ffe82a8                sleep_start_wait_time
                0x000000003ffe82b0                tcb
 *fill*         0x000000003ffe82b4        0xc 
 .data          0x000000003ffe82c0       0x40 /home/cnlohr/esp8266/esp_iot_sdk_v1.1.0/lib/libpp.a(rate_control.o)
 .data          0x000000003ffe8300      0x22c /home/cnlohr/esp8266/esp_iot_sdk_v1.1.0/lib/libpp.a(trc.o)
 .data          0x000000003ffe852c        0x8 /home/cnlohr/esp8266/esp_iot_sdk_v1.1.0/lib/libpp.a(wdev.o)
 *(.data.*)
 *(.gnu.linkonce.d.*)
 *(.data1)
 *(.sdata)
 *(.sdata.*)
 *(.gnu.linkonce.s.*)
 *(.sdata2)
 *(.sdata2.*)
 *(.gnu.linkonce.s2.*)
 *(.jcr)
                0x000000003ffe8534                _data_end = ABSOLUTE (.)

.rodata         0x000000003ffe8540      0x9ec
                0x000000003ffe8540                _rodata_start = ABSOLUTE (.)
 *(.rodata)
 .rodata        0x000000003ffe8540      0x108 /tmp/cc1kLqWr.ltrans0.ltrans.o
 .rodata        0x000000003ffe8648       0x40 /tmp/cc1kLqWr.ltrans1.ltrans.o
                0x000000003ffe8684                GlobalRewriteFlash
 .rodata        0x000000003ffe8688        0x8 /home/cnlohr/esp8266/esp_iot_sdk_v1.1.0/lib/libmain.a(eagle_lib.o)
 .rodata        0x000000003ffe8690        0x2 /home/cnlohr/esp8266/esp_iot_sdk_v1.1.0/lib/libmain.a(mem_manager.o)
 *fill*         0x000000003ffe8692        0x2 
 .rodata        0x000000003ffe8694        0x4 /home/cnlohr/esp8266/esp_iot_sdk_v1.1.0/lib/libnet80211.a(ieee80211_hostap.o)
 .rodata        0x000000003ffe8698        0x4 /home/cnlohr/esp8266/esp_iot_sdk_v1.1.0/lib/libnet80211.a(ieee80211_output.o)
 *fill*         0x000000003ffe869c        0x4 
 .rodata        0x000000003ffe86a0       0x70 /home/cnlohr/esp8266/esp_iot_sdk_v1.1.0/lib/libnet80211.a(ieee80211_proto.o)
 .rodata        0x000000003ffe8710        0x8 /home/cnlohr/esp8266/esp_iot_sdk_v1.1.0/lib/libnet80211.a(wl_cnx.o)
 .rodata        0x000000003ffe8718        0x8 /home/cnlohr/esp8266/esp_iot_sdk_v1.1.0/lib/liblwip.a(dhcpserver.o)
 .rodata        0x000000003ffe8720        0xc /home/cnlohr/esp8266/esp_iot_sdk_v1.1.0/lib/liblwip.a(etharp.o)
                0x000000003ffe8720                ethbroadcast
                0x000000003ffe8726                ethzero
 .rodata        0x000000003ffe872c        0x8 /home/cnlohr/esp8266/esp_iot_sdk_v1.1.0/lib/liblwip.a(ip_addr.o)
                0x000000003ffe872c                ip_addr_any
                0x000000003ffe8730                ip_addr_broadcast
 *fill*         0x000000003ffe8734        0xc 
 .rodata        0x000000003ffe8740       0x14 /home/cnlohr/esp8266/esp_iot_sdk_v1.1.0/lib/liblwip.a(memp.o)
                0x000000003ffe8740                memp_sizes
 *fill*         0x000000003ffe8754        0xc 
 .rodata        0x000000003ffe8760       0x2d /home/cnlohr/esp8266/esp_iot_sdk_v1.1.0/lib/liblwip.a(tcp.o)
                0x000000003ffe8760                tcp_pcb_lists
                0x000000003ffe8770                tcp_persist_backoff
                0x000000003ffe8780                tcp_backoff
 *fill*         0x000000003ffe878d        0x3 
 .rodata        0x000000003ffe8790        0x6 /home/cnlohr/esp8266/esp_iot_sdk_v1.1.0/lib/libwpa.a(ap_config.o)
 *fill*         0x000000003ffe8796        0x2 
 .rodata        0x000000003ffe8798        0x8 /home/cnlohr/esp8266/esp_iot_sdk_v1.1.0/lib/libwpa.a(wpa.o)
 .rodata        0x000000003ffe87a0        0xc /home/cnlohr/esp8266/esp_iot_sdk_v1.1.0/lib/libwpa.a(wpa_common.o)
 .rodata        0x000000003ffe87ac        0x8 /home/cnlohr/esp8266/esp_iot_sdk_v1.1.0/lib/libphy.a(phy_chip_v6.o)
 .rodata        0x000000003ffe87b4      0x100 /home/cnlohr/esp8266/esp-open-sdk/xtensa-lx106-elf/lib/gcc/xtensa-lx106-elf/4.8.2/libgcc.a(_popcount_tab.o)
                0x000000003ffe87b4                __popcount_tab
 *(.rodata.*)
 .rodata.str1.4
                0x000000003ffe88b4      0x2ac /tmp/cc1kLqWr.ltrans0.ltrans.o
                                        0x2bc (size before relaxing)
 .rodata.str1.4
                0x000000003ffe8b60      0x12f /tmp/cc1kLqWr.ltrans1.ltrans.o
                                        0x143 (size before relaxing)
 *fill*         0x000000003ffe8c8f        0x1 
 .rodata.str1.4
                0x000000003ffe8c90       0xf8 /tmp/cc1kLqWr.ltrans2.ltrans.o
 .rodata.str1.4
                0x000000003ffe8d88       0x22 /home/cnlohr/esp8266/esp_iot_sdk_v1.1.0/lib/libmain.a(user_interface.o)
 *fill*         0x000000003ffe8daa        0x2 
 .rodata.str1.4
                0x000000003ffe8dac       0x63 /home/cnlohr/esp8266/esp_iot_sdk_v1.1.0/lib/libmain.a(app_main.o)
                                         0x6b (size before relaxing)
 .rodata.str1.4
                0x0000000000000000        0x7 /home/cnlohr/esp8266/esp_iot_sdk_v1.1.0/lib/libnet80211.a(ieee80211.o)
 .rodata.str1.4
                0x0000000000000000        0x7 /home/cnlohr/esp8266/esp_iot_sdk_v1.1.0/lib/libnet80211.a(ieee80211_output.o)
 *fill*         0x000000003ffe8e0f        0x1 
 .rodata.str1.4
                0x000000003ffe8e10        0x4 /home/cnlohr/esp8266/esp_iot_sdk_v1.1.0/lib/libnet80211.a(ieee80211_scan.o)
 .rodata.str1.4
                0x000000003ffe8e14        0xf /home/cnlohr/esp8266/esp_iot_sdk_v1.1.0/lib/liblwip.a(dns.o)
 .rodata.str1.4
                0x0000000000000000        0xf /home/cnlohr/esp8266/esp_iot_sdk_v1.1.0/lib/liblwip.a(espconn_tcp.o)
                                          0x1 (size before relaxing)
 *fill*         0x000000003ffe8e23        0x1 
 .rodata.str1.4
                0x000000003ffe8e24       0x88 /home/cnlohr/esp8266/esp_iot_sdk_v1.1.0/lib/liblwip.a(mdns.o)
 .rodata.str1.4
                0x000000003ffe8eac       0x3c /home/cnlohr/esp8266/esp_iot_sdk_v1.1.0/lib/libwpa.a(wpa_auth.o)
                                         0x43 (size before relaxing)
 .rodata.str1.4
                0x0000000000000000       0x17 /home/cnlohr/esp8266/esp_iot_sdk_v1.1.0/lib/libwpa.a(wpa.o)
 .rodata.str1.4
                0x000000003ffe8ee8        0x9 /home/cnlohr/esp8266/esp_iot_sdk_v1.1.0/lib/libwpa.a(wpa_common.o)
 *fill*         0x000000003ffe8ef1        0x3 
 .rodata.str1.4
                0x000000003ffe8ef4        0x7 /home/cnlohr/esp8266/esp_iot_sdk_v1.1.0/lib/libpp.a(lmac.o)
 *fill*         0x000000003ffe8efb        0x1 
 .rodata.str1.4
                0x000000003ffe8efc       0x17 /home/cnlohr/esp8266/esp_iot_sdk_v1.1.0/lib/libpp.a(pm.o)
 *fill*         0x000000003ffe8f13        0x1 
 .rodata.str1.4
                0x000000003ffe8f14        0x5 /home/cnlohr/esp8266/esp_iot_sdk_v1.1.0/lib/libpp.a(pp.o)
 *fill*         0x000000003ffe8f19        0x3 
 .rodata.str1.4
                0x000000003ffe8f1c        0x7 /home/cnlohr/esp8266/esp_iot_sdk_v1.1.0/lib/libpp.a(wdev.o)
 *(.gnu.linkonce.r.*)
 *(.rodata1)
                0x000000003ffe8f23                __XT_EXCEPTION_TABLE__ = ABSOLUTE (.)
 *(.xt_except_table)
 *(.gcc_except_table)
 *(.gnu.linkonce.e.*)
 *(.gnu.version_r)
 *(.eh_frame)
 *crtbegin.o(.ctors)
 *(EXCLUDE_FILE(*crtend.o) .ctors)
 *(SORT(.ctors.*))
 *(.ctors)
 *crtbegin.o(.dtors)
 *(EXCLUDE_FILE(*crtend.o) .dtors)
 *(SORT(.dtors.*))
 *(.dtors)
                0x000000003ffe8f23                __XT_EXCEPTION_DESCS__ = ABSOLUTE (.)
 *(.xt_except_desc)
 *(.gnu.linkonce.h.*)
                0x000000003ffe8f23                __XT_EXCEPTION_DESCS_END__ = ABSOLUTE (.)
 *(.xt_except_desc_end)
 *(.dynamic)
 *(.gnu.version_d)
                0x000000003ffe8f24                . = ALIGN (0x4)
 *fill*         0x000000003ffe8f23        0x1 
                0x000000003ffe8f24                _bss_table_start = ABSOLUTE (.)
                0x000000003ffe8f24        0x4 LONG 0x3ffe8f30 _bss_start
                0x000000003ffe8f28        0x4 LONG 0x3fff2ff0 _bss_end
                0x000000003ffe8f2c                _bss_table_end = ABSOLUTE (.)
                0x000000003ffe8f2c                _rodata_end = ABSOLUTE (.)

.bss            0x000000003ffe8f30     0xa0c0
                0x000000003ffe8f30                . = ALIGN (0x8)
                0x000000003ffe8f30                _bss_start = ABSOLUTE (.)
 *(.dynsbss)
 *(.sbss)
 *(.sbss.*)
 *(.gnu.linkonce.sb.*)
 *(.scommon)
 *(.sbss2)
 *(.sbss2.*)
 *(.gnu.linkonce.sb2.*)
 *(.dynbss)
 *(.bss)
 .bss           0x000000003ffe8f30      0x42c /tmp/cc1kLqWr.ltrans0.ltrans.o
 .bss           0x000000003ffe935c      0xa40 /tmp/cc1kLqWr.ltrans1.ltrans.o
                0x000000003ffe935c                generic_buffer
                0x000000003ffe9938                generic_ptr
                0x000000003ffe993c                need_to_switch_back_to_soft_ap
                0x000000003ffe9940                stream_data_raw
                0x000000003ffe9944                pespconn
                0x000000003ffe9948                stream_data
                0x000000003ffe994c                in_range_setting
                0x000000003ffe9950                magIIR
                0x000000003ffe995c                magNow
                0x000000003ffe9968                accIIR
                0x000000003ffe9974                accNow
                0x000000003ffe9980                gyrIIR
                0x000000003ffe998c                gyrNow
                0x000000003ffe9998                barIIR
                0x000000003ffe999c                barNow
                0x000000003ffe99a0                tempNow
                0x000000003ffe99a4                systemFrame
                0x000000003ffe99a8                voltNow
                0x000000003ffe99ac                curhttp
                0x000000003ffe99b0                HTTPConnections
                0x000000003ffe9d50                tick_flag
 .bss           0x000000003ffe9d9c      0x204 /tmp/cc1kLqWr.ltrans2.ltrans.o
                0x000000003ffe9d9c                md$1703
                0x000000003ffe9d9e                mc$1702
                0x000000003ffe9da0                b2$1700
                0x000000003ffe9da2                b1$1699
                0x000000003ffe9da4                ac6$1698
                0x000000003ffe9da6                ac5$1697
                0x000000003ffe9da8                ac4$1696
                0x000000003ffe9daa                ac3$1695
                0x000000003ffe9dac                ac2$1694
                0x000000003ffe9dae                ac1$1692
                0x000000003ffe9db0                settings
                0x000000003ffe9df8                generic_print_buffer
 .bss           0x000000003ffe9fa0       0x18 /home/cnlohr/esp8266/esp_iot_sdk_v1.1.0/lib/libmain.a(mem_manager.o)
 *fill*         0x000000003ffe9fb8        0x8 
 .bss           0x000000003ffe9fc0      0x141 /home/cnlohr/esp8266/esp_iot_sdk_v1.1.0/lib/libmain.a(user_interface.o)
                0x000000003ffea0b7                deep_sleep_flag
                0x000000003ffea0b8                cpu_overclock
                0x000000003ffea0bc                event_cb
                0x000000003ffea0c0                status_led_output_level
                0x000000003ffea0c4                done_cb
                0x000000003ffea0c8                rst_if
                0x000000003ffea0e4                default_interface
                0x000000003ffea0e8                promiscuous_cb
 *fill*         0x000000003ffea101        0xf 
 .bss           0x000000003ffea110      0x1c0 /home/cnlohr/esp8266/esp_iot_sdk_v1.1.0/lib/libmain.a(nmi-vector.o)
 .bss           0x000000003ffea2d0       0x3d /home/cnlohr/esp8266/esp_iot_sdk_v1.1.0/lib/libmain.a(app_main.o)
                0x000000003ffea2d4                info
                0x000000003ffea2f8                check_timeouts_timer
                0x000000003ffea30c                user_init_flag
 *fill*         0x000000003ffea30d        0x3 
 .bss           0x000000003ffea310        0x8 /home/cnlohr/esp8266/esp_iot_sdk_v1.1.0/lib/libmain.a(eagle_lwip_if.o)
 .bss           0x000000003ffea318      0x558 /home/cnlohr/esp8266/esp_iot_sdk_v1.1.0/lib/libnet80211.a(ieee80211.o)
                0x000000003ffea318                g_ic
 .bss           0x000000003ffea870       0x20 /home/cnlohr/esp8266/esp_iot_sdk_v1.1.0/lib/libnet80211.a(ieee80211_hostap.o)
                0x000000003ffea888                TmpSTAAPCloseAP
                0x000000003ffea889                PendFreeBcnEb
 .bss           0x000000003ffea890       0xcc /home/cnlohr/esp8266/esp_iot_sdk_v1.1.0/lib/libnet80211.a(ieee80211_scan.o)
                0x000000003ffea890                gScanStruct
                0x000000003ffea944                auth_type
                0x000000003ffea946                scannum
 .bss           0x000000003ffea95c       0x3c /home/cnlohr/esp8266/esp_iot_sdk_v1.1.0/lib/libnet80211.a(wl_chm.o)
 .bss           0x000000003ffea998      0x418 /home/cnlohr/esp8266/esp_iot_sdk_v1.1.0/lib/libnet80211.a(wl_cnx.o)
                0x000000003ffead98                sta_con_timer
                0x000000003ffeadac                g_cnx_probe_rc_list_cb
 .bss           0x000000003ffeadb0       0x38 /home/cnlohr/esp8266/esp_iot_sdk_v1.1.0/lib/liblwip.a(dhcp.o)
                0x000000003ffeadb0                dhcp_rx_options_given
                0x000000003ffeadc0                dhcp_rx_options_val
 .bss           0x000000003ffeade8      0x248 /home/cnlohr/esp8266/esp_iot_sdk_v1.1.0/lib/liblwip.a(dhcpserver.o)
                0x000000003ffeadf8                s
 .bss           0x000000003ffeb030      0x690 /home/cnlohr/esp8266/esp_iot_sdk_v1.1.0/lib/liblwip.a(dns.o)
 .bss           0x000000003ffeb6c0      0x104 /home/cnlohr/esp8266/esp_iot_sdk_v1.1.0/lib/liblwip.a(espconn.o)
                0x000000003ffeb6c0                plink_active
                0x000000003ffeb6c4                pserver_list
                0x000000003ffeb6d0                premot
                0x000000003ffeb790                pktinfo
 *fill*         0x000000003ffeb7c4        0xc 
 .bss           0x000000003ffeb7d0       0x78 /home/cnlohr/esp8266/esp_iot_sdk_v1.1.0/lib/liblwip.a(espconn_tcp.o)
                0x000000003ffeb7d0                espconn_TaskQueue
 *fill*         0x000000003ffeb848        0x8 
 .bss           0x000000003ffeb850      0x100 /home/cnlohr/esp8266/esp_iot_sdk_v1.1.0/lib/liblwip.a(etharp.o)
 .bss           0x000000003ffeb950        0xc /home/cnlohr/esp8266/esp_iot_sdk_v1.1.0/lib/liblwip.a(igmp.o)
 *fill*         0x000000003ffeb95c        0x4 
 .bss           0x000000003ffeb960       0x10 /home/cnlohr/esp8266/esp_iot_sdk_v1.1.0/lib/liblwip.a(ip_addr.o)
 .bss           0x000000003ffeb970       0x12 /home/cnlohr/esp8266/esp_iot_sdk_v1.1.0/lib/liblwip.a(ip.o)
                0x000000003ffeb970                current_iphdr_dest
                0x000000003ffeb974                current_iphdr_src
                0x000000003ffeb978                current_netif
                0x000000003ffeb97c                current_header
 *fill*         0x000000003ffeb982        0xe 
 .bss           0x000000003ffeb990      0x421 /home/cnlohr/esp8266/esp_iot_sdk_v1.1.0/lib/liblwip.a(mdns.o)
                0x000000003ffeb994                PUCK_SERVICE
                0x000000003ffeb99c                PUCK_PORT
                0x000000003ffeb9a8                mdns_timer
 *fill*         0x000000003ffebdb1        0x3 
 .bss           0x000000003ffebdb4        0x9 /home/cnlohr/esp8266/esp_iot_sdk_v1.1.0/lib/liblwip.a(netif.o)
                0x000000003ffebdb4                netif_list
                0x000000003ffebdb8                netif_default
 *fill*         0x000000003ffebdbd        0x3 
 .bss           0x000000003ffebdc0        0x4 /home/cnlohr/esp8266/esp_iot_sdk_v1.1.0/lib/liblwip.a(raw.o)
 .bss           0x000000003ffebdc4       0x34 /home/cnlohr/esp8266/esp_iot_sdk_v1.1.0/lib/liblwip.a(tcp_in.o)
                0x000000003ffebdf4                tcp_input_pcb
 .bss           0x000000003ffebdf8       0x1c /home/cnlohr/esp8266/esp_iot_sdk_v1.1.0/lib/liblwip.a(tcp.o)
                0x000000003ffebdfc                tcp_active_pcbs
                0x000000003ffebe00                tcp_tmp_pcb
                0x000000003ffebe04                tcp_tw_pcbs
                0x000000003ffebe08                tcp_bound_pcbs
                0x000000003ffebe0c                tcp_listen_pcbs
                0x000000003ffebe10                tcp_ticks
 .bss           0x000000003ffebe14        0xc /home/cnlohr/esp8266/esp_iot_sdk_v1.1.0/lib/liblwip.a(timers.o)
 .bss           0x000000003ffebe20        0x4 /home/cnlohr/esp8266/esp_iot_sdk_v1.1.0/lib/liblwip.a(udp.o)
                0x000000003ffebe20                udp_pcbs
 *fill*         0x000000003ffebe24        0xc 
 .bss           0x000000003ffebe30      0x27a /home/cnlohr/esp8266/esp_iot_sdk_v1.1.0/lib/libwpa.a(wpa.o)
 *fill*         0x000000003ffec0aa        0x6 
 .bss           0x000000003ffec0b0        0x8 /home/cnlohr/esp8266/esp_iot_sdk_v1.1.0/lib/libnet80211.a(ieee80211_crypto_tkip.o)
 .bss           0x000000003ffec0b8        0x4 /home/cnlohr/esp8266/esp_iot_sdk_v1.1.0/lib/libphy.a(phy.o)
 *fill*         0x000000003ffec0bc        0x4 
 .bss           0x000000003ffec0c0      0x3ab /home/cnlohr/esp8266/esp_iot_sdk_v1.1.0/lib/libphy.a(phy_chip_v6.o)
                0x000000003ffec0c0                g_phyFuns
                0x000000003ffec0c4                rxiq_compute_num
                0x000000003ffec0c8                rxdc_init_flag
                0x000000003ffec0cc                check_result
                0x000000003ffec0d0                chip6_sleep_params
                0x000000003ffec2b4                chip6_phy_init_ctrl
                0x000000003ffec328                phy_freq_offset
                0x000000003ffec32a                do_pwctrl_flag
                0x000000003ffec32b                pwctrl_debug
                0x000000003ffec32c                txbk_dpdby_flag
                0x000000003ffec32e                sw_scan_mode
                0x000000003ffec340                periodic_cal_dc_num
                0x000000003ffec344                periodic_cal_flag
                0x000000003ffec345                bbpll_cal_flag
                0x000000003ffec346                phy_in_most_power
                0x000000003ffec347                deep_sleep_en
                0x000000003ffec348                rtc_mem_check_fail
                0x000000003ffec349                rtc_recovery_en
                0x000000003ffec34a                phy_in_vdd33_offset
                0x000000003ffec34b                phy_set_most_tpw_disbg
                0x000000003ffec34c                phy_set_most_tpw_index
                0x000000003ffec350                adc_rand_noise
                0x000000003ffec354                dpd_bypass_original
                0x000000003ffec358                noise_array
                0x000000003ffec460                tx_pwctrl_atten_init
 *fill*         0x000000003ffec46b        0x1 
 .bss           0x000000003ffec46c        0x6 /home/cnlohr/esp8266/esp_iot_sdk_v1.1.0/lib/libphy.a(phy_chip_v6_cal.o)
                0x000000003ffec46c                loop_pwctrl_pwdet_error_accum_high_power
                0x000000003ffec46e                tx_pwctrl_pk_num
                0x000000003ffec46f                loop_pwctrl_correct_atten_high_power
                0x000000003ffec470                tx_pwctrl_set_chan_flag
                0x000000003ffec471                rxiq_cover_fail_num
 *fill*         0x000000003ffec472        0x2 
 .bss           0x000000003ffec474        0x7 /home/cnlohr/esp8266/esp_iot_sdk_v1.1.0/lib/libphy.a(phy_sleep.o)
                0x000000003ffec474                periodic_cal_sat
                0x000000003ffec476                lslp_mem_opt_8266
                0x000000003ffec478                software_slp_reject
                0x000000003ffec479                SDIO_slp_reject
                0x000000003ffec47a                hardware_reject
 *fill*         0x000000003ffec47b        0x5 
 .bss           0x000000003ffec480     0x1214 /home/cnlohr/esp8266/esp_iot_sdk_v1.1.0/lib/libpp.a(esf_buf.o)
 *fill*         0x000000003ffed694        0xc 
 .bss           0x000000003ffed6a0       0x30 /home/cnlohr/esp8266/esp_iot_sdk_v1.1.0/lib/libpp.a(if_hwctrl.o)
                0x000000003ffed6a0                interface_mask
                0x000000003ffed6b0                if_ctrl
 .bss           0x000000003ffed6d0      0x150 /home/cnlohr/esp8266/esp_iot_sdk_v1.1.0/lib/libpp.a(lmac.o)
                0x000000003ffed6d4                lmacConfMib
 .bss           0x000000003ffed820      0x11a /home/cnlohr/esp8266/esp_iot_sdk_v1.1.0/lib/libpp.a(pm.o)
 *fill*         0x000000003ffed93a        0x6 
 .bss           0x000000003ffed940      0x2d2 /home/cnlohr/esp8266/esp_iot_sdk_v1.1.0/lib/libpp.a(pp.o)
                0x000000003ffed944                SoftWdtTimer
                0x000000003ffed96c                pend_flag_noise_check
                0x000000003ffed974                pend_flag_periodic_cal
                0x000000003ffed98c                idle_timer_reopen_flag
                0x000000003ffed98d                dbg_stop_sw_wdt
                0x000000003ffed98e                dbg_stop_hw_wdt
 *fill*         0x000000003ffedc12        0xe 
 .bss           0x000000003ffedc20      0x100 /home/cnlohr/esp8266/esp_iot_sdk_v1.1.0/lib/libpp.a(rate_control.o)
 .bss           0x000000003ffedd20      0x448 /home/cnlohr/esp8266/esp_iot_sdk_v1.1.0/lib/libpp.a(trc.o)
 *fill*         0x000000003ffee168        0x8 
 .bss           0x000000003ffee170     0x4e80 /home/cnlohr/esp8266/esp_iot_sdk_v1.1.0/lib/libpp.a(wdev.o)
                0x000000003ffee170                wDevCtrl
                0x000000003ffee314                WdevTimOffSet
 *(.bss.*)
 *(.gnu.linkonce.b.*)
 *(COMMON)
                0x000000003fff2ff0                . = ALIGN (0x8)
                0x000000003fff2ff0                _bss_end = ABSOLUTE (.)
                0x000000003fff2ff0                _heap_start = ABSOLUTE (.)

.text           0x0000000040100000     0x7398
                0x0000000040100000                _stext = .
                0x0000000040100000                _text_start = ABSOLUTE (.)
 *(.UserEnter.text)
 .UserEnter.text
                0x0000000040100000        0xd /home/cnlohr/esp8266/esp_iot_sdk_v1.1.0/lib/libmain.a(vector.o)
                                         0x14 (size before relaxing)
                0x0000000040100004                call_user_start
                0x0000000040100010                . = ALIGN (0x10)
 *fill*         0x000000004010000d        0x3 
 *(.DebugExceptionVector.text)
 .DebugExceptionVector.text
                0x0000000040100010        0x6 /home/cnlohr/esp8266/esp_iot_sdk_v1.1.0/lib/libmain.a(debug-vector.o)
                0x0000000040100010                _DebugExceptionVector
                0x0000000040100020                . = ALIGN (0x10)
 *fill*         0x0000000040100016        0xa 
 *(.NMIExceptionVector.text)
 .NMIExceptionVector.text
                0x0000000040100020        0x6 /home/cnlohr/esp8266/esp_iot_sdk_v1.1.0/lib/libmain.a(nmi-vector.o)
                                          0xd (size before relaxing)
                0x0000000040100020                _NMIExceptionVector
                0x0000000040100030                . = ALIGN (0x10)
 *fill*         0x0000000040100026        0xa 
 *(.KernelExceptionVector.text)
 .KernelExceptionVector.text
                0x0000000040100030        0x6 /home/cnlohr/esp8266/esp_iot_sdk_v1.1.0/lib/libmain.a(kernel-vector.o)
                0x0000000040100030                _KernelExceptionVector
                0x0000000040100036        0x4 LONG 0x0
                0x000000004010003a        0x4 LONG 0x0
                0x000000004010003e        0x4 LONG 0x0
                0x0000000040100042        0x4 LONG 0x0
                0x0000000040100050                . = ALIGN (0x10)
 *fill*         0x0000000040100046        0xa 
 *(.UserExceptionVector.text)
 .UserExceptionVector.text
                0x0000000040100050        0x6 /home/cnlohr/esp8266/esp_iot_sdk_v1.1.0/lib/libmain.a(user-vector.o)
                                          0xd (size before relaxing)
                0x0000000040100050                _UserExceptionVector
                0x0000000040100056        0x4 LONG 0x0
                0x000000004010005a        0x4 LONG 0x0
                0x000000004010005e        0x4 LONG 0x0
                0x0000000040100062        0x4 LONG 0x0
                0x0000000040100070                . = ALIGN (0x10)
 *fill*         0x0000000040100066        0xa 
 *(.DoubleExceptionVector.text)
 .DoubleExceptionVector.text
                0x0000000040100070        0x6 /home/cnlohr/esp8266/esp_iot_sdk_v1.1.0/lib/libmain.a(double-vector.o)
                0x0000000040100070                _DoubleExceptionVector
                0x0000000040100076        0x4 LONG 0x0
                0x000000004010007a        0x4 LONG 0x0
                0x000000004010007e        0x4 LONG 0x0
                0x0000000040100082        0x4 LONG 0x0
                0x0000000040100090                . = ALIGN (0x10)
 *fill*         0x0000000040100086        0xa 
 *(.entry.text)
 *(.init.literal)
 *(.init)
 *(.literal .text .literal.* .text.* .stub .gnu.warning .gnu.linkonce.literal.* .gnu.linkonce.t.*.literal .gnu.linkonce.t.*)
 .literal       0x0000000040100090       0x28 /tmp/cc1kLqWr.ltrans0.ltrans.o
                                         0xf4 (size before relaxing)
 .literal       0x00000000401000b8       0x8c /tmp/cc1kLqWr.ltrans1.ltrans.o
                                        0x160 (size before relaxing)
 .literal       0x0000000040100144        0x8 /home/cnlohr/esp8266/esp-open-sdk/xtensa-lx106-elf/lib/gcc/xtensa-lx106-elf/4.8.2/libgcc.a(_addsubsf3.o)
                                          0xc (size before relaxing)
 .literal       0x000000004010014c        0x4 /home/cnlohr/esp8266/esp-open-sdk/xtensa-lx106-elf/lib/gcc/xtensa-lx106-elf/4.8.2/libgcc.a(_mulsf3.o)
                                         0x10 (size before relaxing)
 .literal       0x0000000040100150        0x0 /home/cnlohr/esp8266/esp-open-sdk/xtensa-lx106-elf/lib/gcc/xtensa-lx106-elf/4.8.2/libgcc.a(_divsf3.o)
                                         0x10 (size before relaxing)
 .literal       0x0000000040100150        0x0 /home/cnlohr/esp8266/esp-open-sdk/xtensa-lx106-elf/lib/gcc/xtensa-lx106-elf/4.8.2/libgcc.a(_fixsfsi.o)
                                          0x4 (size before relaxing)
 .literal       0x0000000040100150        0x0 /home/cnlohr/esp8266/esp-open-sdk/xtensa-lx106-elf/lib/gcc/xtensa-lx106-elf/4.8.2/libgcc.a(_fixunssfsi.o)
                                          0x4 (size before relaxing)
 .literal       0x0000000040100150        0xc /home/cnlohr/esp8266/esp-open-sdk/xtensa-lx106-elf/lib/gcc/xtensa-lx106-elf/4.8.2/libgcc.a(_muldf3.o)
                                         0x10 (size before relaxing)
 .literal       0x000000004010015c        0x0 /home/cnlohr/esp8266/esp-open-sdk/xtensa-lx106-elf/lib/gcc/xtensa-lx106-elf/4.8.2/libgcc.a(_divdf3.o)
                                         0x10 (size before relaxing)
 .literal       0x000000004010015c        0x0 /home/cnlohr/esp8266/esp-open-sdk/xtensa-lx106-elf/lib/gcc/xtensa-lx106-elf/4.8.2/libgcc.a(_fixdfsi.o)
                                          0x4 (size before relaxing)
 .literal       0x000000004010015c        0x4 /home/cnlohr/esp8266/esp-open-sdk/xtensa-lx106-elf/lib/gcc/xtensa-lx106-elf/4.8.2/libgcc.a(_truncdfsf2.o)
                                          0x8 (size before relaxing)
 .literal       0x0000000040100160        0x0 /home/cnlohr/esp8266/esp-open-sdk/xtensa-lx106-elf/lib/gcc/xtensa-lx106-elf/4.8.2/libgcc.a(_muldi3.o)
                                          0x4 (size before relaxing)
 .literal       0x0000000040100160        0x4 /home/cnlohr/esp8266/esp-open-sdk/xtensa-lx106-elf/lib/gcc/xtensa-lx106-elf/4.8.2/libgcc.a(_popcountsi2.o)
 .literal       0x0000000040100164        0x0 /home/cnlohr/esp8266/esp-open-sdk/xtensa-lx106-elf/lib/gcc/xtensa-lx106-elf/4.8.2/libgcc.a(_divdi3.o)
                                         0x48 (size before relaxing)
 .literal       0x0000000040100164        0x0 /home/cnlohr/esp8266/esp-open-sdk/xtensa-lx106-elf/lib/gcc/xtensa-lx106-elf/4.8.2/libgcc.a(_umoddi3.o)
                                         0x40 (size before relaxing)
 .literal       0x0000000040100164        0x0 /home/cnlohr/esp8266/esp-open-sdk/xtensa-lx106-elf/lib/gcc/xtensa-lx106-elf/4.8.2/libgcc.a(_extendsfdf2.o)
                                          0x8 (size before relaxing)
 .text          0x0000000040100164      0x35d /tmp/cc1kLqWr.ltrans0.ltrans.o
                0x00000000401001b0                GetByte
                0x00000000401002ac                Read16$1673
                0x00000000401002d4                SendByte
                0x00000000401003bc                SendStop
                0x000000004010043c                SendStart
                0x0000000040100480                EndTCPWrite
                0x00000000401004a4                PushBlob
 *fill*         0x00000000401004c1        0x3 
 .text          0x00000000401004c4      0x5cc /tmp/cc1kLqWr.ltrans1.ltrans.o
                                        0x5f8 (size before relaxing)
                0x00000000401006a0                MyRewriteFlash$2165
 .text          0x0000000040100a90       0xd7 /home/cnlohr/esp8266/esp_iot_sdk_v1.1.0/lib/libmain.a(ets_timer.o)
                                         0xdf (size before relaxing)
                0x0000000040100ab0                ets_timer_arm_new
 *fill*         0x0000000040100b67        0x1 
 .text          0x0000000040100b68      0x1c9 /home/cnlohr/esp8266/esp_iot_sdk_v1.1.0/lib/libmain.a(mem_manager.o)
                                        0x1f1 (size before relaxing)
                0x0000000040100b80                pvPortMalloc
                0x0000000040100c34                vPortFree
                0x0000000040100c74                pvPortCalloc
                0x0000000040100c9c                pvPortZalloc
                0x0000000040100cb0                pvPortRealloc
                0x0000000040100ce8                vPortInitialiseBlocks
 *fill*         0x0000000040100d31        0x3 
 .text          0x0000000040100d34      0x16e /home/cnlohr/esp8266/esp_iot_sdk_v1.1.0/lib/libmain.a(spi_flash.o)
                                        0x1ae (size before relaxing)
                0x0000000040100d44                spi_flash_get_id
                0x0000000040100da0                spi_flash_read_status
                0x0000000040100dd4                spi_flash_write_status
                0x0000000040100e04                spi_flash_erase_sector
                0x0000000040100e2c                spi_flash_write
                0x0000000040100e7c                spi_flash_read
 *fill*         0x0000000040100ea2        0x2 
 .text          0x0000000040100ea4      0x4c6 /home/cnlohr/esp8266/esp_iot_sdk_v1.1.0/lib/libmain.a(user_interface.o)
                                        0x53e (size before relaxing)
                0x0000000040100eb4                os_printf_plus
                0x0000000040100f7c                system_restart_local
                0x0000000040101250                system_phy_temperature_alert
                0x000000004010126c                system_get_time
                0x0000000040101288                system_os_post
                0x00000000401012bc                system_rtc_mem_write
                0x0000000040101314                system_rtc_mem_read
 *fill*         0x000000004010136a        0x2 
 .text          0x000000004010136c       0xc7 /home/cnlohr/esp8266/esp_iot_sdk_v1.1.0/lib/libmain.a(nmi-vector.o)
                                         0xcb (size before relaxing)
                0x0000000040101378                _NMILevelVector
 *fill*         0x0000000040101433        0x1 
 .text          0x0000000040101434       0x1e /home/cnlohr/esp8266/esp_iot_sdk_v1.1.0/lib/libmain.a(user-vector.o)
                0x0000000040101438                _UserExceptionVector_1
 *fill*         0x0000000040101452        0x2 
 .text          0x0000000040101454      0x4d6 /home/cnlohr/esp8266/esp_iot_sdk_v1.1.0/lib/libmain.a(app_main.o)
                                        0x56a (size before relaxing)
                0x000000004010145c                Cache_Read_Enable_New
                0x0000000040101494                NmiTimSetFunc
                0x00000000401014a0                NMI_Handler
                0x00000000401014f8                call_user_start_local
 *fill*         0x000000004010192a        0x2 
 .text          0x000000004010192c       0xcf /home/cnlohr/esp8266/esp_iot_sdk_v1.1.0/lib/libnet80211.a(wl_chm.o)
                                         0xe7 (size before relaxing)
                0x0000000040101930                chm_acquire_lock
                0x0000000040101974                chm_release_lock
                0x000000004010198c                chm_cancel_op
                0x00000000401019c8                chm_return_home_channel
                0x00000000401019f4                chm_get_current_channel
 *fill*         0x00000000401019fb        0x1 
 .text          0x00000000401019fc       0x21 /home/cnlohr/esp8266/esp_iot_sdk_v1.1.0/lib/liblwip.a(dns.o)
                0x0000000040101a04                dns_tmr
 *fill*         0x0000000040101a1d        0x3 
 .text          0x0000000040101a20       0x33 /home/cnlohr/esp8266/esp_iot_sdk_v1.1.0/lib/liblwip.a(etharp.o)
                                         0x37 (size before relaxing)
 *fill*         0x0000000040101a53        0x1 
 .text          0x0000000040101a54      0x10c /home/cnlohr/esp8266/esp_iot_sdk_v1.1.0/lib/liblwip.a(mdns.o)
                                        0x144 (size before relaxing)
                0x0000000040101a58                getPcb
                0x0000000040101a64                mdns_close
                0x0000000040101a88                mdns_set_name
                0x0000000040101aa8                mdns_enable
                0x0000000040101ac4                mdns_disable
                0x0000000040101ae4                mdns_get_hostname
                0x0000000040101b00                mdns_set_hostname
 .text          0x0000000040101b60      0x1cc /home/cnlohr/esp8266/esp_iot_sdk_v1.1.0/lib/liblwip.a(tcp.o)
                                        0x1ec (size before relaxing)
 .text          0x0000000040101d2c      0x160 /home/cnlohr/esp8266/esp_iot_sdk_v1.1.0/lib/liblwip.a(tcp_out.o)
                                        0x164 (size before relaxing)
 .text          0x0000000040101e8c       0xb0 /home/cnlohr/esp8266/esp_iot_sdk_v1.1.0/lib/liblwip.a(timers.o)
                                         0xc0 (size before relaxing)
 .text          0x0000000040101f3c       0x53 /home/cnlohr/esp8266/esp_iot_sdk_v1.1.0/lib/libphy.a(phy.o)
                                         0x5f (size before relaxing)
                0x0000000040101f44                register_phy_ops
                0x0000000040101f64                register_get_phy_addr
                0x0000000040101f6c                phy_change_channel
                0x0000000040101f84                phy_get_mactime
 *fill*         0x0000000040101f8f        0x1 
 .text          0x0000000040101f90       0xeb /home/cnlohr/esp8266/esp_iot_sdk_v1.1.0/lib/libphy.a(phy_sleep.o)
                                        0x103 (size before relaxing)
                0x0000000040101f98                pm_rtc_clock_cali
                0x0000000040102050                clockgate_watchdog
 *fill*         0x000000004010207b        0x1 
 .text          0x000000004010207c      0x25a /home/cnlohr/esp8266/esp_iot_sdk_v1.1.0/lib/libpp.a(esf_buf.o)
                                        0x2fa (size before relaxing)
                0x0000000040102080                esf_rx_buf_alloc
                0x00000000401020d0                esf_buf_alloc
                0x00000000401021f4                esf_buf_recycle
 *fill*         0x00000000401022d6        0x2 
 .text          0x00000000401022d8     0x148e /home/cnlohr/esp8266/esp_iot_sdk_v1.1.0/lib/libpp.a(lmac.o)
                                       0x1766 (size before relaxing)
                0x00000000401022dc                lmacIsActive
                0x00000000401022f0                lmacIsIdle
                0x00000000401026bc                lmacSetAcParam
                0x000000004010271c                lmacProcessTXStartData
                0x00000000401028dc                lmacProcessTxSuccess
                0x0000000040102a14                GetAccess
                0x0000000040102a20                lmacDiscardAgedMSDU
                0x0000000040102a34                lmacRecycleMPDU
                0x0000000040102f48                lmacProcessCollisions
                0x0000000040102fb0                lmacProcessCollision
                0x0000000040103028                lmacMSDUAged
                0x00000000401033c8                lmacProcessCtsTimeout
                0x0000000040103414                lmacProcessAckTimeout
                0x0000000040103450                lmacProcessRtsStart
                0x0000000040103468                lmacProcessTxRtsError
                0x0000000040103508                lmacProcessTxError
                0x000000004010359c                lmacTxFrame
                0x0000000040103750                lmacRxDone
 *fill*         0x0000000040103766        0x2 
 .text          0x0000000040103768      0xe4c /home/cnlohr/esp8266/esp_iot_sdk_v1.1.0/lib/libpp.a(pp.o)
                                       0x1000 (size before relaxing)
                0x000000004010379c                pp_soft_wdt_feed
                0x0000000040103818                ppProcessWaitQ
                0x000000004010382c                ppRecycleRxPkt
                0x0000000040103884                ppCheckTxIdle
                0x0000000040103b34                ppProcessTxQ
                0x0000000040103bac                ppGetTxQFirstAvail_Locked
                0x0000000040103bfc                ppFetchTxQFirstAvail
                0x0000000040103c3c                ppDequeueTxQ
                0x0000000040103c64                ppRollBackTxQ
                0x0000000040103c88                ppRecordBarRRC
                0x0000000040103c98                ppTxqUpdateBitmap
                0x0000000040103cbc                ppEnqueueTxDone
                0x0000000040103d2c                ppEnqueueRxq
                0x0000000040104434                ppDiscardMPDU
                0x0000000040104458                pp_post
                0x000000004010449c                pp_post2
                0x00000000401044c8                ppCalTxop
                0x0000000040104544                ppCalFrameTimes
 .text          0x00000000401045b4       0xf5 /home/cnlohr/esp8266/esp_iot_sdk_v1.1.0/lib/libpp.a(rate_control.o)
                                        0x109 (size before relaxing)
                0x00000000401045d4                RC_GetAckRate
                0x00000000401045e0                RC_GetRtsRate
                0x00000000401045f0                RC_GetAckTime
                0x0000000040104604                RC_GetCtsTime
                0x000000004010463c                RC_GetBlockAckTime
 *fill*         0x00000000401046a9        0x3 
 .text          0x00000000401046ac      0x809 /home/cnlohr/esp8266/esp_iot_sdk_v1.1.0/lib/libpp.a(trc.o)
                                        0x83d (size before relaxing)
                0x0000000040104820                rcUpdateTxDone
                0x00000000401048b4                rcUpdateRxDone
                0x0000000040104910                rcUpdateDataRxDone
                0x0000000040104928                rcGetSched
                0x00000000401049d4                rcGetRate
                0x0000000040104de8                rcReachRetryLimit
                0x0000000040104e00                trc_NeedRTS
 *fill*         0x0000000040104eb5        0x3 
 .text          0x0000000040104eb8      0xfe4 /home/cnlohr/esp8266/esp_iot_sdk_v1.1.0/lib/libpp.a(wdev.o)
                                       0x1244 (size before relaxing)
                0x0000000040105264                wDev_ProcessFiq
                0x0000000040105594                wDev_EnableTransmit
                0x00000000401055d8                wDev_DisableTransmit
                0x00000000401055f8                Tx_Copy2Queue
                0x0000000040105640                wDev_ProcessCollision
                0x0000000040105664                wDev_GetTxqCollisions
                0x0000000040105674                wDev_ClearTxqCollisions
                0x0000000040105690                wDev_SetWaitingQueue
                0x00000000401056dc                wDev_ClearWaitingQueue
                0x0000000040105700                wDev_SetFrameAckType
                0x0000000040105764                wDev_AppendRxBlocks
                0x00000000401058c8                wDev_AppendRxAmpduLensBlocks
                0x00000000401059b8                wDev_GetBAInfo
                0x00000000401059e8                wDevDisableRx
 .text          0x0000000040105e9c      0x1ff /home/cnlohr/esp8266/esp-open-sdk/xtensa-lx106-elf/lib/gcc/xtensa-lx106-elf/4.8.2/libgcc.a(_addsubsf3.o)
                0x0000000040105eb8                __addsf3
                0x0000000040105fa0                __subsf3
 *fill*         0x000000004010609b        0x1 
 .text          0x000000004010609c      0x15d /home/cnlohr/esp8266/esp-open-sdk/xtensa-lx106-elf/lib/gcc/xtensa-lx106-elf/4.8.2/libgcc.a(_mulsf3.o)
                0x0000000040106114                __mulsf3
 *fill*         0x00000000401061f9        0x3 
 .text          0x00000000401061fc      0x135 /home/cnlohr/esp8266/esp-open-sdk/xtensa-lx106-elf/lib/gcc/xtensa-lx106-elf/4.8.2/libgcc.a(_divsf3.o)
                0x0000000040106278                __divsf3
 *fill*         0x0000000040106331        0x3 
 .text          0x0000000040106334       0x40 /home/cnlohr/esp8266/esp-open-sdk/xtensa-lx106-elf/lib/gcc/xtensa-lx106-elf/4.8.2/libgcc.a(_fixsfsi.o)
                0x0000000040106334                __fixsfsi
 .text          0x0000000040106374       0x51 /home/cnlohr/esp8266/esp-open-sdk/xtensa-lx106-elf/lib/gcc/xtensa-lx106-elf/4.8.2/libgcc.a(_fixunssfsi.o)
                0x0000000040106374                __fixunssfsi
 *fill*         0x00000000401063c5        0x3 
 .text          0x00000000401063c8      0x29b /home/cnlohr/esp8266/esp-open-sdk/xtensa-lx106-elf/lib/gcc/xtensa-lx106-elf/4.8.2/libgcc.a(_muldf3.o)
                0x00000000401064a8                __muldf3
 *fill*         0x0000000040106663        0x1 
 .text          0x0000000040106664      0x20b /home/cnlohr/esp8266/esp-open-sdk/xtensa-lx106-elf/lib/gcc/xtensa-lx106-elf/4.8.2/libgcc.a(_divdf3.o)
                0x000000004010674c                __divdf3
 *fill*         0x000000004010686f        0x1 
 .text          0x0000000040106870       0x48 /home/cnlohr/esp8266/esp-open-sdk/xtensa-lx106-elf/lib/gcc/xtensa-lx106-elf/4.8.2/libgcc.a(_fixdfsi.o)
                0x0000000040106870                __fixdfsi
 .text          0x00000000401068b8       0xa0 /home/cnlohr/esp8266/esp-open-sdk/xtensa-lx106-elf/lib/gcc/xtensa-lx106-elf/4.8.2/libgcc.a(_truncdfsf2.o)
                0x00000000401068b8                __truncdfsf2
 .text          0x0000000040106958       0x36 /home/cnlohr/esp8266/esp-open-sdk/xtensa-lx106-elf/lib/gcc/xtensa-lx106-elf/4.8.2/libgcc.a(_muldi3.o)
                0x0000000040106958                __muldi3
 *fill*         0x000000004010698e        0x2 
 .text          0x0000000040106990       0x21 /home/cnlohr/esp8266/esp-open-sdk/xtensa-lx106-elf/lib/gcc/xtensa-lx106-elf/4.8.2/libgcc.a(_popcountsi2.o)
                0x0000000040106990                __popcountsi2
 *fill*         0x00000000401069b1        0x3 
 .text          0x00000000401069b4      0x3eb /home/cnlohr/esp8266/esp-open-sdk/xtensa-lx106-elf/lib/gcc/xtensa-lx106-elf/4.8.2/libgcc.a(_divdi3.o)
                                        0x41b (size before relaxing)
                0x00000000401069b4                __divdi3
 *fill*         0x0000000040106d9f        0x1 
 .text          0x0000000040106da0      0x33a /home/cnlohr/esp8266/esp-open-sdk/xtensa-lx106-elf/lib/gcc/xtensa-lx106-elf/4.8.2/libgcc.a(_umoddi3.o)
                                        0x366 (size before relaxing)
                0x0000000040106da0                __umoddi3
 *fill*         0x00000000401070da        0x2 
 .text          0x00000000401070dc       0x5e /home/cnlohr/esp8266/esp-open-sdk/xtensa-lx106-elf/lib/gcc/xtensa-lx106-elf/4.8.2/libgcc.a(_extendsfdf2.o)
                0x00000000401070dc                __extendsfdf2
 *fill*         0x000000004010713a        0x2 
 .text          0x000000004010713c        0x6 /tmp/cc1kLqWr.ltrans2.ltrans.o
                0x000000004010713c                strcat
                0x0000000040107140                user_rf_pre_init
 *fill*         0x0000000040107142        0x0 
 *fill*         0x0000000040107142        0x0 
 *fill*         0x0000000040107142        0x0 
 *fill*         0x0000000040107142        0x0 
 *fill*         0x0000000040107142        0x0 
 *fill*         0x0000000040107142        0x0 
 *fill*         0x0000000040107142        0x0 
 *fill*         0x0000000040107142        0x2 
 .text          0x0000000040107144       0x25 /home/cnlohr/esp8266/esp_iot_sdk_v1.1.0/lib/libnet80211.a(ieee80211_hostap.o)
 *fill*         0x0000000040107169        0x0 
 *fill*         0x0000000040107169        0x0 
 *fill*         0x0000000040107169        0x0 
 *fill*         0x0000000040107169        0x3 
 .text          0x000000004010716c       0x11 /home/cnlohr/esp8266/esp_iot_sdk_v1.1.0/lib/libwpa.a(wpa_auth.o)
 *fill*         0x000000004010717d        0x0 
 *fill*         0x000000004010717d        0x3 
 .text          0x0000000040107180        0x2 /home/cnlohr/esp8266/esp_iot_sdk_v1.1.0/lib/libphy.a(phy_chip_v6.o)
                0x0000000040107180                ram_tx_mac_disable
 *fill*         0x0000000040107182        0x0 
 *fill*         0x0000000040107182        0x0 
 *fill*         0x0000000040107182        0x0 
 *fill*         0x0000000040107182        0x0 
 *fill*         0x0000000040107182        0x0 
 *fill*         0x0000000040107182        0x2 
 .text          0x0000000040107184       0x64 /home/cnlohr/esp8266/esp-open-sdk/xtensa-lx106-elf/lib/gcc/xtensa-lx106-elf/4.8.2/libgcc.a(_divsi3.o)
                0x0000000040107184                __divsi3
 .text          0x00000000401071e8       0x49 /home/cnlohr/esp8266/esp-open-sdk/xtensa-lx106-elf/lib/gcc/xtensa-lx106-elf/4.8.2/libgcc.a(_modsi3.o)
                0x00000000401071e8                __modsi3
 *fill*         0x0000000040107231        0x3 
 .text          0x0000000040107234       0x4c /home/cnlohr/esp8266/esp-open-sdk/xtensa-lx106-elf/lib/gcc/xtensa-lx106-elf/4.8.2/libgcc.a(_udivsi3.o)
                0x0000000040107234                __udivsi3
 .text          0x0000000040107280       0x39 /home/cnlohr/esp8266/esp-open-sdk/xtensa-lx106-elf/lib/gcc/xtensa-lx106-elf/4.8.2/libgcc.a(_umodsi3.o)
                0x0000000040107280                __umodsi3
 *fill*         0x00000000401072b9        0x3 
 .text          0x00000000401072bc       0x18 /home/cnlohr/esp8266/esp-open-sdk/xtensa-lx106-elf/lib/gcc/xtensa-lx106-elf/4.8.2/libgcc.a(_ashrdi3.o)
                0x00000000401072bc                __ashrdi3
 *fill*         0x00000000401072d4        0x0 
 *fill*         0x00000000401072d4        0x0 
 *fill*         0x00000000401072d4        0x0 
 *fill*         0x00000000401072d4        0x0 
 .text          0x00000000401072d4       0x44 /home/cnlohr/esp8266/esp-open-sdk/xtensa-lx106-elf/lib/gcc/xtensa-lx106-elf/4.8.2/libgcc.a(_floatsisf.o)
                0x00000000401072d4                __floatunsisf
                0x00000000401072dc                __floatsisf
 *fill*         0x0000000040107318        0x0 
 *fill*         0x0000000040107318        0x0 
 .text          0x0000000040107318       0x36 /home/cnlohr/esp8266/esp-open-sdk/xtensa-lx106-elf/lib/gcc/xtensa-lx106-elf/4.8.2/libgcc.a(_floatsidf.o)
                0x0000000040107318                __floatunsidf
                0x0000000040107320                __floatsidf
 *fill*         0x000000004010734e        0x0 
 *fill*         0x000000004010734e        0x0 
 *fill*         0x000000004010734e        0x0 
 *fill*         0x000000004010734e        0x0 
 *fill*         0x000000004010734e        0x2 
 .text          0x0000000040107350       0x48 /home/cnlohr/esp8266/esp-open-sdk/xtensa-lx106-elf/lib/gcc/xtensa-lx106-elf/4.8.2/libgcc.a(_umulsidi3.o)
                0x0000000040107350                __umulsidi3
 *(.fini.literal)
 *(.fini)
 *(.gnu.version)
                0x0000000040107398                _text_end = ABSOLUTE (.)
                0x0000000040107398                _etext = .

.lit4           0x0000000040107398        0x0
                0x0000000040107398                _lit4_start = ABSOLUTE (.)
 *(*.lit4)
 *(.lit4.*)
 *(.gnu.linkonce.lit4.*)
                0x0000000040107398                _lit4_end = ABSOLUTE (.)

.irom0.text     0x0000000040240000    0x2993f
                0x0000000040240000                _irom0_text_start = ABSOLUTE (.)
 *(.irom0.literal .irom.literal .irom.text.literal .irom0.text .irom.text)
 .irom0.literal
                0x0000000040240000      0x1f8 /tmp/cc1kLqWr.ltrans0.ltrans.o
                                        0x3a0 (size before relaxing)
 .irom0.literal
                0x00000000402401f8      0x128 /tmp/cc1kLqWr.ltrans1.ltrans.o
                                        0x3a4 (size before relaxing)
 .irom0.literal
                0x0000000040240320       0x9c /tmp/cc1kLqWr.ltrans2.ltrans.o
                                        0x2c0 (size before relaxing)
 .irom0.text    0x00000000402403bc      0xf82 /tmp/cc1kLqWr.ltrans0.ltrans.o
                                       0x1022 (size before relaxing)
                0x00000000402403d0                MyTimer
                0x00000000402403dc                uart1_write_char$1378
                0x0000000040240414                httpserver_connectcb
                0x0000000040240478                URLDecode
                0x0000000040240514                HTTPClose
                0x000000004024053c                FillRaw
                0x00000000402405dc                ConfigI2C
                0x0000000040240608                HTTPHandleInternalCallback
                0x000000004024082c                my_atoi
                0x0000000040240894                uart_config$1387
                0x0000000040240994                uart0_sendStr
                0x00000000402409bc                issue_command
                0x0000000040241264                procTask$part$0$1540
 *fill*         0x000000004024133e        0x2 
 .irom0.text    0x0000000040241340      0xbb4 /tmp/cc1kLqWr.ltrans1.ltrans.o
                                        0xbf4 (size before relaxing)
                0x0000000040241340                procTask$1535
                0x0000000040241af0                http_recvcb$1959
 .irom0.text    0x0000000040241ef4      0x567 /tmp/cc1kLqWr.ltrans2.ltrans.o
                                        0x5b3 (size before relaxing)
                0x0000000040241ef4                user_init
 *fill*         0x000000004024245b        0x1 
 .irom0.text    0x000000004024245c      0x56a /home/cnlohr/esp8266/esp_iot_sdk_v1.1.0/lib/libmain.a(eagle_lib.o)
                                        0x57a (size before relaxing)
                0x0000000040242460                divide
                0x000000004024249c                skip_atoi
                0x000000004024261c                ets_vsnprintf
                0x000000004024297c                ets_vsprintf
                0x00000000402429a0                ets_sprintf
 *fill*         0x00000000402429c6        0x2 
 .irom0.text    0x00000000402429c8       0x54 /home/cnlohr/esp8266/esp_iot_sdk_v1.1.0/lib/libmain.a(mem_manager.o)
                                         0x58 (size before relaxing)
                0x00000000402429cc                xPortGetFreeHeapSize
 .irom0.text    0x0000000040242a1c      0x225 /home/cnlohr/esp8266/esp_iot_sdk_v1.1.0/lib/libmain.a(spi_overlap.o)
                                        0x23d (size before relaxing)
                0x0000000040242a30                overlap_hspi_init
                0x0000000040242acc                overlap_hspi_deinit
                0x0000000040242b6c                overlap_hspi_read_data
 *fill*         0x0000000040242c41        0x3 
 .irom0.text    0x0000000040242c44     0x25dd /home/cnlohr/esp8266/esp_iot_sdk_v1.1.0/lib/libmain.a(user_interface.o)
                                       0x2c71 (size before relaxing)
                0x0000000040242c48                system_set_os_print
                0x0000000040242c58                system_get_os_print
                0x0000000040242e28                system_pp_recycle_rx_pkt
                0x0000000040242e3c                system_adc_read
                0x0000000040242e54                system_get_vdd33
                0x0000000040242e70                system_restart
                0x0000000040242ed4                system_restore
                0x0000000040242f18                system_get_flash_size_map
                0x0000000040242f3c                system_get_boot_version
                0x0000000040242f74                system_get_test_result
                0x0000000040242f98                system_get_userbin_addr
                0x0000000040243030                system_get_boot_mode
                0x0000000040243060                system_restart_enhance
                0x0000000040243164                system_upgrade_userbin_set
                0x00000000402431ac                system_upgrade_userbin_check
                0x00000000402431ec                system_upgrade_flag_set
                0x0000000040243200                system_upgrade_flag_check
                0x0000000040243224                system_upgrade_reboot
                0x0000000040243328                system_deep_sleep
                0x0000000040243388                system_deep_sleep_set_option
                0x00000000402433a4                system_phy_set_max_tpw
                0x00000000402433b8                system_phy_set_tpw_via_vdd33
                0x00000000402433cc                system_phy_set_rfoption
                0x00000000402433e4                system_update_cpu_freq
                0x0000000040243440                system_get_cpu_freq
                0x0000000040243458                system_overclock
                0x0000000040243484                system_restoreclock
                0x00000000402434b8                system_timer_reinit
                0x00000000402434d4                system_relative_time
                0x00000000402434f8                system_station_got_ip_set
                0x0000000040243604                system_print_meminfo
                0x0000000040243664                system_get_free_heap_size
                0x0000000040243680                system_get_chip_id
                0x00000000402436a4                system_rtc_clock_cali_proc
                0x00000000402436b8                system_get_rtc_time
                0x00000000402436cc                system_mktime
                0x000000004024379c                system_init_done_cb
                0x00000000402437a8                system_get_rst_info
                0x00000000402437b0                wifi_softap_dhcps_start
                0x00000000402437f8                wifi_softap_dhcps_stop
                0x000000004024383c                wifi_softap_dhcps_status
                0x0000000040243844                wifi_station_dhcpc_start
                0x0000000040243898                wifi_station_dhcpc_stop
                0x00000000402438dc                wifi_station_dhcpc_status
                0x000000004024391c                wifi_get_opmode
                0x0000000040243930                wifi_get_opmode_default
                0x00000000402439ac                wifi_get_broadcast_if
                0x00000000402439e8                wifi_set_broadcast_if
                0x0000000040243ad8                wifi_set_opmode
                0x0000000040243aec                wifi_set_opmode_current
                0x0000000040243b00                system_get_checksum
                0x0000000040243bb4                wifi_param_save_protect
                0x0000000040243d50                wifi_station_get_config
                0x0000000040243d64                wifi_station_get_config_default
                0x0000000040243d84                wifi_station_get_ap_info
                0x0000000040243e40                wifi_station_ap_number_set
                0x00000000402440b8                wifi_station_set_config
                0x00000000402440cc                wifi_station_set_config_current
                0x00000000402440e0                wifi_station_get_current_ap_id
                0x00000000402440f4                wifi_station_ap_check
                0x000000004024412c                wifi_station_ap_change
                0x0000000040244220                wifi_station_scan
                0x000000004024426c                wifi_station_get_auto_connect
                0x0000000040244280                wifi_station_set_auto_connect
                0x00000000402442bc                wifi_station_connect
                0x0000000040244350                wifi_station_disconnect
                0x00000000402443f0                wifi_station_get_connect_status
                0x0000000040244420                wifi_station_set_reconnect_policy
                0x0000000040244438                wifi_station_get_reconnect_policy
                0x0000000040244440                wifi_station_get_rssi
                0x0000000040244484                wifi_softap_cacl_mac
                0x00000000402444f4                wifi_softap_set_default_ssid
                0x0000000040244678                wifi_softap_get_config
                0x000000004024468c                wifi_softap_get_config_default
                0x00000000402448e4                wifi_softap_set_config
                0x00000000402448f8                wifi_softap_set_config_current
                0x000000004024490c                wifi_softap_set_station_info
                0x000000004024497c                wifi_softap_get_station_info
                0x0000000040244a18                wifi_softap_free_station_info
                0x0000000040244a4c                wifi_softap_get_station_num
                0x0000000040244aa0                wifi_softap_deauth
                0x0000000040244b5c                wifi_get_phy_mode
                0x0000000040244b68                wifi_set_phy_mode
                0x0000000040244c10                wifi_set_sleep_type
                0x0000000040244c30                wifi_get_sleep_type
                0x0000000040244c48                wifi_get_channel
                0x0000000040244c60                wifi_set_channel
                0x0000000040244c90                wifi_promiscuous_set_mac
                0x0000000040244cf4                wifi_promiscuous_enable
                0x0000000040244dd8                wifi_set_promiscuous_rx_cb
                0x0000000040244dfc                wifi_get_ip_info
                0x0000000040244ed4                wifi_set_ip_info
                0x0000000040244f88                wifi_get_macaddr
                0x0000000040244fe8                wifi_set_macaddr
                0x00000000402450a4                wifi_status_led_install
                0x00000000402450e4                wifi_status_led_uninstall
                0x0000000040245108                wifi_set_status_led_output_level
                0x000000004024511c                wifi_set_event_handler_cb
                0x0000000040245130                system_os_task
                0x0000000040245174                system_uart_swap
                0x00000000402451ec                system_uart_de_swap
                0x000000004024521c                system_get_sdk_version
 *fill*         0x0000000040245221        0x3 
 .irom0.text    0x0000000040245224      0x601 /home/cnlohr/esp8266/esp_iot_sdk_v1.1.0/lib/libmain.a(app_main.o)
                                        0x79d (size before relaxing)
                0x00000000402453e0                wdt_init
                0x000000004024546c                user_uart_wait_tx_fifo_empty
 *fill*         0x0000000040245825        0x3 
 .irom0.text    0x0000000040245828      0x2d2 /home/cnlohr/esp8266/esp_iot_sdk_v1.1.0/lib/libmain.a(eagle_lwip_if.o)
                                        0x36e (size before relaxing)
                0x00000000402458e4                eagle_lwip_if_alloc
                0x0000000040245a7c                eagle_lwip_if_free
                0x0000000040245ad8                eagle_lwip_getif
 *fill*         0x0000000040245afa        0x2 
 .irom0.text    0x0000000040245afc      0x34b /home/cnlohr/esp8266/esp_iot_sdk_v1.1.0/lib/libnet80211.a(ieee80211.o)
                                        0x3e7 (size before relaxing)
                0x0000000040245b94                ieee80211_ifattach
                0x0000000040245be4                ieee80211_mhz2ieee
                0x0000000040245c3c                ieee80211_chan2ieee
                0x0000000040245c60                ieee80211_ieee2mhz
                0x0000000040245c98                ieee80211_find_channel
                0x0000000040245cc0                ieee80211_find_channel_byieee
                0x0000000040245d0c                wifi_mode_set
 *fill*         0x0000000040245e47        0x1 
 .irom0.text    0x0000000040245e48       0xc7 /home/cnlohr/esp8266/esp_iot_sdk_v1.1.0/lib/libnet80211.a(ieee80211_crypto.o)
                                         0xcf (size before relaxing)
                0x0000000040245e48                ieee80211_crypto_attach
                0x0000000040245e4c                ieee80211_crypto_available
                0x0000000040245e50                ieee80211_crypto_setkey
                0x0000000040245e54                ieee80211_crypto_encap
                0x0000000040245ea4                ieee80211_crypto_decap
 *fill*         0x0000000040245f0f        0x1 
 .irom0.text    0x0000000040245f10      0xf92 /home/cnlohr/esp8266/esp_iot_sdk_v1.1.0/lib/libnet80211.a(ieee80211_hostap.o)
                                       0x1256 (size before relaxing)
                0x0000000040246264                ieee80211_hostap_attach
                0x000000004024632c                hostap_handle_timer
                0x00000000402463c4                hostap_input
                0x0000000040246ca8                wifi_softap_start
                0x0000000040246d9c                wifi_softap_stop
 *fill*         0x0000000040246ea2        0x2 
 .irom0.text    0x0000000040246ea4      0xa94 /home/cnlohr/esp8266/esp_iot_sdk_v1.1.0/lib/libnet80211.a(ieee80211_ht.o)
                                        0xb44 (size before relaxing)
                0x0000000040246eb4                ieee80211_ht_attach
                0x0000000040246f04                ieee80211_ht_node_init
                0x0000000040246f44                ieee80211_ht_node_cleanup
                0x0000000040246f7c                ieee80211_parse_htcap
                0x0000000040247060                ieee80211_ht_updateparams
                0x0000000040247178                ieee80211_setup_htrates
                0x000000004024724c                ieee80211_setup_basic_htrates
                0x00000000402475b0                ieee80211_add_htcap
                0x00000000402475cc                ieee80211_add_htcap_vendor
                0x00000000402476f0                ieee80211_add_htinfo
                0x000000004024770c                ieee80211_add_htinfo_vendor
 .irom0.text    0x0000000040247938      0x8e0 /home/cnlohr/esp8266/esp_iot_sdk_v1.1.0/lib/libnet80211.a(ieee80211_input.o)
                                        0x950 (size before relaxing)
                0x0000000040247938                ieee80211_deliver_data
                0x0000000040247990                ieee80211_decap
                0x0000000040247a98                ieee80211_setup_rates
                0x0000000040247b04                ieee80211_alloc_challenge
                0x0000000040247b38                ieee80211_parse_beacon
                0x0000000040247fa8                ieee80211_parse_wpa
                0x00000000402480c0                ieee80211_parse_rsn
                0x00000000402481bc                ieee80211_parse_action
                0x0000000040248214                ieee80211_setup_rateset
 .irom0.text    0x0000000040248218     0x1743 /home/cnlohr/esp8266/esp_iot_sdk_v1.1.0/lib/libnet80211.a(ieee80211_output.o)
                                       0x1983 (size before relaxing)
                0x0000000040248224                ieee80211_output_pbuf
                0x00000000402484a0                ieee80211_send_setup
                0x00000000402485d4                ieee80211_mgmt_output
                0x00000000402486c8                ieee80211_tx_mgt_cb
                0x00000000402486cc                ieee80211_send_nulldata
                0x0000000040248b24                ieee80211_add_rates
                0x0000000040248b5c                ieee80211_add_xrates
                0x0000000040248bf8                ieee80211_send_probereq
                0x0000000040248da4                ieee80211_getcapinfo
                0x0000000040248e00                ieee80211_send_mgmt
                0x0000000040249368                ieee80211_alloc_proberesp
                0x0000000040249508                ieee80211_send_proberesp
                0x0000000040249810                ieee80211_beacon_alloc
 *fill*         0x000000004024995b        0x1 
 .irom0.text    0x000000004024995c      0x147 /home/cnlohr/esp8266/esp_iot_sdk_v1.1.0/lib/libnet80211.a(ieee80211_phy.o)
                                        0x16f (size before relaxing)
                0x0000000040249960                ieee80211_get_11g_ratetable
                0x000000004024996c                ieee80211_get_ratetable
                0x0000000040249984                ieee80211_phy_init
                0x00000000402499b8                ieee80211_phy_type_get
                0x00000000402499c8                ieee80211_setup_ratetable
                0x00000000402499fc                ieee80211_compute_duration
                0x0000000040249a7c                ieee80211_dot11Rate_rix
 *fill*         0x0000000040249aa3        0x1 
 .irom0.text    0x0000000040249aa4      0x1c2 /home/cnlohr/esp8266/esp_iot_sdk_v1.1.0/lib/libnet80211.a(ieee80211_power.o)
                                        0x1f2 (size before relaxing)
                0x0000000040249aa4                ieee80211_psq_init
                0x0000000040249ac4                ieee80211_psq_cleanup
                0x0000000040249acc                ieee80211_set_tim
                0x0000000040249b0c                ieee80211_pwrsave
                0x0000000040249b78                pwrsave_flushq
                0x0000000040249c30                ieee80211_node_pwrsave
 *fill*         0x0000000040249c66        0x2 
 .irom0.text    0x0000000040249c68      0x15b /home/cnlohr/esp8266/esp_iot_sdk_v1.1.0/lib/libnet80211.a(ieee80211_proto.o)
                                        0x177 (size before relaxing)
                0x0000000040249c6c                ieee80211_proto_attach
                0x0000000040249c94                ieee80211_set_shortslottime
                0x0000000040249cb0                ieee80211_iserp_rateset
                0x0000000040249d44                ieee80211_setbasicrates
                0x0000000040249d58                ieee80211_addbasicrates
                0x0000000040249d6c                ieee80211_wme_initparams
                0x0000000040249d70                ieee80211_wme_updateparams
                0x0000000040249d74                ieee80211_mlme_connect_bss
 *fill*         0x0000000040249dc3        0x1 
 .irom0.text    0x0000000040249dc4      0xd22 /home/cnlohr/esp8266/esp_iot_sdk_v1.1.0/lib/libnet80211.a(ieee80211_scan.o)
                                        0xfe6 (size before relaxing)
                0x0000000040249dd4                ieee80211_scan_attach
                0x0000000040249e58                scan_start
                0x000000004024a0d4                scan_cancel
                0x000000004024a220                scan_add_bssid
                0x000000004024a244                scan_remove_bssid
                0x000000004024a250                scan_hidden_ssid
                0x000000004024a258                scan_add_probe_ssid
                0x000000004024a298                scan_remove_probe_ssid
                0x000000004024a3d0                scan_clear_channles
                0x000000004024a444                scan_set_desChan
                0x000000004024a450                scan_get_type
                0x000000004024a458                cannel_scan_connect_state
                0x000000004024a478                scan_connect_state
                0x000000004024a4c0                scan_check_hidden
                0x000000004024a4ec                scan_profile_check
                0x000000004024a810                scan_parse_beacon
 *fill*         0x000000004024aae6        0x2 
 .irom0.text    0x000000004024aae8      0xc47 /home/cnlohr/esp8266/esp_iot_sdk_v1.1.0/lib/libnet80211.a(ieee80211_sta.o)
                                        0xe1e (size before relaxing)
                0x000000004024ab14                sta_status_set
                0x000000004024ab5c                ieee80211_sta_new_state
                0x000000004024ae24                sta_input
                0x000000004024b198                ieee80211_parse_wmeparams
                0x000000004024b684                wifi_station_start
                0x000000004024b6f8                wifi_station_stop
 *fill*         0x000000004024b72f        0x1 
 .irom0.text    0x000000004024b730      0x1ee /home/cnlohr/esp8266/esp_iot_sdk_v1.1.0/lib/libnet80211.a(wl_chm.o)
                                        0x256 (size before relaxing)
                0x000000004024b73c                chm_init
                0x000000004024b7a4                chm_start_op
                0x000000004024b84c                chm_end_op
                0x000000004024b898                chm_set_current_channel
                0x000000004024b8c8                chm_freq2index
                0x000000004024b8f0                chm_check_same_channel
 *fill*         0x000000004024b91e        0x2 
 .irom0.text    0x000000004024b920     0x14d3 /home/cnlohr/esp8266/esp_iot_sdk_v1.1.0/lib/libnet80211.a(wl_cnx.o)
                                       0x1917 (size before relaxing)
                0x000000004024b92c                cnx_attach
                0x000000004024b96c                cnx_sta_connect_led_timer_cb
                0x000000004024b9c0                cnx_sta_connect_cmd
                0x000000004024ba7c                cnx_sta_scan_cmd
                0x000000004024bcd8                cnx_connect_timeout
                0x000000004024bd40                cnx_start_handoff_cb
                0x000000004024c194                cnx_bss_alloc
                0x000000004024c244                cnx_rc_search
                0x000000004024c30c                cnx_add_rc
                0x000000004024c408                cnx_remove_rc
                0x000000004024c56c                cnx_rc_update_rssi
                0x000000004024c5f4                cnx_rc_update_state_metric
                0x000000004024c660                cnx_rc_update_age
                0x000000004024c684                cnx_update_bss
                0x000000004024c6bc                cnx_update_bss_more
                0x000000004024c86c                cnx_sta_leave
                0x000000004024c9b0                cnx_sta_associated
                0x000000004024ca18                cnx_node_alloc
                0x000000004024ca78                cnx_node_remove
                0x000000004024caf0                cnx_node_search
                0x000000004024cb58                cnx_node_leave
                0x000000004024cc40                cnx_node_join
 *fill*         0x000000004024cdf3        0x1 
 .irom0.text    0x000000004024cdf4      0x161 /home/cnlohr/esp8266/esp_iot_sdk_v1.1.0/lib/libnet80211.a(ieee80211_action.o)
                                        0x181 (size before relaxing)
                0x000000004024ce04                ieee80211_send_action_register
                0x000000004024ce38                ieee80211_send_action_unregister
                0x000000004024ce4c                ieee80211_send_action
                0x000000004024ceb0                ieee80211_recv_action_register
                0x000000004024cee4                ieee80211_recv_action_unregister
                0x000000004024cef8                ieee80211_recv_action
 *fill*         0x000000004024cf55        0x3 
 .irom0.text    0x000000004024cf58       0x4c /home/cnlohr/esp8266/esp_iot_sdk_v1.1.0/lib/libnet80211.a(ieee80211_ets.o)
                                         0x50 (size before relaxing)
                0x000000004024cf5c                ieee80211_getmgtframe
 .irom0.text    0x000000004024cfa4     0x121a /home/cnlohr/esp8266/esp_iot_sdk_v1.1.0/lib/liblwip.a(dhcp.o)
                                       0x14a6 (size before relaxing)
                0x000000004024d1b4                dhcp_coarse_tmr
                0x000000004024d1fc                dhcp_fine_tmr
                0x000000004024d424                dhcp_set_struct
                0x000000004024d448                dhcp_cleanup
                0x000000004024d46c                dhcp_start
                0x000000004024d51c                dhcp_inform
                0x000000004024d5c4                dhcp_network_changed
                0x000000004024d60c                dhcp_arp_reply
                0x000000004024d8a0                dhcp_renew
                0x000000004024daa0                dhcp_release
                0x000000004024db60                dhcp_stop
 *fill*         0x000000004024e1be        0x2 
 .irom0.text    0x000000004024e1c0      0xa17 /home/cnlohr/esp8266/esp_iot_sdk_v1.1.0/lib/liblwip.a(dhcpserver.o)
                                        0xb8f (size before relaxing)
                0x000000004024e1c0                node_insert_to_list
                0x000000004024e1dc                node_remove_from_list
                0x000000004024e924                dhcps_start
                0x000000004024e9a4                dhcps_stop
                0x000000004024ea0c                wifi_softap_set_dhcps_lease
                0x000000004024eb28                dhcps_coarse_tmr
                0x000000004024eb94                wifi_softap_set_dhcps_offer_option
 *fill*         0x000000004024ebd7        0x1 
 .irom0.text    0x000000004024ebd8      0x59f /home/cnlohr/esp8266/esp_iot_sdk_v1.1.0/lib/liblwip.a(dns.o)
                                        0x64f (size before relaxing)
                0x000000004024ebe4                dns_init
                0x000000004024ec38                dns_setserver
                0x000000004024ec64                dns_getserver
                0x000000004024f120                dns_gethostbyname
 *fill*         0x000000004024f177        0x1 
 .irom0.text    0x000000004024f178      0x8d2 /home/cnlohr/esp8266/esp_iot_sdk_v1.1.0/lib/liblwip.a(espconn.o)
                                        0x9ae (size before relaxing)
                0x000000004024f178                espconn_copy_partial
                0x000000004024f208                espconn_list_creat
                0x000000004024f228                espconn_list_delete
                0x000000004024f250                espconn_pbuf_create
                0x000000004024f26c                espconn_pbuf_delete
                0x000000004024f294                espconn_find_connection
                0x000000004024f334                espconn_connect
                0x000000004024f418                espconn_create
                0x000000004024f460                espconn_sent
                0x000000004024f500                espconn_tcp_get_wnd
                0x000000004024f524                espconn_tcp_set_wnd
                0x000000004024f540                espconn_tcp_get_max_con
                0x000000004024f550                espconn_tcp_set_max_con
                0x000000004024f568                espconn_tcp_get_max_con_allow
                0x000000004024f590                espconn_tcp_set_max_con_allow
                0x000000004024f5c4                espconn_regist_sentcb
                0x000000004024f5d0                espconn_regist_write_finish
                0x000000004024f5e8                espconn_regist_connectcb
                0x000000004024f5f8                espconn_regist_recvcb
                0x000000004024f604                espconn_regist_reconcb
                0x000000004024f614                espconn_regist_disconcb
                0x000000004024f628                espconn_get_connection_info
                0x000000004024f6f4                espconn_accept
                0x000000004024f73c                espconn_regist_time
                0x000000004024f780                espconn_disconnect
                0x000000004024f7b8                espconn_get_packet_info
                0x000000004024f848                espconn_set_opt
                0x000000004024f8a0                espconn_clear_opt
                0x000000004024f900                espconn_set_keepalive
                0x000000004024f96c                espconn_get_keepalive
                0x000000004024f9dc                espconn_delete
                0x000000004024fa1c                espconn_gethostbyname
                0x000000004024fa38                espconn_dns_setserver
 *fill*         0x000000004024fa4a        0x2 
 .irom0.text    0x000000004024fa4c      0xe64 /home/cnlohr/esp8266/esp_iot_sdk_v1.1.0/lib/liblwip.a(espconn_tcp.o)
                                       0x1104 (size before relaxing)
                0x000000004024fadc                espconn_kill_oldest_pcb
                0x000000004024fb48                espconn_kill_pcb
                0x000000004024fbc0                espconn_find_current_pcb
                0x000000004024fe88                espconn_tcp_sent
                0x000000004024ff40                espconn_tcp_disconnect
                0x000000004024ffc0                espconn_recv_hold
                0x0000000040250004                espconn_recv_unhold
                0x0000000040250100                espconn_tcp_write
                0x0000000040250324                espconn_tcp_client
                0x0000000040250764                espconn_tcp_server
                0x000000004025080c                espconn_tcp_delete
                0x0000000040250894                espconn_init
 .irom0.text    0x00000000402508b0      0x46e /home/cnlohr/esp8266/esp_iot_sdk_v1.1.0/lib/liblwip.a(espconn_udp.o)
                                        0x56e (size before relaxing)
                0x0000000040250900                espconn_udp_sent
                0x0000000040250b68                espconn_udp_disconnect
                0x0000000040250ba0                espconn_udp_server
                0x0000000040250c04                espconn_igmp_leave
                0x0000000040250c24                espconn_igmp_join
                0x0000000040250c48                espconn_mdns_enable
                0x0000000040250c60                espconn_mdns_disable
                0x0000000040250c78                espconn_mdns_set_hostname
                0x0000000040250c90                espconn_mdns_get_hostname
                0x0000000040250ca4                espconn_mdns_set_servername
                0x0000000040250cb8                espconn_mdns_get_servername
                0x0000000040250ccc                espconn_mdns_server_register
                0x0000000040250ce0                espconn_mdns_server_unregister
                0x0000000040250cf8                espconn_mdns_close
                0x0000000040250d0c                espconn_mdns_init
 *fill*         0x0000000040250d1e        0x2 
 .irom0.text    0x0000000040250d20      0x8bf /home/cnlohr/esp8266/esp_iot_sdk_v1.1.0/lib/liblwip.a(etharp.o)
                                        0x9a7 (size before relaxing)
                0x0000000040250d54                etharp_tmr
                0x0000000040250f74                etharp_cleanup_netif
                0x0000000040250fb0                etharp_find_addr
                0x0000000040251208                etharp_output
                0x0000000040251320                etharp_query
                0x0000000040251544                etharp_request
                0x0000000040251568                ethernet_input
 *fill*         0x00000000402515df        0x1 
 .irom0.text    0x00000000402515e0      0x5e9 /home/cnlohr/esp8266/esp_iot_sdk_v1.1.0/lib/liblwip.a(igmp.o)
                                        0x690 (size before relaxing)
                0x00000000402515ec                igmp_init
                0x00000000402515fc                igmp_start
                0x0000000040251638                igmp_stop
                0x0000000040251698                igmp_report_groups
                0x00000000402516c8                igmp_lookfor_group
                0x0000000040251780                igmp_input
                0x00000000402518d8                igmp_joingroup
                0x0000000040251984                igmp_leavegroup
                0x0000000040251a2c                igmp_tmr
 *fill*         0x0000000040251bc9        0x3 
 .irom0.text    0x0000000040251bcc       0x30 /home/cnlohr/esp8266/esp_iot_sdk_v1.1.0/lib/liblwip.a(init.o)
                                         0x50 (size before relaxing)
                0x0000000040251bd0                lwip_init
 .irom0.text    0x0000000040251bfc      0x390 /home/cnlohr/esp8266/esp_iot_sdk_v1.1.0/lib/liblwip.a(ip_addr.o)
                                        0x3b8 (size before relaxing)
                0x0000000040251bfc                ip4_addr_isbroadcast
                0x0000000040251c28                ip4_addr_netmask_valid
                0x0000000040251c6c                ipaddr_addr
                0x0000000040251c88                ipaddr_aton
                0x0000000040251eb4                ipaddr_ntoa
                0x0000000040251ec8                ipaddr_ntoa_r
 .irom0.text    0x0000000040251f8c      0x595 /home/cnlohr/esp8266/esp_iot_sdk_v1.1.0/lib/liblwip.a(ip.o)
                                        0x641 (size before relaxing)
                0x0000000040251f8c                ip_route
                0x0000000040252008                ip_router
                0x0000000040252084                ip_input
                0x00000000402522e8                ip_output_if
                0x0000000040252304                ip_output_if_opt
                0x00000000402524e8                ip_output
 *fill*         0x0000000040252521        0x3 
 .irom0.text    0x0000000040252524      0xb71 /home/cnlohr/esp8266/esp_iot_sdk_v1.1.0/lib/liblwip.a(mdns.o)
                                        0xd79 (size before relaxing)
                0x0000000040252e8c                mdns_set_servername
                0x0000000040252ebc                mdns_get_servername
                0x0000000040252ed4                mdns_server_unregister
                0x0000000040252f0c                mdns_server_register
                0x0000000040252f5c                mdns_reg
                0x0000000040252fb4                mdns_init
 *fill*         0x0000000040253095        0x3 
 .irom0.text    0x0000000040253098      0x27d /home/cnlohr/esp8266/esp_iot_sdk_v1.1.0/lib/liblwip.a(netif.o)
                                        0x2c9 (size before relaxing)
                0x0000000040253098                netif_init
                0x00000000402530a0                netif_add
                0x0000000040253108                netif_set_addr
                0x0000000040253130                netif_remove
                0x000000004025318c                netif_find
                0x00000000402531c8                netif_set_ipaddr
                0x0000000040253230                netif_set_gw
                0x0000000040253240                netif_set_netmask
                0x0000000040253250                netif_set_default
                0x0000000040253258                netif_set_up
                0x0000000040253294                netif_set_down
                0x00000000402532b8                netif_set_link_up
                0x0000000040253304                netif_set_link_down
 *fill*         0x0000000040253315        0x3 
 .irom0.text    0x0000000040253318      0x622 /home/cnlohr/esp8266/esp_iot_sdk_v1.1.0/lib/liblwip.a(pbuf.o)
                                        0x66a (size before relaxing)
                0x0000000040253318                pbuf_alloc
                0x0000000040253468                pbuf_realloc
                0x00000000402534b0                pbuf_header
                0x000000004025351c                pbuf_free
                0x0000000040253594                pbuf_clen
                0x00000000402535ac                pbuf_ref
                0x00000000402535b8                pbuf_cat
                0x00000000402535e4                pbuf_chain
                0x0000000040253600                pbuf_dechain
                0x000000004025363c                pbuf_copy
                0x00000000402536e0                pbuf_copy_partial
                0x0000000040253768                pbuf_take
                0x00000000402537cc                pbuf_coalesce
                0x0000000040253800                pbuf_get_at
                0x0000000040253828                pbuf_memcmp
                0x000000004025389c                pbuf_memfind
                0x00000000402538f0                pbuf_strstr
 *fill*         0x000000004025393a        0x2 
 .irom0.text    0x000000004025393c      0x1df /home/cnlohr/esp8266/esp_iot_sdk_v1.1.0/lib/liblwip.a(raw.o)
                                        0x233 (size before relaxing)
                0x0000000040253944                raw_input
                0x00000000402539cc                raw_bind
                0x00000000402539dc                raw_connect
                0x00000000402539ec                raw_recv
                0x00000000402539f4                raw_sendto
                0x0000000040253a90                raw_send
                0x0000000040253aa4                raw_remove
                0x0000000040253ad8                raw_new
 *fill*         0x0000000040253b1b        0x1 
 .irom0.text    0x0000000040253b1c     0x10a9 /home/cnlohr/esp8266/esp_iot_sdk_v1.1.0/lib/liblwip.a(tcp_in.o)
                                       0x12ad (size before relaxing)
                0x0000000040253b20                tcp_input
 *fill*         0x0000000040254bc5        0x3 
 .irom0.text    0x0000000040254bc8      0xa47 /home/cnlohr/esp8266/esp_iot_sdk_v1.1.0/lib/liblwip.a(tcp.o)