Archive member included because of file (symbol)

/home/cnlohr/esp8266/esp_iot_sdk_v1.1.0/lib/libmain.a(eagle_lib.o)
                              /tmp/ccSdqxtR.o (symbol from plugin) (ets_sprintf)
/home/cnlohr/esp8266/esp_iot_sdk_v1.1.0/lib/libmain.a(ets_timer.o)
                              /tmp/ccSdqxtR.o (symbol from plugin) (ets_timer_arm_new)
/home/cnlohr/esp8266/esp_iot_sdk_v1.1.0/lib/libmain.a(mem_manager.o)
                              /tmp/ccSdqxtR.o (symbol from plugin) (pvPortZalloc)
/home/cnlohr/esp8266/esp_iot_sdk_v1.1.0/lib/libmain.a(spi_flash.o)
                              /tmp/ccizp9A9.o (symbol from plugin) (spi_flash_erase_sector)
/home/cnlohr/esp8266/esp_iot_sdk_v1.1.0/lib/libmain.a(spi_overlap.o)
                              /home/cnlohr/esp8266/esp_iot_sdk_v1.1.0/lib/libmain.a(spi_flash.o) (overlap_hspi_read_data)
/home/cnlohr/esp8266/esp_iot_sdk_v1.1.0/lib/libmain.a(user_interface.o)
                              /home/cnlohr/esp8266/esp_iot_sdk_v1.1.0/lib/libmain.a(ets_timer.o) (timer2_ms_flag)
/home/cnlohr/esp8266/esp_iot_sdk_v1.1.0/lib/libmain.a(debug-vector.o)
                              (_DebugExceptionVector)
/home/cnlohr/esp8266/esp_iot_sdk_v1.1.0/lib/libmain.a(double-vector.o)
                              (_DoubleExceptionVector)
/home/cnlohr/esp8266/esp_iot_sdk_v1.1.0/lib/libmain.a(kernel-vector.o)
                              (_KernelExceptionVector)
/home/cnlohr/esp8266/esp_iot_sdk_v1.1.0/lib/libmain.a(nmi-vector.o)
                              (_NMIExceptionVector)
/home/cnlohr/esp8266/esp_iot_sdk_v1.1.0/lib/libmain.a(user-vector.o)
                              (_UserExceptionVector)
/home/cnlohr/esp8266/esp_iot_sdk_v1.1.0/lib/libmain.a(vector.o)
                              (call_user_start)
/home/cnlohr/esp8266/esp_iot_sdk_v1.1.0/lib/libmain.a(app_main.o)
                              /home/cnlohr/esp8266/esp_iot_sdk_v1.1.0/lib/libmain.a(user_interface.o) (info)
/home/cnlohr/esp8266/esp_iot_sdk_v1.1.0/lib/libmain.a(eagle_lwip_if.o)
                              /home/cnlohr/esp8266/esp_iot_sdk_v1.1.0/lib/libmain.a(user_interface.o) (eagle_lwip_getif)
/home/cnlohr/esp8266/esp_iot_sdk_v1.1.0/lib/libnet80211.a(ieee80211.o)
                              /home/cnlohr/esp8266/esp_iot_sdk_v1.1.0/lib/libmain.a(user_interface.o) (g_ic)
/home/cnlohr/esp8266/esp_iot_sdk_v1.1.0/lib/libnet80211.a(ieee80211_crypto.o)
                              /home/cnlohr/esp8266/esp_iot_sdk_v1.1.0/lib/libnet80211.a(ieee80211.o) (ieee80211_crypto_attach)
/home/cnlohr/esp8266/esp_iot_sdk_v1.1.0/lib/libnet80211.a(ieee80211_hostap.o)
                              /home/cnlohr/esp8266/esp_iot_sdk_v1.1.0/lib/libmain.a(user_interface.o) (wifi_softap_start)
/home/cnlohr/esp8266/esp_iot_sdk_v1.1.0/lib/libnet80211.a(ieee80211_ht.o)
                              /home/cnlohr/esp8266/esp_iot_sdk_v1.1.0/lib/libmain.a(user_interface.o) (ieee80211_ht_attach)
/home/cnlohr/esp8266/esp_iot_sdk_v1.1.0/lib/libnet80211.a(ieee80211_input.o)
                              /home/cnlohr/esp8266/esp_iot_sdk_v1.1.0/lib/libnet80211.a(ieee80211_hostap.o) (ieee80211_decap)
/home/cnlohr/esp8266/esp_iot_sdk_v1.1.0/lib/libnet80211.a(ieee80211_output.o)
                              /home/cnlohr/esp8266/esp_iot_sdk_v1.1.0/lib/libmain.a(eagle_lwip_if.o) (ieee80211_output_pbuf)
/home/cnlohr/esp8266/esp_iot_sdk_v1.1.0/lib/libnet80211.a(ieee80211_phy.o)
                              /home/cnlohr/esp8266/esp_iot_sdk_v1.1.0/lib/libnet80211.a(ieee80211.o) (ieee80211_get_ratetable)
/home/cnlohr/esp8266/esp_iot_sdk_v1.1.0/lib/libnet80211.a(ieee80211_power.o)
                              /home/cnlohr/esp8266/esp_iot_sdk_v1.1.0/lib/libnet80211.a(ieee80211_hostap.o) (ieee80211_psq_init)
/home/cnlohr/esp8266/esp_iot_sdk_v1.1.0/lib/libnet80211.a(ieee80211_proto.o)
                              /home/cnlohr/esp8266/esp_iot_sdk_v1.1.0/lib/libnet80211.a(ieee80211_hostap.o) (ieee80211_addr_bcast)
/home/cnlohr/esp8266/esp_iot_sdk_v1.1.0/lib/libnet80211.a(ieee80211_scan.o)
                              /home/cnlohr/esp8266/esp_iot_sdk_v1.1.0/lib/libmain.a(user_interface.o) (scannum)
/home/cnlohr/esp8266/esp_iot_sdk_v1.1.0/lib/libnet80211.a(ieee80211_sta.o)
                              /home/cnlohr/esp8266/esp_iot_sdk_v1.1.0/lib/libmain.a(user_interface.o) (ieee80211_sta_new_state)
/home/cnlohr/esp8266/esp_iot_sdk_v1.1.0/lib/libnet80211.a(wl_chm.o)
                              /home/cnlohr/esp8266/esp_iot_sdk_v1.1.0/lib/libnet80211.a(ieee80211.o) (chm_init)
/home/cnlohr/esp8266/esp_iot_sdk_v1.1.0/lib/libnet80211.a(wl_cnx.o)
                              /home/cnlohr/esp8266/esp_iot_sdk_v1.1.0/lib/libmain.a(user_interface.o) (sta_con_timer)
/home/cnlohr/esp8266/esp_iot_sdk_v1.1.0/lib/libnet80211.a(ieee80211_action.o)
                              /home/cnlohr/esp8266/esp_iot_sdk_v1.1.0/lib/libnet80211.a(ieee80211_ht.o) (ieee80211_send_action_register)
/home/cnlohr/esp8266/esp_iot_sdk_v1.1.0/lib/libnet80211.a(ieee80211_ets.o)
[...]
Memory Configuration

Name             Origin             Length             Attributes
dport0_0_seg     0x000000003ff00000 0x0000000000000010
dram0_0_seg      0x000000003ffe8000 0x0000000000014000
iram1_0_seg      0x0000000040100000 0x0000000000008000
irom0_0_seg      0x0000000040240000 0x000000000003c000
*default*        0x0000000000000000 0xffffffffffffffff

Linker script and memory map

LOAD /tmp/ccOY15rr.o
LOAD /tmp/ccREUuP0.ltrans0.ltrans.o
LOAD /tmp/ccREUuP0.ltrans1.ltrans.o
LOAD /tmp/ccREUuP0.ltrans2.ltrans.o
LOAD /tmp/ccAw4l2z.o
LOAD /tmp/ccYrjlHI.o
LOAD /tmp/ccSdqxtR.o
LOAD /tmp/cc2Niml0.o
LOAD /tmp/ccizp9A9.o
LOAD /tmp/ccS4dp4i.o
LOAD /tmp/ccwVnLBs.o
LOAD /tmp/ccepi7dC.o
LOAD /tmp/ccELyRYL.o
LOAD /tmp/ccGpF6OV.o
LOAD /tmp/ccA3a4I5.o
LOAD /home/cnlohr/esp8266/esp-open-sdk/xtensa-lx106-elf/lib/gcc/xtensa-lx106-elf/4.8.2/libgcc.a
LOAD /home/cnlohr/esp8266/esp_iot_sdk_v1.1.0/lib/libmain.a
LOAD /home/cnlohr/esp8266/esp_iot_sdk_v1.1.0/lib/libnet80211.a
LOAD /home/cnlohr/esp8266/esp_iot_sdk_v1.1.0/lib/liblwip.a
LOAD /home/cnlohr/esp8266/esp_iot_sdk_v1.1.0/lib/libwpa.a
LOAD /home/cnlohr/esp8266/esp_iot_sdk_v1.1.0/lib/libnet80211.a
LOAD /home/cnlohr/esp8266/esp_iot_sdk_v1.1.0/lib/libphy.a
LOAD /home/cnlohr/esp8266/esp_iot_sdk_v1.1.0/lib/libpp.a
LOAD /home/cnlohr/esp8266/esp-open-sdk/xtensa-lx106-elf/lib/gcc/xtensa-lx106-elf/4.8.2/libgcc.a
                0x0000000040000000                PROVIDE (_memmap_vecbase_reset, 0x40000000)
                0x0000000000000110                _memmap_cacheattr_wb_base = 0x110
                0x0000000000000110                _memmap_cacheattr_wt_base = 0x110
                0x0000000000000220                _memmap_cacheattr_bp_base = 0x220
                0x00000000fffff00f                _memmap_cacheattr_unused_mask = 0xfffff00f
                0x000000002222211f                _memmap_cacheattr_wb_trapnull = 0x2222211f
                0x000000002222211f                _memmap_cacheattr_wba_trapnull = 0x2222211f
                0x000000002222211f                _memmap_cacheattr_wbna_trapnull = 0x2222211f
                0x000000002222211f                _memmap_cacheattr_wt_trapnull = 0x2222211f
                0x000000002222222f                _memmap_cacheattr_bp_trapnull = 0x2222222f
                0x00000000fffff11f                _memmap_cacheattr_wb_strict = 0xfffff11f
                0x00000000fffff11f                _memmap_cacheattr_wt_strict = 0xfffff11f
                0x00000000fffff22f                _memmap_cacheattr_bp_strict = 0xfffff22f
                0x0000000022222112                _memmap_cacheattr_wb_allvalid = 0x22222112
                0x0000000022222112                _memmap_cacheattr_wt_allvalid = 0x22222112
                0x0000000022222222                _memmap_cacheattr_bp_allvalid = 0x22222222
                0x000000002222211f                PROVIDE (_memmap_cacheattr_reset, _memmap_cacheattr_wb_trapnull)

.dport0.rodata  0x000000003ff00000        0x0
                0x000000003ff00000                _dport0_rodata_start = ABSOLUTE (.)
 *(.dport0.rodata)
 *(.dport.rodata)
                0x000000003ff00000                _dport0_rodata_end = ABSOLUTE (.)

.dport0.literal
                0x000000003ff00000        0x0
                0x000000003ff00000                _dport0_literal_start = ABSOLUTE (.)
 *(.dport0.literal)
 *(.dport.literal)
                0x000000003ff00000                _dport0_literal_end = ABSOLUTE (.)

.dport0.data    0x000000003ff00000        0x0
                0x000000003ff00000                _dport0_data_start = ABSOLUTE (.)
 *(.dport0.data)
 *(.dport.data)
                0x000000003ff00000                _dport0_data_end = ABSOLUTE (.)

.data           0x000000003ffe8000      0x534
                0x000000003ffe8000                _data_start = ABSOLUTE (.)
 *(.data)
 .data          0x000000003ffe8000        0x4 /tmp/ccREUuP0.ltrans1.ltrans.o
                0x000000003ffe8000                bus_online
 .data          0x000000003ffe8004        0x5 /home/cnlohr/esp8266/esp_iot_sdk_v1.1.0/lib/libmain.a(user_interface.o)
                0x000000003ffe8005                timer2_ms_flag
                0x000000003ffe8006                dhcps_flag
                0x000000003ffe8007                dhcpc_flag
                0x000000003ffe8008                reconnect_internal
 .data          0x000000003ffe8009        0x4 /home/cnlohr/esp8266/esp_iot_sdk_v1.1.0/lib/libmain.a(nmi-vector.o)
                0x000000003ffe8009                _Pri_3_HandlerAddress
 *fill*         0x000000003ffe800d        0x3 
 .data          0x000000003ffe8010        0x1 /home/cnlohr/esp8266/esp_iot_sdk_v1.1.0/lib/libmain.a(app_main.o)
 *fill*         0x000000003ffe8011        0x3 
 .data          0x000000003ffe8014      0x1a8 /home/cnlohr/esp8266/esp_iot_sdk_v1.1.0/lib/libnet80211.a(ieee80211_phy.o)
 *fill*         0x000000003ffe81bc        0x4 
 .data          0x000000003ffe81c0        0x6 /home/cnlohr/esp8266/esp_iot_sdk_v1.1.0/lib/libnet80211.a(ieee80211_proto.o)
                0x000000003ffe81c0                ieee80211_addr_bcast
 *fill*         0x000000003ffe81c6        0x2 
 .data          0x000000003ffe81c8       0x1c /home/cnlohr/esp8266/esp_iot_sdk_v1.1.0/lib/libnet80211.a(ieee80211_action.o)
 .data          0x000000003ffe81e4        0x4 /home/cnlohr/esp8266/esp_iot_sdk_v1.1.0/lib/liblwip.a(dhcp.o)
 .data          0x000000003ffe81e8        0x8 /home/cnlohr/esp8266/esp_iot_sdk_v1.1.0/lib/liblwip.a(dhcpserver.o)
 .data          0x000000003ffe81f0        0x8 /home/cnlohr/esp8266/esp_iot_sdk_v1.1.0/lib/liblwip.a(tcp.o)
 .data          0x000000003ffe81f8       0x18 /home/cnlohr/esp8266/esp_iot_sdk_v1.1.0/lib/libnet80211.a(ieee80211_crypto_ccmp.o)
                0x000000003ffe81f8                ccmp
 .data          0x000000003ffe8210       0x18 /home/cnlohr/esp8266/esp_iot_sdk_v1.1.0/lib/libnet80211.a(ieee80211_crypto_tkip.o)
                0x000000003ffe8210                tkip
 .data          0x000000003ffe8228       0x18 /home/cnlohr/esp8266/esp_iot_sdk_v1.1.0/lib/libnet80211.a(ieee80211_crypto_wep.o)
                0x000000003ffe8228                wep
 .data          0x000000003ffe8240       0x53 /home/cnlohr/esp8266/esp_iot_sdk_v1.1.0/lib/libphy.a(phy_chip_v6.o)
                0x000000003ffe8242                tx_rf_ana_gain
                0x000000003ffe8264                tx_pwctrl_atten_init_en
                0x000000003ffe8270                rx_gain_swp
                0x000000003ffe8290                test_rffreq_txcap
 *fill*         0x000000003ffe8293        0x1 
 .data          0x000000003ffe8294        0x4 /home/cnlohr/esp8266/esp_iot_sdk_v1.1.0/lib/libphy.a(phy_sleep.o)
                0x000000003ffe8294                chip_version
 .data          0x000000003ffe8298        0x1 /home/cnlohr/esp8266/esp_iot_sdk_v1.1.0/lib/libpp.a(pm.o)
 *fill*         0x000000003ffe8299        0x3 
 .data          0x000000003ffe829c       0x18 /home/cnlohr/esp8266/esp_iot_sdk_v1.1.0/lib/libpp.a(pp.o)
                0x000000003ffe829c                soft_wdt_interval
                0x000000003ffe82a0                NoiseTimerInterval
                0x000000003ffe82a8                sleep_start_wait_time
                0x000000003ffe82b0                tcb
 *fill*         0x000000003ffe82b4        0xc 
 .data          0x000000003ffe82c0       0x40 /home/cnlohr/esp8266/esp_iot_sdk_v1.1.0/lib/libpp.a(rate_control.o)
 .data          0x000000003ffe8300      0x22c /home/cnlohr/esp8266/esp_iot_sdk_v1.1.0/lib/libpp.a(trc.o)
 .data          0x000000003ffe852c        0x8 /home/cnlohr/esp8266/esp_iot_sdk_v1.1.0/lib/libpp.a(wdev.o)
 *(.data.*)
 *(.gnu.linkonce.d.*)
 *(.data1)
 *(.sdata)
 *(.sdata.*)
 *(.gnu.linkonce.s.*)
 *(.sdata2)
 *(.sdata2.*)
 *(.gnu.linkonce.s2.*)
 *(.jcr)
                0x000000003ffe8534                _data_end = ABSOLUTE (.)

.rodata         0x000000003ffe8540      0xa90
                0x000000003ffe8540                _rodata_start = ABSOLUTE (.)
 *(.rodata)
 .rodata        0x000000003ffe8540      0x108 /tmp/ccREUuP0.ltrans0.ltrans.o
 .rodata        0x000000003ffe8648       0x3c /tmp/ccREUuP0.ltrans1.ltrans.o
 .rodata        0x000000003ffe8684        0x8 /home/cnlohr/esp8266/esp_iot_sdk_v1.1.0/lib/libmain.a(eagle_lib.o)
 .rodata        0x000000003ffe868c        0x2 /home/cnlohr/esp8266/esp_iot_sdk_v1.1.0/lib/libmain.a(mem_manager.o)
 *fill*         0x000000003ffe868e        0x2 
 .rodata        0x000000003ffe8690        0x4 /home/cnlohr/esp8266/esp_iot_sdk_v1.1.0/lib/libnet80211.a(ieee80211_hostap.o)
 .rodata        0x000000003ffe8694        0x4 /home/cnlohr/esp8266/esp_iot_sdk_v1.1.0/lib/libnet80211.a(ieee80211_output.o)
 *fill*         0x000000003ffe8698        0x8 
 .rodata        0x000000003ffe86a0       0x70 /home/cnlohr/esp8266/esp_iot_sdk_v1.1.0/lib/libnet80211.a(ieee80211_proto.o)
 .rodata        0x000000003ffe8710        0x8 /home/cnlohr/esp8266/esp_iot_sdk_v1.1.0/lib/libnet80211.a(wl_cnx.o)
 .rodata        0x000000003ffe8718        0x8 /home/cnlohr/esp8266/esp_iot_sdk_v1.1.0/lib/liblwip.a(dhcpserver.o)
 .rodata        0x000000003ffe8720        0xc /home/cnlohr/esp8266/esp_iot_sdk_v1.1.0/lib/liblwip.a(etharp.o)
                0x000000003ffe8720                ethbroadcast
                0x000000003ffe8726                ethzero
 .rodata        0x000000003ffe872c        0x8 /home/cnlohr/esp8266/esp_iot_sdk_v1.1.0/lib/liblwip.a(ip_addr.o)
                0x000000003ffe872c                ip_addr_any
                0x000000003ffe8730                ip_addr_broadcast
 *fill*         0x000000003ffe8734        0xc 
 .rodata        0x000000003ffe8740       0x14 /home/cnlohr/esp8266/esp_iot_sdk_v1.1.0/lib/liblwip.a(memp.o)
                0x000000003ffe8740                memp_sizes
 *fill*         0x000000003ffe8754        0xc 
 .rodata        0x000000003ffe8760       0x2d /home/cnlohr/esp8266/esp_iot_sdk_v1.1.0/lib/liblwip.a(tcp.o)
                0x000000003ffe8760                tcp_pcb_lists
                0x000000003ffe8770                tcp_persist_backoff
                0x000000003ffe8780                tcp_backoff
 *fill*         0x000000003ffe878d        0x3 
 .rodata        0x000000003ffe8790        0x6 /home/cnlohr/esp8266/esp_iot_sdk_v1.1.0/lib/libwpa.a(ap_config.o)
 *fill*         0x000000003ffe8796        0x2 
 .rodata        0x000000003ffe8798        0x8 /home/cnlohr/esp8266/esp_iot_sdk_v1.1.0/lib/libwpa.a(wpa.o)
 .rodata        0x000000003ffe87a0        0xc /home/cnlohr/esp8266/esp_iot_sdk_v1.1.0/lib/libwpa.a(wpa_common.o)
 .rodata        0x000000003ffe87ac        0x8 /home/cnlohr/esp8266/esp_iot_sdk_v1.1.0/lib/libphy.a(phy_chip_v6.o)
 .rodata        0x000000003ffe87b4      0x100 /home/cnlohr/esp8266/esp-open-sdk/xtensa-lx106-elf/lib/gcc/xtensa-lx106-elf/4.8.2/libgcc.a(_popcount_tab.o)
                0x000000003ffe87b4                __popcount_tab
 *(.rodata.*)
 .rodata.str1.4
                0x000000003ffe88b4      0x428 /tmp/ccREUuP0.ltrans0.ltrans.o
                                        0x434 (size before relaxing)
 .rodata.str1.4
                0x000000003ffe8cdc       0x55 /tmp/ccREUuP0.ltrans1.ltrans.o
                                         0x75 (size before relaxing)
 *fill*         0x000000003ffe8d31        0x3 
 .rodata.str1.4
                0x000000003ffe8d34       0xf8 /tmp/ccREUuP0.ltrans2.ltrans.o
 .rodata.str1.4
                0x000000003ffe8e2c       0x22 /home/cnlohr/esp8266/esp_iot_sdk_v1.1.0/lib/libmain.a(user_interface.o)
 *fill*         0x000000003ffe8e4e        0x2 
 .rodata.str1.4
                0x000000003ffe8e50       0x63 /home/cnlohr/esp8266/esp_iot_sdk_v1.1.0/lib/libmain.a(app_main.o)
                                         0x6b (size before relaxing)
 .rodata.str1.4
                0x0000000000000000        0x7 /home/cnlohr/esp8266/esp_iot_sdk_v1.1.0/lib/libnet80211.a(ieee80211.o)
 .rodata.str1.4
                0x0000000000000000        0x7 /home/cnlohr/esp8266/esp_iot_sdk_v1.1.0/lib/libnet80211.a(ieee80211_output.o)
 *fill*         0x000000003ffe8eb3        0x1 
 .rodata.str1.4
                0x000000003ffe8eb4        0x4 /home/cnlohr/esp8266/esp_iot_sdk_v1.1.0/lib/libnet80211.a(ieee80211_scan.o)
 .rodata.str1.4
                0x000000003ffe8eb8        0xf /home/cnlohr/esp8266/esp_iot_sdk_v1.1.0/lib/liblwip.a(dns.o)
 .rodata.str1.4
                0x0000000000000000        0xf /home/cnlohr/esp8266/esp_iot_sdk_v1.1.0/lib/liblwip.a(espconn_tcp.o)
                                          0x1 (size before relaxing)
 *fill*         0x000000003ffe8ec7        0x1 
 .rodata.str1.4
                0x000000003ffe8ec8       0x88 /home/cnlohr/esp8266/esp_iot_sdk_v1.1.0/lib/liblwip.a(mdns.o)
 .rodata.str1.4
                0x000000003ffe8f50       0x3c /home/cnlohr/esp8266/esp_iot_sdk_v1.1.0/lib/libwpa.a(wpa_auth.o)
                                         0x43 (size before relaxing)
 .rodata.str1.4
                0x0000000000000000       0x17 /home/cnlohr/esp8266/esp_iot_sdk_v1.1.0/lib/libwpa.a(wpa.o)
 .rodata.str1.4
                0x000000003ffe8f8c        0x9 /home/cnlohr/esp8266/esp_iot_sdk_v1.1.0/lib/libwpa.a(wpa_common.o)
 *fill*         0x000000003ffe8f95        0x3 
 .rodata.str1.4
                0x000000003ffe8f98        0x7 /home/cnlohr/esp8266/esp_iot_sdk_v1.1.0/lib/libpp.a(lmac.o)
 *fill*         0x000000003ffe8f9f        0x1 
 .rodata.str1.4
                0x000000003ffe8fa0       0x17 /home/cnlohr/esp8266/esp_iot_sdk_v1.1.0/lib/libpp.a(pm.o)
 *fill*         0x000000003ffe8fb7        0x1 
 .rodata.str1.4
                0x000000003ffe8fb8        0x5 /home/cnlohr/esp8266/esp_iot_sdk_v1.1.0/lib/libpp.a(pp.o)
 *fill*         0x000000003ffe8fbd        0x3 
 .rodata.str1.4
                0x000000003ffe8fc0        0x7 /home/cnlohr/esp8266/esp_iot_sdk_v1.1.0/lib/libpp.a(wdev.o)
 *(.gnu.linkonce.r.*)
 *(.rodata1)
                0x000000003ffe8fc7                __XT_EXCEPTION_TABLE__ = ABSOLUTE (.)
 *(.xt_except_table)
 *(.gcc_except_table)
 *(.gnu.linkonce.e.*)
 *(.gnu.version_r)
 *(.eh_frame)
 *crtbegin.o(.ctors)
 *(EXCLUDE_FILE(*crtend.o) .ctors)
 *(SORT(.ctors.*))
 *(.ctors)
 *crtbegin.o(.dtors)
 *(EXCLUDE_FILE(*crtend.o) .dtors)
 *(SORT(.dtors.*))
 *(.dtors)
                0x000000003ffe8fc7                __XT_EXCEPTION_DESCS__ = ABSOLUTE (.)
 *(.xt_except_desc)
 *(.gnu.linkonce.h.*)
                0x000000003ffe8fc7                __XT_EXCEPTION_DESCS_END__ = ABSOLUTE (.)
 *(.xt_except_desc_end)
 *(.dynamic)
 *(.gnu.version_d)
                0x000000003ffe8fc8                . = ALIGN (0x4)
 *fill*         0x000000003ffe8fc7        0x1 
                0x000000003ffe8fc8                _bss_table_start = ABSOLUTE (.)
                0x000000003ffe8fc8        0x4 LONG 0x3ffe8fd0 _bss_start
                0x000000003ffe8fcc        0x4 LONG 0x3fff30a0 _bss_end
                0x000000003ffe8fd0                _bss_table_end = ABSOLUTE (.)
                0x000000003ffe8fd0                _rodata_end = ABSOLUTE (.)

.bss            0x000000003ffe8fd0     0xa0d0
                0x000000003ffe8fd0                . = ALIGN (0x8)
                0x000000003ffe8fd0                _bss_start = ABSOLUTE (.)
 *(.dynsbss)
 *(.sbss)
 *(.sbss.*)
 *(.gnu.linkonce.sb.*)
 *(.scommon)
 *(.sbss2)
 *(.sbss2.*)
 *(.gnu.linkonce.sb2.*)
 *(.dynbss)
 *(.bss)
 .bss           0x000000003ffe8fd0      0x42c /tmp/ccREUuP0.ltrans0.ltrans.o
 .bss           0x000000003ffe93fc      0xa4c /tmp/ccREUuP0.ltrans1.ltrans.o
                0x000000003ffe93fc                generic_buffer
                0x000000003ffe99d8                generic_ptr
                0x000000003ffe99dc                need_to_switch_back_to_soft_ap
                0x000000003ffe99e0                stream_data_raw
                0x000000003ffe99e4                stream_data
                0x000000003ffe99e8                in_range_setting
                0x000000003ffe99ec                voltNow
                0x000000003ffe99f0                gMotors
                0x000000003ffe99f4                pespconn
                0x000000003ffe99f8                targetAxes
                0x000000003ffe9a00                motors_automatic
                0x000000003ffe9a04                magIIR
                0x000000003ffe9a10                magNow
                0x000000003ffe9a1c                accIIR
                0x000000003ffe9a28                accNow
                0x000000003ffe9a34                gyrIIR
                0x000000003ffe9a40                gyrNow
                0x000000003ffe9a4c                barIIR
                0x000000003ffe9a50                barNow
                0x000000003ffe9a54                tempNow
                0x000000003ffe9a58                systemFrame
                0x000000003ffe9a5c                curhttp
                0x000000003ffe9a60                HTTPConnections
                0x000000003ffe9e00                tick_flag
 .bss           0x000000003ffe9e48      0x204 /tmp/ccREUuP0.ltrans2.ltrans.o
                0x000000003ffe9e48                md$1703
                0x000000003ffe9e4a                mc$1702
                0x000000003ffe9e4c                b2$1700
                0x000000003ffe9e4e                b1$1699
                0x000000003ffe9e50                ac6$1698
                0x000000003ffe9e52                ac5$1697
                0x000000003ffe9e54                ac4$1696
                0x000000003ffe9e56                ac3$1695
                0x000000003ffe9e58                ac2$1694
                0x000000003ffe9e5a                ac1$1692
                0x000000003ffe9e5c                settings
                0x000000003ffe9ea4                generic_print_buffer
 .bss           0x000000003ffea04c       0x18 /home/cnlohr/esp8266/esp_iot_sdk_v1.1.0/lib/libmain.a(mem_manager.o)
 *fill*         0x000000003ffea064        0xc 
 .bss           0x000000003ffea070      0x141 /home/cnlohr/esp8266/esp_iot_sdk_v1.1.0/lib/libmain.a(user_interface.o)
                0x000000003ffea167                deep_sleep_flag
                0x000000003ffea168                cpu_overclock
                0x000000003ffea16c                event_cb
                0x000000003ffea170                status_led_output_level
                0x000000003ffea174                done_cb
                0x000000003ffea178                rst_if
                0x000000003ffea194                default_interface
                0x000000003ffea198                promiscuous_cb
 *fill*         0x000000003ffea1b1        0xf 
 .bss           0x000000003ffea1c0      0x1c0 /home/cnlohr/esp8266/esp_iot_sdk_v1.1.0/lib/libmain.a(nmi-vector.o)
 .bss           0x000000003ffea380       0x3d /home/cnlohr/esp8266/esp_iot_sdk_v1.1.0/lib/libmain.a(app_main.o)
                0x000000003ffea384                info
                0x000000003ffea3a8                check_timeouts_timer
                0x000000003ffea3bc                user_init_flag
 *fill*         0x000000003ffea3bd        0x3 
 .bss           0x000000003ffea3c0        0x8 /home/cnlohr/esp8266/esp_iot_sdk_v1.1.0/lib/libmain.a(eagle_lwip_if.o)
 .bss           0x000000003ffea3c8      0x558 /home/cnlohr/esp8266/esp_iot_sdk_v1.1.0/lib/libnet80211.a(ieee80211.o)
                0x000000003ffea3c8                g_ic
 .bss           0x000000003ffea920       0x20 /home/cnlohr/esp8266/esp_iot_sdk_v1.1.0/lib/libnet80211.a(ieee80211_hostap.o)
                0x000000003ffea938                TmpSTAAPCloseAP
                0x000000003ffea939                PendFreeBcnEb
 .bss           0x000000003ffea940       0xcc /home/cnlohr/esp8266/esp_iot_sdk_v1.1.0/lib/libnet80211.a(ieee80211_scan.o)
                0x000000003ffea940                gScanStruct
                0x000000003ffea9f4                auth_type
                0x000000003ffea9f6                scannum
 .bss           0x000000003ffeaa0c       0x3c /home/cnlohr/esp8266/esp_iot_sdk_v1.1.0/lib/libnet80211.a(wl_chm.o)
 .bss           0x000000003ffeaa48      0x418 /home/cnlohr/esp8266/esp_iot_sdk_v1.1.0/lib/libnet80211.a(wl_cnx.o)
                0x000000003ffeae48                sta_con_timer
                0x000000003ffeae5c                g_cnx_probe_rc_list_cb
 .bss           0x000000003ffeae60       0x38 /home/cnlohr/esp8266/esp_iot_sdk_v1.1.0/lib/liblwip.a(dhcp.o)
                0x000000003ffeae60                dhcp_rx_options_given
                0x000000003ffeae70                dhcp_rx_options_val
 .bss           0x000000003ffeae98      0x248 /home/cnlohr/esp8266/esp_iot_sdk_v1.1.0/lib/liblwip.a(dhcpserver.o)
                0x000000003ffeaea8                s
 .bss           0x000000003ffeb0e0      0x690 /home/cnlohr/esp8266/esp_iot_sdk_v1.1.0/lib/liblwip.a(dns.o)
 .bss           0x000000003ffeb770      0x104 /home/cnlohr/esp8266/esp_iot_sdk_v1.1.0/lib/liblwip.a(espconn.o)
                0x000000003ffeb770                plink_active
                0x000000003ffeb774                pserver_list
                0x000000003ffeb780                premot
                0x000000003ffeb840                pktinfo
 *fill*         0x000000003ffeb874        0xc 
 .bss           0x000000003ffeb880       0x78 /home/cnlohr/esp8266/esp_iot_sdk_v1.1.0/lib/liblwip.a(espconn_tcp.o)
                0x000000003ffeb880                espconn_TaskQueue
 *fill*         0x000000003ffeb8f8        0x8 
 .bss           0x000000003ffeb900      0x100 /home/cnlohr/esp8266/esp_iot_sdk_v1.1.0/lib/liblwip.a(etharp.o)
 .bss           0x000000003ffeba00        0xc /home/cnlohr/esp8266/esp_iot_sdk_v1.1.0/lib/liblwip.a(igmp.o)
 *fill*         0x000000003ffeba0c        0x4 
 .bss           0x000000003ffeba10       0x10 /home/cnlohr/esp8266/esp_iot_sdk_v1.1.0/lib/liblwip.a(ip_addr.o)
 .bss           0x000000003ffeba20       0x12 /home/cnlohr/esp8266/esp_iot_sdk_v1.1.0/lib/liblwip.a(ip.o)
                0x000000003ffeba20                current_iphdr_dest
                0x000000003ffeba24                current_iphdr_src
                0x000000003ffeba28                current_netif
                0x000000003ffeba2c                current_header
 *fill*         0x000000003ffeba32        0xe 
 .bss           0x000000003ffeba40      0x421 /home/cnlohr/esp8266/esp_iot_sdk_v1.1.0/lib/liblwip.a(mdns.o)
                0x000000003ffeba44                PUCK_SERVICE
                0x000000003ffeba4c                PUCK_PORT
                0x000000003ffeba58                mdns_timer
 *fill*         0x000000003ffebe61        0x3 
 .bss           0x000000003ffebe64        0x9 /home/cnlohr/esp8266/esp_iot_sdk_v1.1.0/lib/liblwip.a(netif.o)
                0x000000003ffebe64                netif_list
                0x000000003ffebe68                netif_default
 *fill*         0x000000003ffebe6d        0x3 
 .bss           0x000000003ffebe70        0x4 /home/cnlohr/esp8266/esp_iot_sdk_v1.1.0/lib/liblwip.a(raw.o)
 .bss           0x000000003ffebe74       0x34 /home/cnlohr/esp8266/esp_iot_sdk_v1.1.0/lib/liblwip.a(tcp_in.o)
                0x000000003ffebea4                tcp_input_pcb
 .bss           0x000000003ffebea8       0x1c /home/cnlohr/esp8266/esp_iot_sdk_v1.1.0/lib/liblwip.a(tcp.o)
                0x000000003ffebeac                tcp_active_pcbs
                0x000000003ffebeb0                tcp_tmp_pcb
                0x000000003ffebeb4                tcp_tw_pcbs
                0x000000003ffebeb8                tcp_bound_pcbs
                0x000000003ffebebc                tcp_listen_pcbs
                0x000000003ffebec0                tcp_ticks
 .bss           0x000000003ffebec4        0xc /home/cnlohr/esp8266/esp_iot_sdk_v1.1.0/lib/liblwip.a(timers.o)
 .bss           0x000000003ffebed0        0x4 /home/cnlohr/esp8266/esp_iot_sdk_v1.1.0/lib/liblwip.a(udp.o)
                0x000000003ffebed0                udp_pcbs
 *fill*         0x000000003ffebed4        0xc 
 .bss           0x000000003ffebee0      0x27a /home/cnlohr/esp8266/esp_iot_sdk_v1.1.0/lib/libwpa.a(wpa.o)
 *fill*         0x000000003ffec15a        0x6 
 .bss           0x000000003ffec160        0x8 /home/cnlohr/esp8266/esp_iot_sdk_v1.1.0/lib/libnet80211.a(ieee80211_crypto_tkip.o)
 .bss           0x000000003ffec168        0x4 /home/cnlohr/esp8266/esp_iot_sdk_v1.1.0/lib/libphy.a(phy.o)
 *fill*         0x000000003ffec16c        0x4 
 .bss           0x000000003ffec170      0x3ab /home/cnlohr/esp8266/esp_iot_sdk_v1.1.0/lib/libphy.a(phy_chip_v6.o)
                0x000000003ffec170                g_phyFuns
                0x000000003ffec174                rxiq_compute_num
                0x000000003ffec178                rxdc_init_flag
                0x000000003ffec17c                check_result
                0x000000003ffec180                chip6_sleep_params
                0x000000003ffec364                chip6_phy_init_ctrl
                0x000000003ffec3d8                phy_freq_offset
                0x000000003ffec3da                do_pwctrl_flag
                0x000000003ffec3db                pwctrl_debug
                0x000000003ffec3dc                txbk_dpdby_flag
                0x000000003ffec3de                sw_scan_mode
                0x000000003ffec3f0                periodic_cal_dc_num
                0x000000003ffec3f4                periodic_cal_flag
                0x000000003ffec3f5                bbpll_cal_flag
                0x000000003ffec3f6                phy_in_most_power
                0x000000003ffec3f7                deep_sleep_en
                0x000000003ffec3f8                rtc_mem_check_fail
                0x000000003ffec3f9                rtc_recovery_en
                0x000000003ffec3fa                phy_in_vdd33_offset
                0x000000003ffec3fb                phy_set_most_tpw_disbg
                0x000000003ffec3fc                phy_set_most_tpw_index
                0x000000003ffec400                adc_rand_noise
                0x000000003ffec404                dpd_bypass_original
                0x000000003ffec408                noise_array
                0x000000003ffec510                tx_pwctrl_atten_init
 *fill*         0x000000003ffec51b        0x1 
 .bss           0x000000003ffec51c        0x6 /home/cnlohr/esp8266/esp_iot_sdk_v1.1.0/lib/libphy.a(phy_chip_v6_cal.o)
                0x000000003ffec51c                loop_pwctrl_pwdet_error_accum_high_power
                0x000000003ffec51e                tx_pwctrl_pk_num
                0x000000003ffec51f                loop_pwctrl_correct_atten_high_power
                0x000000003ffec520                tx_pwctrl_set_chan_flag
                0x000000003ffec521                rxiq_cover_fail_num
 *fill*         0x000000003ffec522        0x2 
 .bss           0x000000003ffec524        0x7 /home/cnlohr/esp8266/esp_iot_sdk_v1.1.0/lib/libphy.a(phy_sleep.o)
                0x000000003ffec524                periodic_cal_sat
                0x000000003ffec526                lslp_mem_opt_8266
                0x000000003ffec528                software_slp_reject
                0x000000003ffec529                SDIO_slp_reject
                0x000000003ffec52a                hardware_reject
 *fill*         0x000000003ffec52b        0x5 
 .bss           0x000000003ffec530     0x1214 /home/cnlohr/esp8266/esp_iot_sdk_v1.1.0/lib/libpp.a(esf_buf.o)
 *fill*         0x000000003ffed744        0xc 
 .bss           0x000000003ffed750       0x30 /home/cnlohr/esp8266/esp_iot_sdk_v1.1.0/lib/libpp.a(if_hwctrl.o)
                0x000000003ffed750                interface_mask
                0x000000003ffed760                if_ctrl
 .bss           0x000000003ffed780      0x150 /home/cnlohr/esp8266/esp_iot_sdk_v1.1.0/lib/libpp.a(lmac.o)
                0x000000003ffed784                lmacConfMib
 .bss           0x000000003ffed8d0      0x11a /home/cnlohr/esp8266/esp_iot_sdk_v1.1.0/lib/libpp.a(pm.o)
 *fill*         0x000000003ffed9ea        0x6 
 .bss           0x000000003ffed9f0      0x2d2 /home/cnlohr/esp8266/esp_iot_sdk_v1.1.0/lib/libpp.a(pp.o)
                0x000000003ffed9f4                SoftWdtTimer
                0x000000003ffeda1c                pend_flag_noise_check
                0x000000003ffeda24                pend_flag_periodic_cal
                0x000000003ffeda3c                idle_timer_reopen_flag
                0x000000003ffeda3d                dbg_stop_sw_wdt
                0x000000003ffeda3e                dbg_stop_hw_wdt
 *fill*         0x000000003ffedcc2        0xe 
 .bss           0x000000003ffedcd0      0x100 /home/cnlohr/esp8266/esp_iot_sdk_v1.1.0/lib/libpp.a(rate_control.o)
 .bss           0x000000003ffeddd0      0x448 /home/cnlohr/esp8266/esp_iot_sdk_v1.1.0/lib/libpp.a(trc.o)
 *fill*         0x000000003ffee218        0x8 
 .bss           0x000000003ffee220     0x4e80 /home/cnlohr/esp8266/esp_iot_sdk_v1.1.0/lib/libpp.a(wdev.o)
                0x000000003ffee220                wDevCtrl
                0x000000003ffee3c4                WdevTimOffSet
 *(.bss.*)
 *(.gnu.linkonce.b.*)
 *(COMMON)
                0x000000003fff30a0                . = ALIGN (0x8)
                0x000000003fff30a0                _bss_end = ABSOLUTE (.)
                0x000000003fff30a0                _heap_start = ABSOLUTE (.)

.text           0x0000000040100000     0x7390
                0x0000000040100000                _stext = .
                0x0000000040100000                _text_start = ABSOLUTE (.)
 *(.UserEnter.text)
 .UserEnter.text
                0x0000000040100000        0xd /home/cnlohr/esp8266/esp_iot_sdk_v1.1.0/lib/libmain.a(vector.o)
                                         0x14 (size before relaxing)
                0x0000000040100004                call_user_start
                0x0000000040100010                . = ALIGN (0x10)
 *fill*         0x000000004010000d        0x3 
 *(.DebugExceptionVector.text)
 .DebugExceptionVector.text
                0x0000000040100010        0x6 /home/cnlohr/esp8266/esp_iot_sdk_v1.1.0/lib/libmain.a(debug-vector.o)
                0x0000000040100010                _DebugExceptionVector
                0x0000000040100020                . = ALIGN (0x10)
 *fill*         0x0000000040100016        0xa 
 *(.NMIExceptionVector.text)
 .NMIExceptionVector.text
                0x0000000040100020        0x6 /home/cnlohr/esp8266/esp_iot_sdk_v1.1.0/lib/libmain.a(nmi-vector.o)
                                          0xd (size before relaxing)
                0x0000000040100020                _NMIExceptionVector
                0x0000000040100030                . = ALIGN (0x10)
 *fill*         0x0000000040100026        0xa 
 *(.KernelExceptionVector.text)
 .KernelExceptionVector.text
                0x0000000040100030        0x6 /home/cnlohr/esp8266/esp_iot_sdk_v1.1.0/lib/libmain.a(kernel-vector.o)
                0x0000000040100030                _KernelExceptionVector
                0x0000000040100036        0x4 LONG 0x0
                0x000000004010003a        0x4 LONG 0x0
                0x000000004010003e        0x4 LONG 0x0
                0x0000000040100042        0x4 LONG 0x0
                0x0000000040100050                . = ALIGN (0x10)
 *fill*         0x0000000040100046        0xa 
 *(.UserExceptionVector.text)
 .UserExceptionVector.text
                0x0000000040100050        0x6 /home/cnlohr/esp8266/esp_iot_sdk_v1.1.0/lib/libmain.a(user-vector.o)
                                          0xd (size before relaxing)
                0x0000000040100050                _UserExceptionVector
                0x0000000040100056        0x4 LONG 0x0
                0x000000004010005a        0x4 LONG 0x0
                0x000000004010005e        0x4 LONG 0x0
                0x0000000040100062        0x4 LONG 0x0
                0x0000000040100070                . = ALIGN (0x10)
 *fill*         0x0000000040100066        0xa 
 *(.DoubleExceptionVector.text)
 .DoubleExceptionVector.text
                0x0000000040100070        0x6 /home/cnlohr/esp8266/esp_iot_sdk_v1.1.0/lib/libmain.a(double-vector.o)
                0x0000000040100070                _DoubleExceptionVector
                0x0000000040100076        0x4 LONG 0x0
                0x000000004010007a        0x4 LONG 0x0
                0x000000004010007e        0x4 LONG 0x0
                0x0000000040100082        0x4 LONG 0x0
                0x0000000040100090                . = ALIGN (0x10)
 *fill*         0x0000000040100086        0xa 
 *(.entry.text)
 *(.init.literal)
 *(.init)
 *(.literal .text .literal.* .text.* .stub .gnu.warning .gnu.linkonce.literal.* .gnu.linkonce.t.*.literal .gnu.linkonce.t.*)
 .literal       0x0000000040100090       0x9c /tmp/ccREUuP0.ltrans0.ltrans.o
                                        0x200 (size before relaxing)
 .literal       0x000000004010012c       0x18 /tmp/ccREUuP0.ltrans1.ltrans.o
                                         0x58 (size before relaxing)
 .literal       0x0000000040100144        0x8 /home/cnlohr/esp8266/esp-open-sdk/xtensa-lx106-elf/lib/gcc/xtensa-lx106-elf/4.8.2/libgcc.a(_addsubsf3.o)
                                          0xc (size before relaxing)
 .literal       0x000000004010014c        0x4 /home/cnlohr/esp8266/esp-open-sdk/xtensa-lx106-elf/lib/gcc/xtensa-lx106-elf/4.8.2/libgcc.a(_mulsf3.o)
                                         0x10 (size before relaxing)
 .literal       0x0000000040100150        0x0 /home/cnlohr/esp8266/esp-open-sdk/xtensa-lx106-elf/lib/gcc/xtensa-lx106-elf/4.8.2/libgcc.a(_divsf3.o)
                                         0x10 (size before relaxing)
 .literal       0x0000000040100150        0x0 /home/cnlohr/esp8266/esp-open-sdk/xtensa-lx106-elf/lib/gcc/xtensa-lx106-elf/4.8.2/libgcc.a(_fixsfsi.o)
                                          0x4 (size before relaxing)
 .literal       0x0000000040100150        0x0 /home/cnlohr/esp8266/esp-open-sdk/xtensa-lx106-elf/lib/gcc/xtensa-lx106-elf/4.8.2/libgcc.a(_fixunssfsi.o)
                                          0x4 (size before relaxing)
 .literal       0x0000000040100150        0xc /home/cnlohr/esp8266/esp-open-sdk/xtensa-lx106-elf/lib/gcc/xtensa-lx106-elf/4.8.2/libgcc.a(_muldf3.o)
                                         0x10 (size before relaxing)
 .literal       0x000000004010015c        0x0 /home/cnlohr/esp8266/esp-open-sdk/xtensa-lx106-elf/lib/gcc/xtensa-lx106-elf/4.8.2/libgcc.a(_divdf3.o)
                                         0x10 (size before relaxing)
 .literal       0x000000004010015c        0x0 /home/cnlohr/esp8266/esp-open-sdk/xtensa-lx106-elf/lib/gcc/xtensa-lx106-elf/4.8.2/libgcc.a(_fixdfsi.o)
                                          0x4 (size before relaxing)
 .literal       0x000000004010015c        0x4 /home/cnlohr/esp8266/esp-open-sdk/xtensa-lx106-elf/lib/gcc/xtensa-lx106-elf/4.8.2/libgcc.a(_truncdfsf2.o)
                                          0x8 (size before relaxing)
 .literal       0x0000000040100160        0x0 /home/cnlohr/esp8266/esp-open-sdk/xtensa-lx106-elf/lib/gcc/xtensa-lx106-elf/4.8.2/libgcc.a(_muldi3.o)
                                          0x4 (size before relaxing)
 .literal       0x0000000040100160        0x4 /home/cnlohr/esp8266/esp-open-sdk/xtensa-lx106-elf/lib/gcc/xtensa-lx106-elf/4.8.2/libgcc.a(_popcountsi2.o)
 .literal       0x0000000040100164        0x0 /home/cnlohr/esp8266/esp-open-sdk/xtensa-lx106-elf/lib/gcc/xtensa-lx106-elf/4.8.2/libgcc.a(_divdi3.o)
                                         0x48 (size before relaxing)
 .literal       0x0000000040100164        0x0 /home/cnlohr/esp8266/esp-open-sdk/xtensa-lx106-elf/lib/gcc/xtensa-lx106-elf/4.8.2/libgcc.a(_umoddi3.o)
                                         0x40 (size before relaxing)
 .literal       0x0000000040100164        0x0 /home/cnlohr/esp8266/esp-open-sdk/xtensa-lx106-elf/lib/gcc/xtensa-lx106-elf/4.8.2/libgcc.a(_extendsfdf2.o)
                                          0x8 (size before relaxing)
 .text          0x0000000040100164      0x7ec /tmp/ccREUuP0.ltrans0.ltrans.o
                0x0000000040100224                GetByte
                0x0000000040100320                LR16
                0x000000004010034c                Read16$1673
                0x0000000040100374                SendByte
                0x000000004010045c                SendStop
                0x00000000401004dc                SendStart
                0x0000000040100520                EndTCPWrite
                0x0000000040100544                PushBlob
 .text          0x0000000040100950      0x137 /tmp/ccREUuP0.ltrans1.ltrans.o
                                        0x167 (size before relaxing)
 *fill*         0x0000000040100a87        0x1 
 .text          0x0000000040100a88       0xd7 /home/cnlohr/esp8266/esp_iot_sdk_v1.1.0/lib/libmain.a(ets_timer.o)
                                         0xdf (size before relaxing)
                0x0000000040100aa8                ets_timer_arm_new
 *fill*         0x0000000040100b5f        0x1 
 .text          0x0000000040100b60      0x1c9 /home/cnlohr/esp8266/esp_iot_sdk_v1.1.0/lib/libmain.a(mem_manager.o)
                                        0x1f1 (size before relaxing)
                0x0000000040100b78                pvPortMalloc
                0x0000000040100c2c                vPortFree
                0x0000000040100c6c                pvPortCalloc
                0x0000000040100c94                pvPortZalloc
                0x0000000040100ca8                pvPortRealloc
                0x0000000040100ce0                vPortInitialiseBlocks
 *fill*         0x0000000040100d29        0x3 
 .text          0x0000000040100d2c      0x16e /home/cnlohr/esp8266/esp_iot_sdk_v1.1.0/lib/libmain.a(spi_flash.o)
                                        0x1ae (size before relaxing)
                0x0000000040100d3c                spi_flash_get_id
                0x0000000040100d98                spi_flash_read_status
                0x0000000040100dcc                spi_flash_write_status
                0x0000000040100dfc                spi_flash_erase_sector
                0x0000000040100e24                spi_flash_write
                0x0000000040100e74                spi_flash_read
 *fill*         0x0000000040100e9a        0x2 
 .text          0x0000000040100e9c      0x4c6 /home/cnlohr/esp8266/esp_iot_sdk_v1.1.0/lib/libmain.a(user_interface.o)
                                        0x53e (size before relaxing)
                0x0000000040100eac                os_printf_plus
                0x0000000040100f74                system_restart_local
                0x0000000040101248                system_phy_temperature_alert
                0x0000000040101264                system_get_time
                0x0000000040101280                system_os_post
                0x00000000401012b4                system_rtc_mem_write
                0x000000004010130c                system_rtc_mem_read
 *fill*         0x0000000040101362        0x2 
 .text          0x0000000040101364       0xc7 /home/cnlohr/esp8266/esp_iot_sdk_v1.1.0/lib/libmain.a(nmi-vector.o)
                                         0xcb (size before relaxing)
                0x0000000040101370                _NMILevelVector
 *fill*         0x000000004010142b        0x1 
 .text          0x000000004010142c       0x1e /home/cnlohr/esp8266/esp_iot_sdk_v1.1.0/lib/libmain.a(user-vector.o)
                0x0000000040101430                _UserExceptionVector_1
 *fill*         0x000000004010144a        0x2 
 .text          0x000000004010144c      0x4d6 /home/cnlohr/esp8266/esp_iot_sdk_v1.1.0/lib/libmain.a(app_main.o)
                                        0x56a (size before relaxing)
                0x0000000040101454                Cache_Read_Enable_New
                0x000000004010148c                NmiTimSetFunc
                0x0000000040101498                NMI_Handler
                0x00000000401014f0                call_user_start_local
 *fill*         0x0000000040101922        0x2 
 .text          0x0000000040101924       0xcf /home/cnlohr/esp8266/esp_iot_sdk_v1.1.0/lib/libnet80211.a(wl_chm.o)
                                         0xe7 (size before relaxing)
                0x0000000040101928                chm_acquire_lock
                0x000000004010196c                chm_release_lock
                0x0000000040101984                chm_cancel_op
                0x00000000401019c0                chm_return_home_channel
                0x00000000401019ec                chm_get_current_channel
 *fill*         0x00000000401019f3        0x1 
 .text          0x00000000401019f4       0x21 /home/cnlohr/esp8266/esp_iot_sdk_v1.1.0/lib/liblwip.a(dns.o)
                0x00000000401019fc                dns_tmr
 *fill*         0x0000000040101a15        0x3 
 .text          0x0000000040101a18       0x33 /home/cnlohr/esp8266/esp_iot_sdk_v1.1.0/lib/liblwip.a(etharp.o)
                                         0x37 (size before relaxing)
 *fill*         0x0000000040101a4b        0x1 
 .text          0x0000000040101a4c      0x10c /home/cnlohr/esp8266/esp_iot_sdk_v1.1.0/lib/liblwip.a(mdns.o)
                                        0x144 (size before relaxing)
                0x0000000040101a50                getPcb
                0x0000000040101a5c                mdns_close
                0x0000000040101a80                mdns_set_name
                0x0000000040101aa0                mdns_enable
                0x0000000040101abc                mdns_disable
                0x0000000040101adc                mdns_get_hostname
                0x0000000040101af8                mdns_set_hostname
 .text          0x0000000040101b58      0x1cc /home/cnlohr/esp8266/esp_iot_sdk_v1.1.0/lib/liblwip.a(tcp.o)
                                        0x1ec (size before relaxing)
 .text          0x0000000040101d24      0x160 /home/cnlohr/esp8266/esp_iot_sdk_v1.1.0/lib/liblwip.a(tcp_out.o)
                                        0x164 (size before relaxing)
 .text          0x0000000040101e84       0xb0 /home/cnlohr/esp8266/esp_iot_sdk_v1.1.0/lib/liblwip.a(timers.o)
                                         0xc0 (size before relaxing)
 .text          0x0000000040101f34       0x53 /home/cnlohr/esp8266/esp_iot_sdk_v1.1.0/lib/libphy.a(phy.o)
                                         0x5f (size before relaxing)
                0x0000000040101f3c                register_phy_ops
                0x0000000040101f5c                register_get_phy_addr
                0x0000000040101f64                phy_change_channel
                0x0000000040101f7c                phy_get_mactime
 *fill*         0x0000000040101f87        0x1 
 .text          0x0000000040101f88       0xeb /home/cnlohr/esp8266/esp_iot_sdk_v1.1.0/lib/libphy.a(phy_sleep.o)
                                        0x103 (size before relaxing)
                0x0000000040101f90                pm_rtc_clock_cali
                0x0000000040102048                clockgate_watchdog
 *fill*         0x0000000040102073        0x1 
 .text          0x0000000040102074      0x25a /home/cnlohr/esp8266/esp_iot_sdk_v1.1.0/lib/libpp.a(esf_buf.o)
                                        0x2fa (size before relaxing)
                0x0000000040102078                esf_rx_buf_alloc
                0x00000000401020c8                esf_buf_alloc
                0x00000000401021ec                esf_buf_recycle
 *fill*         0x00000000401022ce        0x2 
 .text          0x00000000401022d0     0x148e /home/cnlohr/esp8266/esp_iot_sdk_v1.1.0/lib/libpp.a(lmac.o)
                                       0x1766 (size before relaxing)
                0x00000000401022d4                lmacIsActive
                0x00000000401022e8                lmacIsIdle
                0x00000000401026b4                lmacSetAcParam
                0x0000000040102714                lmacProcessTXStartData
                0x00000000401028d4                lmacProcessTxSuccess
                0x0000000040102a0c                GetAccess
                0x0000000040102a18                lmacDiscardAgedMSDU
                0x0000000040102a2c                lmacRecycleMPDU
                0x0000000040102f40                lmacProcessCollisions
                0x0000000040102fa8                lmacProcessCollision
                0x0000000040103020                lmacMSDUAged
                0x00000000401033c0                lmacProcessCtsTimeout
                0x000000004010340c                lmacProcessAckTimeout
                0x0000000040103448                lmacProcessRtsStart
                0x0000000040103460                lmacProcessTxRtsError
                0x0000000040103500                lmacProcessTxError
                0x0000000040103594                lmacTxFrame
                0x0000000040103748                lmacRxDone
 *fill*         0x000000004010375e        0x2 
 .text          0x0000000040103760      0xe4c /home/cnlohr/esp8266/esp_iot_sdk_v1.1.0/lib/libpp.a(pp.o)
                                       0x1000 (size before relaxing)
                0x0000000040103794                pp_soft_wdt_feed
                0x0000000040103810                ppProcessWaitQ
                0x0000000040103824                ppRecycleRxPkt
                0x000000004010387c                ppCheckTxIdle
                0x0000000040103b2c                ppProcessTxQ
                0x0000000040103ba4                ppGetTxQFirstAvail_Locked
                0x0000000040103bf4                ppFetchTxQFirstAvail
                0x0000000040103c34                ppDequeueTxQ
                0x0000000040103c5c                ppRollBackTxQ
                0x0000000040103c80                ppRecordBarRRC
                0x0000000040103c90                ppTxqUpdateBitmap
                0x0000000040103cb4                ppEnqueueTxDone
                0x0000000040103d24                ppEnqueueRxq
                0x000000004010442c                ppDiscardMPDU
                0x0000000040104450                pp_post
                0x0000000040104494                pp_post2
                0x00000000401044c0                ppCalTxop
                0x000000004010453c                ppCalFrameTimes
 .text          0x00000000401045ac       0xf5 /home/cnlohr/esp8266/esp_iot_sdk_v1.1.0/lib/libpp.a(rate_control.o)
                                        0x109 (size before relaxing)
                0x00000000401045cc                RC_GetAckRate
                0x00000000401045d8                RC_GetRtsRate
                0x00000000401045e8                RC_GetAckTime
                0x00000000401045fc                RC_GetCtsTime
                0x0000000040104634                RC_GetBlockAckTime
 *fill*         0x00000000401046a1        0x3 
 .text          0x00000000401046a4      0x809 /home/cnlohr/esp8266/esp_iot_sdk_v1.1.0/lib/libpp.a(trc.o)
                                        0x83d (size before relaxing)
                0x0000000040104818                rcUpdateTxDone
                0x00000000401048ac                rcUpdateRxDone
                0x0000000040104908                rcUpdateDataRxDone
                0x0000000040104920                rcGetSched
                0x00000000401049cc                rcGetRate
                0x0000000040104de0                rcReachRetryLimit
                0x0000000040104df8                trc_NeedRTS
 *fill*         0x0000000040104ead        0x3 
 .text          0x0000000040104eb0      0xfe4 /home/cnlohr/esp8266/esp_iot_sdk_v1.1.0/lib/libpp.a(wdev.o)
                                       0x1244 (size before relaxing)
                0x000000004010525c                wDev_ProcessFiq
                0x000000004010558c                wDev_EnableTransmit
                0x00000000401055d0                wDev_DisableTransmit
                0x00000000401055f0                Tx_Copy2Queue
                0x0000000040105638                wDev_ProcessCollision
                0x000000004010565c                wDev_GetTxqCollisions
                0x000000004010566c                wDev_ClearTxqCollisions
                0x0000000040105688                wDev_SetWaitingQueue
                0x00000000401056d4                wDev_ClearWaitingQueue
                0x00000000401056f8                wDev_SetFrameAckType
                0x000000004010575c                wDev_AppendRxBlocks
                0x00000000401058c0                wDev_AppendRxAmpduLensBlocks
                0x00000000401059b0                wDev_GetBAInfo
                0x00000000401059e0                wDevDisableRx
 .text          0x0000000040105e94      0x1ff /home/cnlohr/esp8266/esp-open-sdk/xtensa-lx106-elf/lib/gcc/xtensa-lx106-elf/4.8.2/libgcc.a(_addsubsf3.o)
                0x0000000040105eb0                __addsf3
                0x0000000040105f98                __subsf3
 *fill*         0x0000000040106093        0x1 
 .text          0x0000000040106094      0x15d /home/cnlohr/esp8266/esp-open-sdk/xtensa-lx106-elf/lib/gcc/xtensa-lx106-elf/4.8.2/libgcc.a(_mulsf3.o)
                0x000000004010610c                __mulsf3
 *fill*         0x00000000401061f1        0x3 
 .text          0x00000000401061f4      0x135 /home/cnlohr/esp8266/esp-open-sdk/xtensa-lx106-elf/lib/gcc/xtensa-lx106-elf/4.8.2/libgcc.a(_divsf3.o)
                0x0000000040106270                __divsf3
 *fill*         0x0000000040106329        0x3 
 .text          0x000000004010632c       0x40 /home/cnlohr/esp8266/esp-open-sdk/xtensa-lx106-elf/lib/gcc/xtensa-lx106-elf/4.8.2/libgcc.a(_fixsfsi.o)
                0x000000004010632c                __fixsfsi
 .text          0x000000004010636c       0x51 /home/cnlohr/esp8266/esp-open-sdk/xtensa-lx106-elf/lib/gcc/xtensa-lx106-elf/4.8.2/libgcc.a(_fixunssfsi.o)
                0x000000004010636c                __fixunssfsi
 *fill*         0x00000000401063bd        0x3 
 .text          0x00000000401063c0      0x29b /home/cnlohr/esp8266/esp-open-sdk/xtensa-lx106-elf/lib/gcc/xtensa-lx106-elf/4.8.2/libgcc.a(_muldf3.o)
                0x00000000401064a0                __muldf3
 *fill*         0x000000004010665b        0x1 
 .text          0x000000004010665c      0x20b /home/cnlohr/esp8266/esp-open-sdk/xtensa-lx106-elf/lib/gcc/xtensa-lx106-elf/4.8.2/libgcc.a(_divdf3.o)
                0x0000000040106744                __divdf3
 *fill*         0x0000000040106867        0x1 
 .text          0x0000000040106868       0x48 /home/cnlohr/esp8266/esp-open-sdk/xtensa-lx106-elf/lib/gcc/xtensa-lx106-elf/4.8.2/libgcc.a(_fixdfsi.o)
                0x0000000040106868                __fixdfsi
 .text          0x00000000401068b0       0xa0 /home/cnlohr/esp8266/esp-open-sdk/xtensa-lx106-elf/lib/gcc/xtensa-lx106-elf/4.8.2/libgcc.a(_truncdfsf2.o)
                0x00000000401068b0                __truncdfsf2
 .text          0x0000000040106950       0x36 /home/cnlohr/esp8266/esp-open-sdk/xtensa-lx106-elf/lib/gcc/xtensa-lx106-elf/4.8.2/libgcc.a(_muldi3.o)
                0x0000000040106950                __muldi3
 *fill*         0x0000000040106986        0x2 
 .text          0x0000000040106988       0x21 /home/cnlohr/esp8266/esp-open-sdk/xtensa-lx106-elf/lib/gcc/xtensa-lx106-elf/4.8.2/libgcc.a(_popcountsi2.o)
                0x0000000040106988                __popcountsi2
 *fill*         0x00000000401069a9        0x3 
 .text          0x00000000401069ac      0x3eb /home/cnlohr/esp8266/esp-open-sdk/xtensa-lx106-elf/lib/gcc/xtensa-lx106-elf/4.8.2/libgcc.a(_divdi3.o)
                                        0x41b (size before relaxing)
                0x00000000401069ac                __divdi3
 *fill*         0x0000000040106d97        0x1 
 .text          0x0000000040106d98      0x33a /home/cnlohr/esp8266/esp-open-sdk/xtensa-lx106-elf/lib/gcc/xtensa-lx106-elf/4.8.2/libgcc.a(_umoddi3.o)
                                        0x366 (size before relaxing)
                0x0000000040106d98                __umoddi3
 *fill*         0x00000000401070d2        0x2 
 .text          0x00000000401070d4       0x5e /home/cnlohr/esp8266/esp-open-sdk/xtensa-lx106-elf/lib/gcc/xtensa-lx106-elf/4.8.2/libgcc.a(_extendsfdf2.o)
                0x00000000401070d4                __extendsfdf2
 *fill*         0x0000000040107132        0x2 
 .text          0x0000000040107134        0x6 /tmp/ccREUuP0.ltrans2.ltrans.o
                0x0000000040107134                strcat
                0x0000000040107138                user_rf_pre_init
 *fill*         0x000000004010713a        0x0 
 *fill*         0x000000004010713a        0x0 
 *fill*         0x000000004010713a        0x0 
 *fill*         0x000000004010713a        0x0 
 *fill*         0x000000004010713a        0x0 
 *fill*         0x000000004010713a        0x0 
 *fill*         0x000000004010713a        0x0 
 *fill*         0x000000004010713a        0x2 
 .text          0x000000004010713c       0x25 /home/cnlohr/esp8266/esp_iot_sdk_v1.1.0/lib/libnet80211.a(ieee80211_hostap.o)
 *fill*         0x0000000040107161        0x0 
 *fill*         0x0000000040107161        0x0 
 *fill*         0x0000000040107161        0x0 
 *fill*         0x0000000040107161        0x3 
 .text          0x0000000040107164       0x11 /home/cnlohr/esp8266/esp_iot_sdk_v1.1.0/lib/libwpa.a(wpa_auth.o)
 *fill*         0x0000000040107175        0x0 
 *fill*         0x0000000040107175        0x3 
 .text          0x0000000040107178        0x2 /home/cnlohr/esp8266/esp_iot_sdk_v1.1.0/lib/libphy.a(phy_chip_v6.o)
                0x0000000040107178                ram_tx_mac_disable
 *fill*         0x000000004010717a        0x0 
 *fill*         0x000000004010717a        0x0 
 *fill*         0x000000004010717a        0x0 
 *fill*         0x000000004010717a        0x0 
 *fill*         0x000000004010717a        0x0 
 *fill*         0x000000004010717a        0x2 
 .text          0x000000004010717c       0x64 /home/cnlohr/esp8266/esp-open-sdk/xtensa-lx106-elf/lib/gcc/xtensa-lx106-elf/4.8.2/libgcc.a(_divsi3.o)
                0x000000004010717c                __divsi3
 .text          0x00000000401071e0       0x49 /home/cnlohr/esp8266/esp-open-sdk/xtensa-lx106-elf/lib/gcc/xtensa-lx106-elf/4.8.2/libgcc.a(_modsi3.o)
                0x00000000401071e0                __modsi3
 *fill*         0x0000000040107229        0x3 
 .text          0x000000004010722c       0x4c /home/cnlohr/esp8266/esp-open-sdk/xtensa-lx106-elf/lib/gcc/xtensa-lx106-elf/4.8.2/libgcc.a(_udivsi3.o)
                0x000000004010722c                __udivsi3
 .text          0x0000000040107278       0x39 /home/cnlohr/esp8266/esp-open-sdk/xtensa-lx106-elf/lib/gcc/xtensa-lx106-elf/4.8.2/libgcc.a(_umodsi3.o)
                0x0000000040107278                __umodsi3
 *fill*         0x00000000401072b1        0x3 
 .text          0x00000000401072b4       0x18 /home/cnlohr/esp8266/esp-open-sdk/xtensa-lx106-elf/lib/gcc/xtensa-lx106-elf/4.8.2/libgcc.a(_ashrdi3.o)
                0x00000000401072b4                __ashrdi3
 *fill*         0x00000000401072cc        0x0 
 *fill*         0x00000000401072cc        0x0 
 *fill*         0x00000000401072cc        0x0 
 *fill*         0x00000000401072cc        0x0 
 .text          0x00000000401072cc       0x44 /home/cnlohr/esp8266/esp-open-sdk/xtensa-lx106-elf/lib/gcc/xtensa-lx106-elf/4.8.2/libgcc.a(_floatsisf.o)
                0x00000000401072cc                __floatunsisf
                0x00000000401072d4                __floatsisf
 *fill*         0x0000000040107310        0x0 
 *fill*         0x0000000040107310        0x0 
 .text          0x0000000040107310       0x36 /home/cnlohr/esp8266/esp-open-sdk/xtensa-lx106-elf/lib/gcc/xtensa-lx106-elf/4.8.2/libgcc.a(_floatsidf.o)
                0x0000000040107310                __floatunsidf
                0x0000000040107318                __floatsidf
 *fill*         0x0000000040107346        0x0 
 *fill*         0x0000000040107346        0x0 
 *fill*         0x0000000040107346        0x0 
 *fill*         0x0000000040107346        0x0 
 *fill*         0x0000000040107346        0x2 
 .text          0x0000000040107348       0x48 /home/cnlohr/esp8266/esp-open-sdk/xtensa-lx106-elf/lib/gcc/xtensa-lx106-elf/4.8.2/libgcc.a(_umulsidi3.o)
                0x0000000040107348                __umulsidi3
 *(.fini.literal)
 *(.fini)
 *(.gnu.version)
                0x0000000040107390                _text_end = ABSOLUTE (.)
                0x0000000040107390                _etext = .

.lit4           0x0000000040107390        0x0
                0x0000000040107390                _lit4_start = ABSOLUTE (.)
 *(*.lit4)
 *(.lit4.*)
 *(.gnu.linkonce.lit4.*)
                0x0000000040107390                _lit4_end = ABSOLUTE (.)

.irom0.text     0x0000000040240000    0x29c1f
                0x0000000040240000                _irom0_text_start = ABSOLUTE (.)
 *(.irom0.literal .irom.literal .irom.text.literal .irom0.text .irom.text)
 .irom0.literal
                0x0000000040240000      0x234 /tmp/ccREUuP0.ltrans0.ltrans.o
                                        0x40c (size before relaxing)
 .irom0.literal
                0x0000000040240234      0x12c /tmp/ccREUuP0.ltrans1.ltrans.o
                                        0x3d8 (size before relaxing)
 .irom0.literal
                0x0000000040240360       0x9c /tmp/ccREUuP0.ltrans2.ltrans.o
                                        0x2c0 (size before relaxing)
 .irom0.text    0x00000000402403fc     0x10e6 /tmp/ccREUuP0.ltrans0.ltrans.o
                                       0x119e (size before relaxing)
                0x0000000040240410                MyTimer
                0x0000000040240484                uart1_write_char$1378
                0x00000000402404bc                httpserver_connectcb
                0x0000000040240520                URLDecode
                0x00000000402405bc                HTTPClose
                0x00000000402405e4                FillRaw
                0x0000000040240684                ConfigI2C
                0x00000000402406b0                HTTPHandleInternalCallback
                0x00000000402408d8                uart_config$1387
                0x00000000402409d8                uart0_sendStr
                0x0000000040240a00                issue_command
                0x0000000040241408                procTask$part$0$1540
 *fill*         0x00000000402414e2        0x2 
 .irom0.text    0x00000000402414e4      0xcec /tmp/ccREUuP0.ltrans1.ltrans.o
                                        0xd30 (size before relaxing)
                0x00000000402414e4                procTask$1535
                0x0000000040241dcc                http_recvcb$1968
 .irom0.text    0x00000000402421d0      0x567 /tmp/ccREUuP0.ltrans2.ltrans.o
                                        0x5b3 (size before relaxing)
                0x00000000402421d0                user_init
 *fill*         0x0000000040242737        0x1 
 .irom0.text    0x0000000040242738      0x56a /home/cnlohr/esp8266/esp_iot_sdk_v1.1.0/lib/libmain.a(eagle_lib.o)
                                        0x57a (size before relaxing)
                0x000000004024273c                divide
                0x0000000040242778                skip_atoi
                0x00000000402428f8                ets_vsnprintf
                0x0000000040242c58                ets_vsprintf
                0x0000000040242c7c                ets_sprintf
 *fill*         0x0000000040242ca2        0x2 
 .irom0.text    0x0000000040242ca4       0x54 /home/cnlohr/esp8266/esp_iot_sdk_v1.1.0/lib/libmain.a(mem_manager.o)
                                         0x58 (size before relaxing)
                0x0000000040242ca8                xPortGetFreeHeapSize
 .irom0.text    0x0000000040242cf8      0x225 /home/cnlohr/esp8266/esp_iot_sdk_v1.1.0/lib/libmain.a(spi_overlap.o)
                                        0x23d (size before relaxing)
                0x0000000040242d0c                overlap_hspi_init
                0x0000000040242da8                overlap_hspi_deinit
                0x0000000040242e48                overlap_hspi_read_data
 *fill*         0x0000000040242f1d        0x3 
 .irom0.text    0x0000000040242f20     0x25dd /home/cnlohr/esp8266/esp_iot_sdk_v1.1.0/lib/libmain.a(user_interface.o)
                                       0x2c71 (size before relaxing)
                0x0000000040242f24                system_set_os_print
                0x0000000040242f34                system_get_os_print
                0x0000000040243104                system_pp_recycle_rx_pkt
                0x0000000040243118                system_adc_read
                0x0000000040243130                system_get_vdd33
                0x000000004024314c                system_restart
                0x00000000402431b0                system_restore
                0x00000000402431f4                system_get_flash_size_map
                0x0000000040243218                system_get_boot_version
                0x0000000040243250                system_get_test_result
                0x0000000040243274                system_get_userbin_addr
                0x000000004024330c                system_get_boot_mode
                0x000000004024333c                system_restart_enhance
                0x0000000040243440                system_upgrade_userbin_set
                0x0000000040243488                system_upgrade_userbin_check
                0x00000000402434c8                system_upgrade_flag_set
                0x00000000402434dc                system_upgrade_flag_check
                0x0000000040243500                system_upgrade_reboot
                0x0000000040243604                system_deep_sleep
                0x0000000040243664                system_deep_sleep_set_option
                0x0000000040243680                system_phy_set_max_tpw
                0x0000000040243694                system_phy_set_tpw_via_vdd33
                0x00000000402436a8                system_phy_set_rfoption
                0x00000000402436c0                system_update_cpu_freq
                0x000000004024371c                system_get_cpu_freq
                0x0000000040243734                system_overclock
                0x0000000040243760                system_restoreclock
                0x0000000040243794                system_timer_reinit
                0x00000000402437b0                system_relative_time
                0x00000000402437d4                system_station_got_ip_set
                0x00000000402438e0                system_print_meminfo
                0x0000000040243940                system_get_free_heap_size
                0x000000004024395c                system_get_chip_id
                0x0000000040243980                system_rtc_clock_cali_proc
                0x0000000040243994                system_get_rtc_time
                0x00000000402439a8                system_mktime
                0x0000000040243a78                system_init_done_cb
                0x0000000040243a84                system_get_rst_info
                0x0000000040243a8c                wifi_softap_dhcps_start
                0x0000000040243ad4                wifi_softap_dhcps_stop
                0x0000000040243b18                wifi_softap_dhcps_status
                0x0000000040243b20                wifi_station_dhcpc_start
                0x0000000040243b74                wifi_station_dhcpc_stop
                0x0000000040243bb8                wifi_station_dhcpc_status
                0x0000000040243bf8                wifi_get_opmode
                0x0000000040243c0c                wifi_get_opmode_default
                0x0000000040243c88                wifi_get_broadcast_if
                0x0000000040243cc4                wifi_set_broadcast_if
                0x0000000040243db4                wifi_set_opmode
                0x0000000040243dc8                wifi_set_opmode_current
                0x0000000040243ddc                system_get_checksum
                0x0000000040243e90                wifi_param_save_protect
                0x000000004024402c                wifi_station_get_config
                0x0000000040244040                wifi_station_get_config_default
                0x0000000040244060                wifi_station_get_ap_info
                0x000000004024411c                wifi_station_ap_number_set
                0x0000000040244394                wifi_station_set_config
                0x00000000402443a8                wifi_station_set_config_current
                0x00000000402443bc                wifi_station_get_current_ap_id
                0x00000000402443d0                wifi_station_ap_check
                0x0000000040244408                wifi_station_ap_change
                0x00000000402444fc                wifi_station_scan
                0x0000000040244548                wifi_station_get_auto_connect
                0x000000004024455c                wifi_station_set_auto_connect
                0x0000000040244598                wifi_station_connect
                0x000000004024462c                wifi_station_disconnect
                0x00000000402446cc                wifi_station_get_connect_status
                0x00000000402446fc                wifi_station_set_reconnect_policy
                0x0000000040244714                wifi_station_get_reconnect_policy
                0x000000004024471c                wifi_station_get_rssi
                0x0000000040244760                wifi_softap_cacl_mac
                0x00000000402447d0                wifi_softap_set_default_ssid
                0x0000000040244954                wifi_softap_get_config
                0x0000000040244968                wifi_softap_get_config_default
                0x0000000040244bc0                wifi_softap_set_config
                0x0000000040244bd4                wifi_softap_set_config_current
                0x0000000040244be8                wifi_softap_set_station_info
                0x0000000040244c58                wifi_softap_get_station_info
                0x0000000040244cf4                wifi_softap_free_station_info
                0x0000000040244d28                wifi_softap_get_station_num
                0x0000000040244d7c                wifi_softap_deauth
                0x0000000040244e38                wifi_get_phy_mode
                0x0000000040244e44                wifi_set_phy_mode
                0x0000000040244eec                wifi_set_sleep_type
                0x0000000040244f0c                wifi_get_sleep_type
                0x0000000040244f24                wifi_get_channel
                0x0000000040244f3c                wifi_set_channel
                0x0000000040244f6c                wifi_promiscuous_set_mac
                0x0000000040244fd0                wifi_promiscuous_enable
                0x00000000402450b4                wifi_set_promiscuous_rx_cb
                0x00000000402450d8                wifi_get_ip_info
                0x00000000402451b0                wifi_set_ip_info
                0x0000000040245264                wifi_get_macaddr
                0x00000000402452c4                wifi_set_macaddr
                0x0000000040245380                wifi_status_led_install
                0x00000000402453c0                wifi_status_led_uninstall
                0x00000000402453e4                wifi_set_status_led_output_level
                0x00000000402453f8                wifi_set_event_handler_cb
                0x000000004024540c                system_os_task
                0x0000000040245450                system_uart_swap
                0x00000000402454c8                system_uart_de_swap
                0x00000000402454f8                system_get_sdk_version
 *fill*         0x00000000402454fd        0x3 
 .irom0.text    0x0000000040245500      0x601 /home/cnlohr/esp8266/esp_iot_sdk_v1.1.0/lib/libmain.a(app_main.o)
                                        0x79d (size before relaxing)
                0x00000000402456bc                wdt_init
                0x0000000040245748                user_uart_wait_tx_fifo_empty
 *fill*         0x0000000040245b01        0x3 
 .irom0.text    0x0000000040245b04      0x2d2 /home/cnlohr/esp8266/esp_iot_sdk_v1.1.0/lib/libmain.a(eagle_lwip_if.o)
                                        0x36e (size before relaxing)
                0x0000000040245bc0                eagle_lwip_if_alloc
                0x0000000040245d58                eagle_lwip_if_free
                0x0000000040245db4                eagle_lwip_getif
 *fill*         0x0000000040245dd6        0x2 
 .irom0.text    0x0000000040245dd8      0x34b /home/cnlohr/esp8266/esp_iot_sdk_v1.1.0/lib/libnet80211.a(ieee80211.o)
                                        0x3e7 (size before relaxing)
                0x0000000040245e70                ieee80211_ifattach
                0x0000000040245ec0                ieee80211_mhz2ieee
                0x0000000040245f18                ieee80211_chan2ieee
                0x0000000040245f3c                ieee80211_ieee2mhz
                0x0000000040245f74                ieee80211_find_channel
                0x0000000040245f9c                ieee80211_find_channel_byieee
                0x0000000040245fe8                wifi_mode_set
 *fill*         0x0000000040246123        0x1 
 .irom0.text    0x0000000040246124       0xc7 /home/cnlohr/esp8266/esp_iot_sdk_v1.1.0/lib/libnet80211.a(ieee80211_crypto.o)
                                         0xcf (size before relaxing)
                0x0000000040246124                ieee80211_crypto_attach
                0x0000000040246128                ieee80211_crypto_available
                0x000000004024612c                ieee80211_crypto_setkey
                0x0000000040246130                ieee80211_crypto_encap
                0x0000000040246180                ieee80211_crypto_decap
 *fill*         0x00000000402461eb        0x1 
 .irom0.text    0x00000000402461ec      0xf92 /home/cnlohr/esp8266/esp_iot_sdk_v1.1.0/lib/libnet80211.a(ieee80211_hostap.o)
                                       0x1256 (size before relaxing)
                0x0000000040246540                ieee80211_hostap_attach
                0x0000000040246608                hostap_handle_timer
                0x00000000402466a0                hostap_input
                0x0000000040246f84                wifi_softap_start
                0x0000000040247078                wifi_softap_stop
 *fill*         0x000000004024717e        0x2 
 .irom0.text    0x0000000040247180      0xa94 /home/cnlohr/esp8266/esp_iot_sdk_v1.1.0/lib/libnet80211.a(ieee80211_ht.o)
                                        0xb44 (size before relaxing)
                0x0000000040247190                ieee80211_ht_attach
                0x00000000402471e0                ieee80211_ht_node_init
                0x0000000040247220                ieee80211_ht_node_cleanup
                0x0000000040247258                ieee80211_parse_htcap
                0x000000004024733c                ieee80211_ht_updateparams
                0x0000000040247454                ieee80211_setup_htrates
                0x0000000040247528                ieee80211_setup_basic_htrates
                0x000000004024788c                ieee80211_add_htcap
                0x00000000402478a8                ieee80211_add_htcap_vendor
                0x00000000402479cc                ieee80211_add_htinfo
                0x00000000402479e8                ieee80211_add_htinfo_vendor
 .irom0.text    0x0000000040247c14      0x8e0 /home/cnlohr/esp8266/esp_iot_sdk_v1.1.0/lib/libnet80211.a(ieee80211_input.o)
                                        0x950 (size before relaxing)
                0x0000000040247c14                ieee80211_deliver_data
                0x0000000040247c6c                ieee80211_decap
                0x0000000040247d74                ieee80211_setup_rates
                0x0000000040247de0                ieee80211_alloc_challenge
                0x0000000040247e14                ieee80211_parse_beacon
                0x0000000040248284                ieee80211_parse_wpa
                0x000000004024839c                ieee80211_parse_rsn
                0x0000000040248498                ieee80211_parse_action
                0x00000000402484f0                ieee80211_setup_rateset
 .irom0.text    0x00000000402484f4     0x1743 /home/cnlohr/esp8266/esp_iot_sdk_v1.1.0/lib/libnet80211.a(ieee80211_output.o)
                                       0x1983 (size before relaxing)
                0x0000000040248500                ieee80211_output_pbuf
                0x000000004024877c                ieee80211_send_setup
                0x00000000402488b0                ieee80211_mgmt_output
                0x00000000402489a4                ieee80211_tx_mgt_cb
                0x00000000402489a8                ieee80211_send_nulldata
                0x0000000040248e00                ieee80211_add_rates
                0x0000000040248e38                ieee80211_add_xrates
                0x0000000040248ed4                ieee80211_send_probereq
                0x0000000040249080                ieee80211_getcapinfo
                0x00000000402490dc                ieee80211_send_mgmt
                0x0000000040249644                ieee80211_alloc_proberesp
                0x00000000402497e4                ieee80211_send_proberesp
                0x0000000040249aec                ieee80211_beacon_alloc
 *fill*         0x0000000040249c37        0x1 
 .irom0.text    0x0000000040249c38      0x147 /home/cnlohr/esp8266/esp_iot_sdk_v1.1.0/lib/libnet80211.a(ieee80211_phy.o)
                                        0x16f (size before relaxing)
                0x0000000040249c3c                ieee80211_get_11g_ratetable
                0x0000000040249c48                ieee80211_get_ratetable
                0x0000000040249c60                ieee80211_phy_init
                0x0000000040249c94                ieee80211_phy_type_get
                0x0000000040249ca4                ieee80211_setup_ratetable
                0x0000000040249cd8                ieee80211_compute_duration
                0x0000000040249d58                ieee80211_dot11Rate_rix
 *fill*         0x0000000040249d7f        0x1 
 .irom0.text    0x0000000040249d80      0x1c2 /home/cnlohr/esp8266/esp_iot_sdk_v1.1.0/lib/libnet80211.a(ieee80211_power.o)
                                        0x1f2 (size before relaxing)
                0x0000000040249d80                ieee80211_psq_init
                0x0000000040249da0                ieee80211_psq_cleanup
                0x0000000040249da8                ieee80211_set_tim
                0x0000000040249de8                ieee80211_pwrsave
                0x0000000040249e54                pwrsave_flushq
                0x0000000040249f0c                ieee80211_node_pwrsave
 *fill*         0x0000000040249f42        0x2 
 .irom0.text    0x0000000040249f44      0x15b /home/cnlohr/esp8266/esp_iot_sdk_v1.1.0/lib/libnet80211.a(ieee80211_proto.o)
                                        0x177 (size before relaxing)
                0x0000000040249f48                ieee80211_proto_attach
                0x0000000040249f70                ieee80211_set_shortslottime
                0x0000000040249f8c                ieee80211_iserp_rateset
                0x000000004024a020                ieee80211_setbasicrates
                0x000000004024a034                ieee80211_addbasicrates
                0x000000004024a048                ieee80211_wme_initparams
                0x000000004024a04c                ieee80211_wme_updateparams
                0x000000004024a050                ieee80211_mlme_connect_bss
 *fill*         0x000000004024a09f        0x1 
 .irom0.text    0x000000004024a0a0      0xd22 /home/cnlohr/esp8266/esp_iot_sdk_v1.1.0/lib/libnet80211.a(ieee80211_scan.o)
                                        0xfe6 (size before relaxing)
                0x000000004024a0b0                ieee80211_scan_attach
                0x000000004024a134                scan_start
                0x000000004024a3b0                scan_cancel
                0x000000004024a4fc                scan_add_bssid
                0x000000004024a520                scan_remove_bssid
                0x000000004024a52c                scan_hidden_ssid
                0x000000004024a534                scan_add_probe_ssid
                0x000000004024a574                scan_remove_probe_ssid
                0x000000004024a6ac                scan_clear_channles
                0x000000004024a720                scan_set_desChan
                0x000000004024a72c                scan_get_type
                0x000000004024a734                cannel_scan_connect_state
                0x000000004024a754                scan_connect_state
                0x000000004024a79c                scan_check_hidden
                0x000000004024a7c8                scan_profile_check
                0x000000004024aaec                scan_parse_beacon
 *fill*         0x000000004024adc2        0x2 
 .irom0.text    0x000000004024adc4      0xc47 /home/cnlohr/esp8266/esp_iot_sdk_v1.1.0/lib/libnet80211.a(ieee80211_sta.o)
                                        0xe1e (size before relaxing)
                0x000000004024adf0                sta_status_set
                0x000000004024ae38                ieee80211_sta_new_state
                0x000000004024b100                sta_input
                0x000000004024b474                ieee80211_parse_wmeparams
                0x000000004024b960                wifi_station_start
                0x000000004024b9d4                wifi_station_stop
 *fill*         0x000000004024ba0b        0x1 
 .irom0.text    0x000000004024ba0c      0x1ee /home/cnlohr/esp8266/esp_iot_sdk_v1.1.0/lib/libnet80211.a(wl_chm.o)
                                        0x256 (size before relaxing)
                0x000000004024ba18                chm_init
                0x000000004024ba80                chm_start_op
                0x000000004024bb28                chm_end_op
                0x000000004024bb74                chm_set_current_channel
                0x000000004024bba4                chm_freq2index
                0x000000004024bbcc                chm_check_same_channel
 *fill*         0x000000004024bbfa        0x2 
 .irom0.text    0x000000004024bbfc     0x14d3 /home/cnlohr/esp8266/esp_iot_sdk_v1.1.0/lib/libnet80211.a(wl_cnx.o)
                                       0x1917 (size before relaxing)
                0x000000004024bc08                cnx_attach
                0x000000004024bc48                cnx_sta_connect_led_timer_cb
                0x000000004024bc9c                cnx_sta_connect_cmd
                0x000000004024bd58                cnx_sta_scan_cmd
                0x000000004024bfb4                cnx_connect_timeout
                0x000000004024c01c                cnx_start_handoff_cb
                0x000000004024c470                cnx_bss_alloc
                0x000000004024c520                cnx_rc_search
                0x000000004024c5e8                cnx_add_rc
                0x000000004024c6e4                cnx_remove_rc
                0x000000004024c848                cnx_rc_update_rssi
                0x000000004024c8d0                cnx_rc_update_state_metric
                0x000000004024c93c                cnx_rc_update_age
                0x000000004024c960                cnx_update_bss
                0x000000004024c998                cnx_update_bss_more
                0x000000004024cb48                cnx_sta_leave
                0x000000004024cc8c                cnx_sta_associated
                0x000000004024ccf4                cnx_node_alloc
                0x000000004024cd54                cnx_node_remove
                0x000000004024cdcc                cnx_node_search
                0x000000004024ce34                cnx_node_leave
                0x000000004024cf1c                cnx_node_join
 *fill*         0x000000004024d0cf        0x1 
 .irom0.text    0x000000004024d0d0      0x161 /home/cnlohr/esp8266/esp_iot_sdk_v1.1.0/lib/libnet80211.a(ieee80211_action.o)
                                        0x181 (size before relaxing)
                0x000000004024d0e0                ieee80211_send_action_register
                0x000000004024d114                ieee80211_send_action_unregister
                0x000000004024d128                ieee80211_send_action
                0x000000004024d18c                ieee80211_recv_action_register
                0x000000004024d1c0                ieee80211_recv_action_unregister
                0x000000004024d1d4                ieee80211_recv_action
 *fill*         0x000000004024d231        0x3 
 .irom0.text    0x000000004024d234       0x4c /home/cnlohr/esp8266/esp_iot_sdk_v1.1.0/lib/libnet80211.a(ieee80211_ets.o)
                                         0x50 (size before relaxing)
                0x000000004024d238                ieee80211_getmgtframe
 .irom0.text    0x000000004024d280     0x121a /home/cnlohr/esp8266/esp_iot_sdk_v1.1.0/lib/liblwip.a(dhcp.o)
                                       0x14a6 (size before relaxing)
                0x000000004024d490                dhcp_coarse_tmr
                0x000000004024d4d8                dhcp_fine_tmr
                0x000000004024d700                dhcp_set_struct
                0x000000004024d724                dhcp_cleanup
                0x000000004024d748                dhcp_start
                0x000000004024d7f8                dhcp_inform
                0x000000004024d8a0                dhcp_network_changed
                0x000000004024d8e8                dhcp_arp_reply
                0x000000004024db7c                dhcp_renew
                0x000000004024dd7c                dhcp_release
                0x000000004024de3c                dhcp_stop
 *fill*         0x000000004024e49a        0x2 
 .irom0.text    0x000000004024e49c      0xa17 /home/cnlohr/esp8266/esp_iot_sdk_v1.1.0/lib/liblwip.a(dhcpserver.o)
                                        0xb8f (size before relaxing)
                0x000000004024e49c                node_insert_to_list
                0x000000004024e4b8                node_remove_from_list
                0x000000004024ec00                dhcps_start
                0x000000004024ec80                dhcps_stop
                0x000000004024ece8                wifi_softap_set_dhcps_lease
                0x000000004024ee04                dhcps_coarse_tmr
                0x000000004024ee70                wifi_softap_set_dhcps_offer_option
 *fill*         0x000000004024eeb3        0x1 
 .irom0.text    0x000000004024eeb4      0x59f /home/cnlohr/esp8266/esp_iot_sdk_v1.1.0/lib/liblwip.a(dns.o)
                                        0x64f (size before relaxing)
                0x000000004024eec0                dns_init
                0x000000004024ef14                dns_setserver
                0x000000004024ef40                dns_getserver
                0x000000004024f3fc                dns_gethostbyname
 *fill*         0x000000004024f453        0x1 
 .irom0.text    0x000000004024f454      0x8d2 /home/cnlohr/esp8266/esp_iot_sdk_v1.1.0/lib/liblwip.a(espconn.o)
                                        0x9ae (size before relaxing)
                0x000000004024f454                espconn_copy_partial
                0x000000004024f4e4                espconn_list_creat
                0x000000004024f504                espconn_list_delete
                0x000000004024f52c                espconn_pbuf_create
                0x000000004024f548                espconn_pbuf_delete
                0x000000004024f570                espconn_find_connection
                0x000000004024f610                espconn_connect
                0x000000004024f6f4                espconn_create
                0x000000004024f73c                espconn_sent
                0x000000004024f7dc                espconn_tcp_get_wnd
                0x000000004024f800                espconn_tcp_set_wnd
                0x000000004024f81c                espconn_tcp_get_max_con
                0x000000004024f82c                espconn_tcp_set_max_con
                0x000000004024f844                espconn_tcp_get_max_con_allow
                0x000000004024f86c                espconn_tcp_set_max_con_allow
                0x000000004024f8a0                espconn_regist_sentcb
                0x000000004024f8ac                espconn_regist_write_finish
                0x000000004024f8c4                espconn_regist_connectcb
                0x000000004024f8d4                espconn_regist_recvcb
                0x000000004024f8e0                espconn_regist_reconcb
                0x000000004024f8f0                espconn_regist_disconcb
                0x000000004024f904                espconn_get_connection_info
                0x000000004024f9d0                espconn_accept
                0x000000004024fa18                espconn_regist_time
                0x000000004024fa5c                espconn_disconnect
                0x000000004024fa94                espconn_get_packet_info
                0x000000004024fb24                espconn_set_opt
                0x000000004024fb7c                espconn_clear_opt
                0x000000004024fbdc                espconn_set_keepalive
                0x000000004024fc48                espconn_get_keepalive
                0x000000004024fcb8                espconn_delete
                0x000000004024fcf8                espconn_gethostbyname
                0x000000004024fd14                espconn_dns_setserver
 *fill*         0x000000004024fd26        0x2 
 .irom0.text    0x000000004024fd28      0xe64 /home/cnlohr/esp8266/esp_iot_sdk_v1.1.0/lib/liblwip.a(espconn_tcp.o)
                                       0x1104 (size before relaxing)
                0x000000004024fdb8                espconn_kill_oldest_pcb
                0x000000004024fe24                espconn_kill_pcb
                0x000000004024fe9c                espconn_find_current_pcb
                0x0000000040250164                espconn_tcp_sent
                0x000000004025021c                espconn_tcp_disconnect
                0x000000004025029c                espconn_recv_hold
                0x00000000402502e0                espconn_recv_unhold
                0x00000000402503dc                espconn_tcp_write
                0x0000000040250600                espconn_tcp_client
                0x0000000040250a40                espconn_tcp_server
                0x0000000040250ae8                espconn_tcp_delete
                0x0000000040250b70                espconn_init
 .irom0.text    0x0000000040250b8c      0x46e /home/cnlohr/esp8266/esp_iot_sdk_v1.1.0/lib/liblwip.a(espconn_udp.o)
                                        0x56e (size before relaxing)
                0x0000000040250bdc                espconn_udp_sent
                0x0000000040250e44                espconn_udp_disconnect
                0x0000000040250e7c                espconn_udp_server
                0x0000000040250ee0                espconn_igmp_leave
                0x0000000040250f00                espconn_igmp_join
                0x0000000040250f24                espconn_mdns_enable
                0x0000000040250f3c                espconn_mdns_disable
                0x0000000040250f54                espconn_mdns_set_hostname
                0x0000000040250f6c                espconn_mdns_get_hostname
                0x0000000040250f80                espconn_mdns_set_servername
                0x0000000040250f94                espconn_mdns_get_servername
                0x0000000040250fa8                espconn_mdns_server_register
                0x0000000040250fbc                espconn_mdns_server_unregister
                0x0000000040250fd4                espconn_mdns_close
                0x0000000040250fe8                espconn_mdns_init
 *fill*         0x0000000040250ffa        0x2 
 .irom0.text    0x0000000040250ffc      0x8bf /home/cnlohr/esp8266/esp_iot_sdk_v1.1.0/lib/liblwip.a(etharp.o)
                                        0x9a7 (size before relaxing)
                0x0000000040251030                etharp_tmr
                0x0000000040251250                etharp_cleanup_netif
                0x000000004025128c                etharp_find_addr
                0x00000000402514e4                etharp_output
                0x00000000402515fc                etharp_query
                0x0000000040251820                etharp_request
                0x0000000040251844                ethernet_input
 *fill*         0x00000000402518bb        0x1 
 .irom0.text    0x00000000402518bc      0x5e9 /home/cnlohr/esp8266/esp_iot_sdk_v1.1.0/lib/liblwip.a(igmp.o)
                                        0x690 (size before relaxing)
                0x00000000402518c8                igmp_init
                0x00000000402518d8                igmp_start
                0x0000000040251914                igmp_stop
                0x0000000040251974                igmp_report_groups
                0x00000000402519a4                igmp_lookfor_group
                0x0000000040251a5c                igmp_input
                0x0000000040251bb4                igmp_joingroup
                0x0000000040251c60                igmp_leavegroup
                0x0000000040251d08                igmp_tmr
 *fill*         0x0000000040251ea5        0x3 
 .irom0.text    0x0000000040251ea8       0x30 /home/cnlohr/esp8266/esp_iot_sdk_v1.1.0/lib/liblwip.a(init.o)
                                         0x50 (size before relaxing)
                0x0000000040251eac                lwip_init
 .irom0.text    0x0000000040251ed8      0x390 /home/cnlohr/esp8266/esp_iot_sdk_v1.1.0/lib/liblwip.a(ip_addr.o)
                                        0x3b8 (size before relaxing)
                0x0000000040251ed8                ip4_addr_isbroadcast
                0x0000000040251f04                ip4_addr_netmask_valid
                0x0000000040251f48                ipaddr_addr
                0x0000000040251f64                ipaddr_aton
                0x0000000040252190                ipaddr_ntoa
                0x00000000402521a4                ipaddr_ntoa_r
 .irom0.text    0x0000000040252268      0x595 /home/cnlohr/esp8266/esp_iot_sdk_v1.1.0/lib/liblwip.a(ip.o)
                                        0x641 (size before relaxing)
                0x0000000040252268                ip_route
                0x00000000402522e4                ip_router
                0x0000000040252360                ip_input
                0x00000000402525c4                ip_output_if
                0x00000000402525e0                ip_output_if_opt
                0x00000000402527c4                ip_output
 *fill*         0x00000000402527fd        0x3 
 .irom0.text    0x0000000040252800      0xb71 /home/cnlohr/esp8266/esp_iot_sdk_v1.1.0/lib/liblwip.a(mdns.o)
                                        0xd79 (size before relaxing)
                0x0000000040253168                mdns_set_servername
                0x0000000040253198                mdns_get_servername
                0x00000000402531b0                mdns_server_unregister
                0x00000000402531e8                mdns_server_register
                0x0000000040253238                mdns_reg
                0x0000000040253290                mdns_init
 *fill*         0x0000000040253371        0x3 
 .irom0.text    0x0000000040253374      0x27d /home/cnlohr/esp8266/esp_iot_sdk_v1.1.0/lib/liblwip.a(netif.o)
                                        0x2c9 (size before relaxing)
                0x0000000040253374                netif_init
                0x000000004025337c                netif_add
                0x00000000402533e4                netif_set_addr
                0x000000004025340c                netif_remove
                0x0000000040253468                netif_find
                0x00000000402534a4                netif_set_ipaddr
                0x000000004025350c                netif_set_gw
                0x000000004025351c                netif_set_netmask
                0x000000004025352c                netif_set_default
                0x0000000040253534                netif_set_up
                0x0000000040253570                netif_set_down
                0x0000000040253594                netif_set_link_up
                0x00000000402535e0                netif_set_link_down
 *fill*         0x00000000402535f1        0x3 
 .irom0.text    0x00000000402535f4      0x622 /home/cnlohr/esp8266/esp_iot_sdk_v1.1.0/lib/liblwip.a(pbuf.o)
                                        0x66a (size before relaxing)
                0x00000000402535f4                pbuf_alloc
                0x0000000040253744                pbuf_realloc
                0x000000004025378c                pbuf_header
                0x00000000402537f8                pbuf_free
                0x0000000040253870                pbuf_clen
                0x0000000040253888                pbuf_ref
                0x0000000040253894                pbuf_cat
                0x00000000402538c0                pbuf_chain
                0x00000000402538dc                pbuf_dechain
                0x0000000040253918                pbuf_copy
                0x00000000402539bc                pbuf_copy_partial
                0x0000000040253a44                pbuf_take
                0x0000000040253aa8                pbuf_coalesce
                0x0000000040253adc                pbuf_get_at
                0x0000000040253b04                pbuf_memcmp
                0x0000000040253b78                pbuf_memfind
                0x0000000040253bcc                pbuf_strstr
 *fill*         0x0000000040253c16        0x2 
 .irom0.text    0x0000000040253c18      0x1df /home/cnlohr/esp8266/esp_iot_sdk_v1.1.0/lib/liblwip.a(raw.o)
                                        0x233 (size before relaxing)
                0x0000000040253c20                raw_input
                0x0000000040253ca8                raw_bind
                0x0000000040253cb8                raw_connect
                0x0000000040253cc8                raw_recv
                0x0000000040253cd0                raw_sendto
                0x0000000040253d6c                raw_send
                0x0000000040253d80                raw_remove
                0x0000000040253db4                raw_new
 *fill*         0x0000000040253df7        0x1 
 .irom0.text    0x0000000040253df8     0x10a9 /home/cnlohr/esp8266/esp_iot_sdk_v1.1.0/lib/liblwip.a(tcp_in.o)
                                       0x12ad (size before relaxing)
                0x0000000040253dfc                tcp_input
 *fill*         0x0000000040254ea1        0x3 